Archive member included to satisfy reference by file (symbol)

C:/Program Files/SEGGER/SEGGER Embedded Studio for ARM 4.22/lib/libc_v7em_fpv4_sp_d16_hard_t_le_eabi.a(libc_asm.o)
                              Output/serial_pca10040 Release/Obj/nrf_serial.o (__aeabi_uldivmod)
C:/Program Files/SEGGER/SEGGER Embedded Studio for ARM 4.22/lib/libc_v7em_fpv4_sp_d16_hard_t_le_eabi.a(libc2_asm.o)
                              Output/serial_pca10040 Release/Obj/app_scheduler.o (memcpy)
C:/Program Files/SEGGER/SEGGER Embedded Studio for ARM 4.22/lib/libdebugio_v7em_fpv4_sp_d16_hard_t_le_eabi.a(libdebugio.o)
                              Output/serial_pca10040 Release/Obj/thumb_crt0.o (debug_fopen)
C:/Program Files/SEGGER/SEGGER Embedded Studio for ARM 4.22/lib/libdebugio_mempoll_v7em_fpv4_sp_d16_hard_t_le_eabi.a(mempoll_debug_operations.o)
                              C:/Program Files/SEGGER/SEGGER Embedded Studio for ARM 4.22/lib/libdebugio_v7em_fpv4_sp_d16_hard_t_le_eabi.a(libdebugio.o) (__do_debug_operation)
C:/Program Files/SEGGER/SEGGER Embedded Studio for ARM 4.22/lib/libdebugio_mempoll_v7em_fpv4_sp_d16_hard_t_le_eabi.a(do_nv_debug_operation.o)
                              C:/Program Files/SEGGER/SEGGER Embedded Studio for ARM 4.22/lib/libdebugio_v7em_fpv4_sp_d16_hard_t_le_eabi.a(libdebugio.o) (__do_nvdebug_operation)
C:/Program Files/SEGGER/SEGGER Embedded Studio for ARM 4.22/lib/libm_v7em_fpv4_sp_d16_hard_t_le_eabi.a(libm_asm.o)
                              C:/Program Files/SEGGER/SEGGER Embedded Studio for ARM 4.22/lib/libvfscanf_v7em_fpv4_sp_d16_hard_t_le_eabi.o (__aeabi_i2d)
C:/Program Files/SEGGER/SEGGER Embedded Studio for ARM 4.22/lib/libm_v7em_fpv4_sp_d16_hard_t_le_eabi.a(libm2.o)
                              C:/Program Files/SEGGER/SEGGER Embedded Studio for ARM 4.22/lib/libvfprintf_v7em_fpv4_sp_d16_hard_t_le_eabi.o (frexp)
C:/Program Files/SEGGER/SEGGER Embedded Studio for ARM 4.22/lib/libm_v7em_fpv4_sp_d16_hard_t_le_eabi.a(libm2_asm.o)
                              C:/Program Files/SEGGER/SEGGER Embedded Studio for ARM 4.22/lib/libm_v7em_fpv4_sp_d16_hard_t_le_eabi.a(libm2.o) (fabs)
C:/Program Files/SEGGER/SEGGER Embedded Studio for ARM 4.22/lib/libc_v7em_fpv4_sp_d16_hard_t_le_eabi.a(libc2.o)
                              C:/Program Files/SEGGER/SEGGER Embedded Studio for ARM 4.22/lib/libvfscanf_v7em_fpv4_sp_d16_hard_t_le_eabi.o (__getc)
C:/Program Files/SEGGER/SEGGER Embedded Studio for ARM 4.22/lib/libc_v7em_fpv4_sp_d16_hard_t_le_eabi.a(libc.o)
                              C:/Program Files/SEGGER/SEGGER Embedded Studio for ARM 4.22/lib/libc_v7em_fpv4_sp_d16_hard_t_le_eabi.a(libc2.o) (__heap_lock)

Discarded input sections

 .text          0x0000000000000000        0x0 Output/serial_pca10040 Release/Obj/thumb_crt0.o
 .data          0x0000000000000000        0x0 Output/serial_pca10040 Release/Obj/thumb_crt0.o
 .bss           0x0000000000000000        0x0 Output/serial_pca10040 Release/Obj/thumb_crt0.o
 .text.__aeabi_read_tp
                0x0000000000000000        0x8 Output/serial_pca10040 Release/Obj/thumb_crt0.o
 .text.abort    0x0000000000000000        0x2 Output/serial_pca10040 Release/Obj/thumb_crt0.o
 .text.__assert
                0x0000000000000000        0x2 Output/serial_pca10040 Release/Obj/thumb_crt0.o
 .text.__aeabi_assert
                0x0000000000000000        0x2 Output/serial_pca10040 Release/Obj/thumb_crt0.o
 .text.__sync_synchronize
                0x0000000000000000        0x2 Output/serial_pca10040 Release/Obj/thumb_crt0.o
 .text.__getchar
                0x0000000000000000        0x4 Output/serial_pca10040 Release/Obj/thumb_crt0.o
 .text.__putchar
                0x0000000000000000        0x4 Output/serial_pca10040 Release/Obj/thumb_crt0.o
 .text.__open   0x0000000000000000        0x4 Output/serial_pca10040 Release/Obj/thumb_crt0.o
 .text.__close  0x0000000000000000        0x4 Output/serial_pca10040 Release/Obj/thumb_crt0.o
 .text.__write  0x0000000000000000        0xa Output/serial_pca10040 Release/Obj/thumb_crt0.o
 .text.__read   0x0000000000000000        0xa Output/serial_pca10040 Release/Obj/thumb_crt0.o
 .text.__seek   0x0000000000000000       0x1a Output/serial_pca10040 Release/Obj/thumb_crt0.o
 .bss.__user_locale_name_buffer
                0x0000000000000000        0x4 Output/serial_pca10040 Release/Obj/thumb_crt0.o
 .stack         0x0000000000000000        0x0 Output/serial_pca10040 Release/Obj/thumb_crt0.o
 .stack_process
                0x0000000000000000        0x0 Output/serial_pca10040 Release/Obj/thumb_crt0.o
 .heap          0x0000000000000000        0x0 Output/serial_pca10040 Release/Obj/thumb_crt0.o
 .group         0x0000000000000000        0xc Output/serial_pca10040 Release/Obj/nrf_log_frontend.o
 .group         0x0000000000000000        0xc Output/serial_pca10040 Release/Obj/nrf_log_frontend.o
 .group         0x0000000000000000        0xc Output/serial_pca10040 Release/Obj/nrf_log_frontend.o
[...]
Memory Configuration

Name             Origin             Length             Attributes
UNPLACED_SECTIONS 0x0000000100000000 0x0000000000000000 xw
RAM              0x0000000020000000 0x0000000000010000 xw
FLASH            0x0000000000000000 0x0000000000080000 xw
*default*        0x0000000000000000 0xffffffffffffffff

Linker script and memory map

                0x0000000000000000                __vfprintf = __vfprintf_long
                0x0000000000000000                __vfscanf = __vfscanf_long
                0x0000000020000000                __RAM_segment_start__ = 0x20000000
                0x0000000020010000                __RAM_segment_end__ = 0x20010000
                0x0000000000010000                __RAM_segment_size__ = 0x10000
                0x0000000000000000                __FLASH_segment_start__ = 0x0
                0x0000000000080000                __FLASH_segment_end__ = 0x80000
                0x0000000000080000                __FLASH_segment_size__ = 0x80000
                0x0000000000002000                __HEAPSIZE__ = 0x2000
                0x0000000000000000                __STACKSIZE_PROCESS__ = 0x0
                0x0000000000002000                __STACKSIZE__ = 0x2000
                0x0000000020000000                __vectors_ram_load_start__ = 0x20000000

.vectors_ram    0x0000000020000000        0x0
                0x0000000020000000                __vectors_ram_start__ = .
                0x0000000020000000                __app_ram_start__ = __vectors_ram_start__
 *(.vectors_ram .vectors_ram.*)
                0x0000000020000000                __vectors_ram_end__ = (__vectors_ram_start__ + SIZEOF (.vectors_ram))
                0x0000000000000000                __vectors_ram_size__ = SIZEOF (.vectors_ram)
                0x0000000020000000                __vectors_ram_load_end__ = __vectors_ram_end__
                0x0000000000000001                . = ASSERT (((__vectors_ram_start__ == __vectors_ram_end__) || ((__vectors_ram_end__ - __RAM_segment_start__) <= __RAM_segment_size__)), error: .vectors_ram is too large to fit in RAM memory segment)
                0x0000000020000000                __nrf_sections_run_load_start__ = ALIGN (__vectors_ram_end__, 0x4)

.nrf_sections_run
                0x0000000020000000        0x0
                0x0000000020000000                __nrf_sections_run_start__ = .
                0x0000000020000000                __start_nrf_sections_run = __nrf_sections_run_start__
 *(.nrf_sections_run .nrf_sections_run.*)
                0x0000000020000000                __nrf_sections_run_end__ = (__nrf_sections_run_start__ + SIZEOF (.nrf_sections_run))
                0x0000000000000000                __nrf_sections_run_size__ = SIZEOF (.nrf_sections_run)
                0x0000000020000000                __nrf_sections_run_load_end__ = __nrf_sections_run_end__
                0x0000000000000001                . = ASSERT (((__nrf_sections_run_start__ == __nrf_sections_run_end__) || ((__nrf_sections_run_end__ - __RAM_segment_start__) <= __RAM_segment_size__)), error: .nrf_sections_run is too large to fit in RAM memory segment)
                0x0000000000000000                __vectors_load_start__ = 0x0

.vectors        0x0000000000000000      0x200
                0x0000000000000000                __vectors_start__ = .
 *(.vectors .vectors.*)
 .vectors       0x0000000000000000      0x200 Output/serial_pca10040 Release/Obj/ses_startup_nrf52.o
                0x0000000000000000                _vectors
                0x0000000000000200                __vectors_end__ = (__vectors_start__ + SIZEOF (.vectors))
                0x0000000000000200                __vectors_size__ = SIZEOF (.vectors)
                0x0000000000000200                __vectors_load_end__ = __vectors_end__
                0x0000000000000001                . = ASSERT (((__vectors_start__ == __vectors_end__) || ((__vectors_end__ - __FLASH_segment_start__) <= __FLASH_segment_size__)), error: .vectors is too large to fit in FLASH memory segment)
                0x0000000000000200                __init_load_start__ = ALIGN (__vectors_end__, 0x4)

.init           0x0000000000000200      0x1d4
                0x0000000000000200                __init_start__ = .
 *(.init .init.*)
 .init          0x0000000000000200      0x15c Output/serial_pca10040 Release/Obj/thumb_crt0.o
                0x0000000000000200                _start
                0x00000000000002b4                exit
 .init          0x000000000000035c       0x18 Output/serial_pca10040 Release/Obj/ses_startup_nrf52.o
                0x000000000000035c                NMI_Handler
                0x0000000000000360                MemoryManagement_Handler
                0x0000000000000362                BusFault_Handler
                0x0000000000000364                UsageFault_Handler
                0x0000000000000366                SVC_Handler
                0x0000000000000368                DebugMon_Handler
                0x000000000000036a                PendSV_Handler
                0x000000000000036c                SysTick_Handler
                0x000000000000036e                SWI2_EGU2_IRQHandler
                0x000000000000036e                RADIO_IRQHandler
                0x000000000000036e                PDM_IRQHandler
                0x000000000000036e                PWM1_IRQHandler
                0x000000000000036e                QDEC_IRQHandler
                0x000000000000036e                TIMER3_IRQHandler
                0x000000000000036e                FPU_IRQHandler
                0x000000000000036e                RTC0_IRQHandler
                0x000000000000036e                TEMP_IRQHandler
                0x000000000000036e                TIMER4_IRQHandler
                0x000000000000036e                I2S_IRQHandler
                0x000000000000036e                SWI4_EGU4_IRQHandler
                0x000000000000036e                TIMER0_IRQHandler
                0x000000000000036e                Dummy_Handler
                0x000000000000036e                TIMER1_IRQHandler
                0x000000000000036e                PWM2_IRQHandler
                0x000000000000036e                ECB_IRQHandler
                0x000000000000036e                SPIM1_SPIS1_TWIM1_TWIS1_SPI1_TWI1_IRQHandler
                0x000000000000036e                SAADC_IRQHandler
                0x000000000000036e                CCM_AAR_IRQHandler
                0x000000000000036e                WDT_IRQHandler
                0x000000000000036e                SPIM0_SPIS0_TWIM0_TWIS0_SPI0_TWI0_IRQHandler
                0x000000000000036e                SWI5_EGU5_IRQHandler
                0x000000000000036e                RNG_IRQHandler
                0x000000000000036e                RTC2_IRQHandler
                0x000000000000036e                PWM0_IRQHandler
                0x000000000000036e                SWI3_EGU3_IRQHandler
                0x000000000000036e                SWI1_EGU1_IRQHandler
                0x000000000000036e                SPIM2_SPIS2_SPI2_IRQHandler
                0x000000000000036e                NFCT_IRQHandler
                0x000000000000036e                TIMER2_IRQHandler
                0x000000000000036e                MWU_IRQHandler
                0x000000000000036e                COMP_LPCOMP_IRQHandler
                0x0000000000000370                nRFInitialize
 .init          0x0000000000000374       0x60 Output/serial_pca10040 Release/Obj/ses_startup_nrf_common.o
                0x0000000000000374                Reset_Handler
                0x000000000000039c                InitializeUserMemorySections
                0x00000000000003d4                __init_end__ = (__init_start__ + SIZEOF (.init))
                0x00000000000001d4                __init_size__ = SIZEOF (.init)
                0x00000000000003d4                __init_load_end__ = __init_end__
                0x0000000000000001                . = ASSERT (((__init_start__ == __init_end__) || ((__init_end__ - __FLASH_segment_start__) <= __FLASH_segment_size__)), error: .init is too large to fit in FLASH memory segment)
                0x00000000000003d4                __init_rodata_load_start__ = ALIGN (__init_end__, 0x4)

.init_rodata    0x00000000000003d4        0x0
                0x00000000000003d4                __init_rodata_start__ = .
 *(.init_rodata .init_rodata.*)
                0x00000000000003d4                __init_rodata_end__ = (__init_rodata_start__ + SIZEOF (.init_rodata))
                0x0000000000000000                __init_rodata_size__ = SIZEOF (.init_rodata)
                0x00000000000003d4                __init_rodata_load_end__ = __init_rodata_end__
                0x0000000000000001                . = ASSERT (((__init_rodata_start__ == __init_rodata_end__) || ((__init_rodata_end__ - __FLASH_segment_start__) <= __FLASH_segment_size__)), error: .init_rodata is too large to fit in FLASH memory segment)
                0x00000000000003d4                __text_load_start__ = ALIGN (__init_rodata_end__, 0x4)

.text           0x00000000000003d4     0x2862
                0x00000000000003d4                __text_start__ = .
 *(.text .text.* .glue_7t .glue_7 .gnu.linkonce.t.* .gcc_except_table .ARM.extab* .gnu.linkonce.armextab.*)
 .glue_7        0x00000000000003d4        0x0 linker stubs
 .glue_7t       0x00000000000003d4        0x0 linker stubs
 .text.nrf_gpio_pin_port_decode.isra.0.part.1
                0x00000000000003d4       0x10 Output/serial_pca10040 Release/Obj/boards.o
 .text.bsp_board_led_off
                0x00000000000003e4       0x34 Output/serial_pca10040 Release/Obj/boards.o
                0x00000000000003e4                bsp_board_led_off
 .text.bsp_board_leds_off
                0x0000000000000418       0x1e Output/serial_pca10040 Release/Obj/boards.o
                0x0000000000000418                bsp_board_leds_off
 .text.bsp_board_init
                0x0000000000000436       0x3e Output/serial_pca10040 Release/Obj/boards.o
                0x0000000000000436                bsp_board_init
 .text.app_error_save_and_stop
                0x0000000000000474       0x58 Output/serial_pca10040 Release/Obj/app_error.o
                0x0000000000000474                app_error_save_and_stop
 .text.app_error_handler
                0x00000000000004cc       0x1a Output/serial_pca10040 Release/Obj/app_error_handler_gcc.o
                0x00000000000004cc                app_error_handler
 *fill*         0x00000000000004e6        0x2 
 .text.app_error_fault_handler
                0x00000000000004e8       0x14 Output/serial_pca10040 Release/Obj/app_error_weak.o
                0x00000000000004e8                app_error_fault_handler
 .text.user_op_alloc
                0x00000000000004fc       0x2c Output/serial_pca10040 Release/Obj/app_timer.o
 .text.timer_stop_op_schedule
                0x0000000000000528       0x48 Output/serial_pca10040 Release/Obj/app_timer.o
 .text.nrfx_coredep_delay_us.part.0.constprop.4
                0x0000000000000570       0x10 Output/serial_pca10040 Release/Obj/app_timer.o
 .text.rtc1_stop
                0x0000000000000580       0x44 Output/serial_pca10040 Release/Obj/app_timer.o
 .text.RTC1_IRQHandler
                0x00000000000005c4       0x9c Output/serial_pca10040 Release/Obj/app_timer.o
                0x00000000000005c4                RTC1_IRQHandler
 .text.SWI0_EGU0_IRQHandler
                0x0000000000000660      0x2b8 Output/serial_pca10040 Release/Obj/app_timer.o
                0x0000000000000660                SWI0_EGU0_IRQHandler
 .text.app_timer_init
                0x0000000000000918       0x60 Output/serial_pca10040 Release/Obj/app_timer.o
                0x0000000000000918                app_timer_init
 .text.app_timer_create
                0x0000000000000978       0x24 Output/serial_pca10040 Release/Obj/app_timer.o
                0x0000000000000978                app_timer_create
 .text.app_timer_start
                0x000000000000099c       0x84 Output/serial_pca10040 Release/Obj/app_timer.o
                0x000000000000099c                app_timer_start
 .text.app_timer_stop
                0x0000000000000a20       0x20 Output/serial_pca10040 Release/Obj/app_timer.o
                0x0000000000000a20                app_timer_stop
 .text.app_util_disable_irq
                0x0000000000000a40       0x10 Output/serial_pca10040 Release/Obj/app_util_platform.o
                0x0000000000000a40                app_util_disable_irq
 .text.app_util_enable_irq
                0x0000000000000a50       0x14 Output/serial_pca10040 Release/Obj/app_util_platform.o
                0x0000000000000a50                app_util_enable_irq
 .text.privilege_level_get
                0x0000000000000a64       0x1a Output/serial_pca10040 Release/Obj/app_util_platform.o
                0x0000000000000a64                privilege_level_get
 *fill*         0x0000000000000a7e        0x2 
 .text.app_util_critical_region_enter
                0x0000000000000a80       0x20 Output/serial_pca10040 Release/Obj/app_util_platform.o
                0x0000000000000a80                app_util_critical_region_enter
 .text.app_util_critical_region_exit
                0x0000000000000aa0       0x20 Output/serial_pca10040 Release/Obj/app_util_platform.o
                0x0000000000000aa0                app_util_critical_region_exit
 .text.HardFault_Handler
                0x0000000000000ac0       0x34 Output/serial_pca10040 Release/Obj/hardfault_handler_gcc.o
                0x0000000000000ac0                HardFault_Handler
 .text.HardFault_process
                0x0000000000000af4       0x24 Output/serial_pca10040 Release/Obj/hardfault_implementation.o
                0x0000000000000af4                HardFault_process
 .text.HardFault_c_handler
                0x0000000000000b18       0x20 Output/serial_pca10040 Release/Obj/hardfault_implementation.o
                0x0000000000000b18                HardFault_c_handler
 .text.assert_nrf_callback
                0x0000000000000b38       0x1a Output/serial_pca10040 Release/Obj/nrf_assert.o
                0x0000000000000b38                assert_nrf_callback
 .text.nrf_atomic_u32_fetch_store
                0x0000000000000b52       0x14 Output/serial_pca10040 Release/Obj/nrf_atomic.o
                0x0000000000000b52                nrf_atomic_u32_fetch_store
 .text.queue_utilization_get
                0x0000000000000b66       0x18 Output/serial_pca10040 Release/Obj/nrf_queue.o
 *fill*         0x0000000000000b7e        0x2 
 .text.nrf_queue_next_idx
                0x0000000000000b80       0x20 Output/serial_pca10040 Release/Obj/nrf_queue.o
 .text.queue_read
                0x0000000000000ba0       0x66 Output/serial_pca10040 Release/Obj/nrf_queue.o
 *fill*         0x0000000000000c06        0x2 
 .text.nrf_queue_out
                0x0000000000000c08       0x4c Output/serial_pca10040 Release/Obj/nrf_queue.o
                0x0000000000000c08                nrf_queue_out
 .text.nrf_queue_reset
                0x0000000000000c54       0x30 Output/serial_pca10040 Release/Obj/nrf_queue.o
                0x0000000000000c54                nrf_queue_reset
 .text.nrf_queue_utilization_get
                0x0000000000000c84       0x2c Output/serial_pca10040 Release/Obj/nrf_queue.o
                0x0000000000000c84                nrf_queue_utilization_get
 .text.nrf_queue_is_empty
                0x0000000000000cb0       0x24 Output/serial_pca10040 Release/Obj/nrf_queue.o
                0x0000000000000cb0                nrf_queue_is_empty
 .text.nrf_queue_available_get
                0x0000000000000cd4       0x20 Output/serial_pca10040 Release/Obj/nrf_queue.o
                0x0000000000000cd4                nrf_queue_available_get
 .text.queue_write
                0x0000000000000cf4       0x8e Output/serial_pca10040 Release/Obj/nrf_queue.o
 *fill*         0x0000000000000d82        0x2 
 .text.nrf_queue_in
                0x0000000000000d84       0x5c Output/serial_pca10040 Release/Obj/nrf_queue.o
                0x0000000000000d84                nrf_queue_in
 .text.event_handler
                0x0000000000000de0        0xc Output/serial_pca10040 Release/Obj/nrf_serial.o
 .text.serial_timeout_handler
                0x0000000000000dec        0x6 Output/serial_pca10040 Release/Obj/nrf_serial.o
 *fill*         0x0000000000000df2        0x2 
 .text.nrf_mtx_unlock
                0x0000000000000df4       0x2c Output/serial_pca10040 Release/Obj/nrf_serial.o
 .text.nrf_drv_uart_tx
                0x0000000000000e20       0x24 Output/serial_pca10040 Release/Obj/nrf_serial.o
 .text.nrf_drv_uart_rx
                0x0000000000000e44       0x24 Output/serial_pca10040 Release/Obj/nrf_serial.o
 .text.uart_event_handler
                0x0000000000000e68       0x9c Output/serial_pca10040 Release/Obj/nrf_serial.o
 .text.nrf_mtx_trylock
                0x0000000000000f04       0x28 Output/serial_pca10040 Release/Obj/nrf_serial.o
 .text.nrf_drv_uart_tx_in_progress
                0x0000000000000f2c       0x18 Output/serial_pca10040 Release/Obj/nrf_serial.o
 .text.sleep_handler.isra.0
                0x0000000000000f44        0xe Output/serial_pca10040 Release/Obj/nrf_serial.o
 *fill*         0x0000000000000f52        0x2 
 .text.timeout_setup.isra.1
                0x0000000000000f54       0x58 Output/serial_pca10040 Release/Obj/nrf_serial.o
 .text.serial_rx
                0x0000000000000fac       0x6c Output/serial_pca10040 Release/Obj/nrf_serial.o
 .text.nrf_serial_init
                0x0000000000001018      0x12c Output/serial_pca10040 Release/Obj/nrf_serial.o
                0x0000000000001018                nrf_serial_init
 .text.nrf_serial_write
                0x0000000000001144      0x168 Output/serial_pca10040 Release/Obj/nrf_serial.o
                0x0000000000001144                nrf_serial_write
 .text.nrf_serial_read
                0x00000000000012ac       0xf8 Output/serial_pca10040 Release/Obj/nrf_serial.o
                0x00000000000012ac                nrf_serial_read
 .text.nrf_serial_flush
                0x00000000000013a4       0xc0 Output/serial_pca10040 Release/Obj/nrf_serial.o
                0x00000000000013a4                nrf_serial_flush
 .text.clock_clk_started_notify
                0x0000000000001464       0x24 Output/serial_pca10040 Release/Obj/nrf_drv_clock.o
 .text.clock_irq_handler
                0x0000000000001488       0x1c Output/serial_pca10040 Release/Obj/nrf_drv_clock.o
 .text.nrf_drv_clock_init
                0x00000000000014a4       0x30 Output/serial_pca10040 Release/Obj/nrf_drv_clock.o
                0x00000000000014a4                nrf_drv_clock_init
 .text.nrf_drv_clock_lfclk_request
                0x00000000000014d4       0x74 Output/serial_pca10040 Release/Obj/nrf_drv_clock.o
                0x00000000000014d4                nrf_drv_clock_lfclk_request
 .text.nrf_drv_power_init
                0x0000000000001548       0x28 Output/serial_pca10040 Release/Obj/nrf_drv_power.o
                0x0000000000001548                nrf_drv_power_init
 .text.uarte_evt_handler
                0x0000000000001570       0x34 Output/serial_pca10040 Release/Obj/nrf_drv_uart.o
 .text.uart_evt_handler
                0x00000000000015a4       0x34 Output/serial_pca10040 Release/Obj/nrf_drv_uart.o
 .text.nrf_drv_uart_init
                0x00000000000015d8       0x78 Output/serial_pca10040 Release/Obj/nrf_drv_uart.o
                0x00000000000015d8                nrf_drv_uart_init
 .text.nrfx_clock_init
                0x0000000000001650       0x28 Output/serial_pca10040 Release/Obj/nrfx_clock.o
                0x0000000000001650                nrfx_clock_init
 .text.nrfx_clock_enable
                0x0000000000001678       0x44 Output/serial_pca10040 Release/Obj/nrfx_clock.o
                0x0000000000001678                nrfx_clock_enable
 .text.nrfx_clock_lfclk_start
                0x00000000000016bc       0x6c Output/serial_pca10040 Release/Obj/nrfx_clock.o
                0x00000000000016bc                nrfx_clock_lfclk_start
 .text.nrfx_clock_irq_handler
                0x0000000000001728       0x64 Output/serial_pca10040 Release/Obj/nrfx_clock.o
                0x0000000000001728                nrfx_clock_irq_handler
 .text.nrf_gpiote_event_clear
                0x000000000000178c       0x18 Output/serial_pca10040 Release/Obj/nrfx_gpiote.o
 .text.nrf_gpio_pin_port_decode.isra.0.part.1
                0x00000000000017a4       0x10 Output/serial_pca10040 Release/Obj/nrfx_gpiote.o
 .text.nrf_gpio_cfg_sense_set
                0x00000000000017b4       0x2e Output/serial_pca10040 Release/Obj/nrfx_gpiote.o
 *fill*         0x00000000000017e2        0x2 
 .text.GPIOTE_IRQHandler
                0x00000000000017e4      0x190 Output/serial_pca10040 Release/Obj/nrfx_gpiote.o
                0x00000000000017e4                GPIOTE_IRQHandler
 .text.nrf_power_event_get_and_clear
                0x0000000000001974       0x20 Output/serial_pca10040 Release/Obj/nrfx_power.o
 .text.nrfx_power_init
                0x0000000000001994       0x4c Output/serial_pca10040 Release/Obj/nrfx_power.o
                0x0000000000001994                nrfx_power_init
 .text.nrfx_power_irq_handler
                0x00000000000019e0       0x88 Output/serial_pca10040 Release/Obj/nrfx_power.o
                0x00000000000019e0                nrfx_power_irq_handler
 .text.POWER_CLOCK_IRQHandler
                0x0000000000001a68        0xe Output/serial_pca10040 Release/Obj/nrfx_power.o
                0x0000000000001a68                POWER_CLOCK_IRQHandler
 *fill*         0x0000000000001a76        0x2 
 .text.UARTE0_UART0_IRQHandler
                0x0000000000001a78       0x20 Output/serial_pca10040 Release/Obj/nrfx_prs.o
                0x0000000000001a78                UARTE0_UART0_IRQHandler
 .text.nrfx_prs_acquire
                0x0000000000001a98       0x44 Output/serial_pca10040 Release/Obj/nrfx_prs.o
                0x0000000000001a98                nrfx_prs_acquire
 .text.nrf_uart_event_clear
                0x0000000000001adc       0x10 Output/serial_pca10040 Release/Obj/nrfx_uart.o
 .text.tx_byte  0x0000000000001aec       0x1e Output/serial_pca10040 Release/Obj/nrfx_uart.o
 .text.rx_enable.isra.1
                0x0000000000001b0a       0x20 Output/serial_pca10040 Release/Obj/nrfx_uart.o
 .text.rx_byte  0x0000000000001b2a       0x2c Output/serial_pca10040 Release/Obj/nrfx_uart.o
 *fill*         0x0000000000001b56        0x2 
 .text.nrf_gpio_pin_port_decode.isra.3.part.4
                0x0000000000001b58       0x10 Output/serial_pca10040 Release/Obj/nrfx_uart.o
 .text.rx_done_event.constprop.9
                0x0000000000001b68       0x20 Output/serial_pca10040 Release/Obj/nrfx_uart.o
 .text.nrfx_uart_0_irq_handler
                0x0000000000001b88      0x13c Output/serial_pca10040 Release/Obj/nrfx_uart.o
                0x0000000000001b88                nrfx_uart_0_irq_handler
 .text.nrfx_uart_init
                0x0000000000001cc4      0x1f8 Output/serial_pca10040 Release/Obj/nrfx_uart.o
                0x0000000000001cc4                nrfx_uart_init
 .text.nrfx_uart_tx
                0x0000000000001ebc       0xe0 Output/serial_pca10040 Release/Obj/nrfx_uart.o
                0x0000000000001ebc                nrfx_uart_tx
 .text.nrfx_uart_tx_in_progress
                0x0000000000001f9c       0x18 Output/serial_pca10040 Release/Obj/nrfx_uart.o
                0x0000000000001f9c                nrfx_uart_tx_in_progress
 .text.nrfx_uart_rx
                0x0000000000001fb4      0x130 Output/serial_pca10040 Release/Obj/nrfx_uart.o
                0x0000000000001fb4                nrfx_uart_rx
 .text.nrfx_uart_rx_ready
                0x00000000000020e4        0xe Output/serial_pca10040 Release/Obj/nrfx_uart.o
                0x00000000000020e4                nrfx_uart_rx_ready
 *fill*         0x00000000000020f2        0x2 
 .text.nrfx_uart_rx_enable
                0x00000000000020f4       0x2c Output/serial_pca10040 Release/Obj/nrfx_uart.o
                0x00000000000020f4                nrfx_uart_rx_enable
 .text.nrfx_uart_rx_abort
                0x0000000000002120       0x10 Output/serial_pca10040 Release/Obj/nrfx_uart.o
                0x0000000000002120                nrfx_uart_rx_abort
 .text.nrf_uarte_event_clear
                0x0000000000002130       0x10 Output/serial_pca10040 Release/Obj/nrfx_uarte.o
 .text.nrf_gpio_pin_port_decode.isra.1.part.2
                0x0000000000002140       0x10 Output/serial_pca10040 Release/Obj/nrfx_uarte.o
 .text.rx_done_event.constprop.8
                0x0000000000002150       0x20 Output/serial_pca10040 Release/Obj/nrfx_uarte.o
 .text.nrfx_uarte_0_irq_handler
                0x0000000000002170       0xe8 Output/serial_pca10040 Release/Obj/nrfx_uarte.o
                0x0000000000002170                nrfx_uarte_0_irq_handler
 .text.nrfx_uarte_init
                0x0000000000002258      0x208 Output/serial_pca10040 Release/Obj/nrfx_uarte.o
                0x0000000000002258                nrfx_uarte_init
 .text.nrfx_uarte_tx
                0x0000000000002460       0xe0 Output/serial_pca10040 Release/Obj/nrfx_uarte.o
                0x0000000000002460                nrfx_uarte_tx
 .text.nrfx_uarte_tx_in_progress
                0x0000000000002540       0x18 Output/serial_pca10040 Release/Obj/nrfx_uarte.o
                0x0000000000002540                nrfx_uarte_tx_in_progress
 .text.nrfx_uarte_rx
                0x0000000000002558      0x12c Output/serial_pca10040 Release/Obj/nrfx_uarte.o
                0x0000000000002558                nrfx_uarte_rx
 .text.nrfx_uarte_rx_ready
                0x0000000000002684        0xe Output/serial_pca10040 Release/Obj/nrfx_uarte.o
                0x0000000000002684                nrfx_uarte_rx_ready
 *fill*         0x0000000000002692        0x2 
 .text.nrfx_uarte_rx_abort
                0x0000000000002694       0x28 Output/serial_pca10040 Release/Obj/nrfx_uarte.o
                0x0000000000002694                nrfx_uarte_rx_abort
 .text.sleep_handler
                0x00000000000026bc        0x8 Output/serial_pca10040 Release/Obj/main.o
 .text.startup.main
                0x00000000000026c4       0xbc Output/serial_pca10040 Release/Obj/main.o
                0x00000000000026c4                main
 .text.errata_12
                0x0000000000002780       0x40 Output/serial_pca10040 Release/Obj/system_nrf52.o
 .text.errata_16
                0x00000000000027c0       0x34 Output/serial_pca10040 Release/Obj/system_nrf52.o
 .text.SystemInit
                0x00000000000027f4      0x25c Output/serial_pca10040 Release/Obj/system_nrf52.o
                0x00000000000027f4                SystemInit
 .text.libc.__int64_udivmod
                0x0000000000002a50       0xce C:/Program Files/SEGGER/SEGGER Embedded Studio for ARM 4.22/lib/libc_v7em_fpv4_sp_d16_hard_t_le_eabi.a(libc_asm.o)
                0x0000000000002a50                __aeabi_uldivmod
                0x0000000000002a50                __int64_udiv
                0x0000000000002a50                __udivdi3
                0x0000000000002a50                __int64_udivmod
 .text.libc.memcpy
                0x0000000000002b1e       0x52 C:/Program Files/SEGGER/SEGGER Embedded Studio for ARM 4.22/lib/libc_v7em_fpv4_sp_d16_hard_t_le_eabi.a(libc2_asm.o)
                0x0000000000002b1e                __aeabi_memcpy
                0x0000000000002b1e                memcpy
                0x0000000000002b2a                __aeabi_memcpy8
                0x0000000000002b2a                __aeabi_memcpy4
 .text.libc.memset
                0x0000000000002b70       0x66 C:/Program Files/SEGGER/SEGGER Embedded Studio for ARM 4.22/lib/libc_v7em_fpv4_sp_d16_hard_t_le_eabi.a(libc2_asm.o)
                0x0000000000002b70                memset
 .text.libc.strlen
                0x0000000000002bd6       0x60 C:/Program Files/SEGGER/SEGGER Embedded Studio for ARM 4.22/lib/libc_v7em_fpv4_sp_d16_hard_t_le_eabi.a(libc2_asm.o)
                0x0000000000002bd6                strlen
                0x0000000000002c36                __text_end__ = (__text_start__ + SIZEOF (.text))
                0x0000000000002862                __text_size__ = SIZEOF (.text)
                0x0000000000002c36                __text_load_end__ = __text_end__

.vfp11_veneer   0x0000000100000000        0x0
 .vfp11_veneer  0x0000000100000000        0x0 linker stubs

.v4_bx          0x0000000100000000        0x0
 .v4_bx         0x0000000100000000        0x0 linker stubs

.iplt           0x0000000100000000        0x0
 .iplt          0x0000000100000000        0x0 Output/serial_pca10040 Release/Obj/thumb_crt0.o
                0x0000000000000001                . = ASSERT (((__text_start__ == __text_end__) || ((__text_end__ - __FLASH_segment_start__) <= __FLASH_segment_size__)), error: .text is too large to fit in FLASH memory segment)
                0x0000000000002c38                __nrf_queue_load_start__ = ALIGN (__text_end__, 0x4)

.nrf_queue      0x0000000000002c38       0x28
                0x0000000000002c38                __nrf_queue_start__ = .
                0x0000000000002c38                __start_nrf_queue = __nrf_queue_start__
 *(.nrf_queue*)
 .nrf_queue     0x0000000000002c38       0x28 Output/serial_pca10040 Release/Obj/main.o
                0x0000000000002c38                serial_queues_txq
                0x0000000000002c4c                serial_queues_rxq
                0x0000000000002c60                __nrf_queue_end__ = (__nrf_queue_start__ + SIZEOF (.nrf_queue))
                0x0000000000000028                __nrf_queue_size__ = SIZEOF (.nrf_queue)
                0x0000000000002c60                __stop_nrf_queue = __nrf_queue_end__
                0x0000000000002c60                __nrf_queue_load_end__ = __nrf_queue_end__
                0x0000000000000001                . = ASSERT (((__nrf_queue_start__ == __nrf_queue_end__) || ((__nrf_queue_end__ - __FLASH_segment_start__) <= __FLASH_segment_size__)), error: .nrf_queue is too large to fit in FLASH memory segment)
                0x0000000000002c60                __log_const_data_load_start__ = ALIGN (__nrf_queue_end__, 0x4)

.log_const_data
                0x0000000000002c60        0x0
                0x0000000000002c60                __log_const_data_start__ = .
                0x0000000000002c60                __start_log_const_data = __log_const_data_start__
 *(SORT_BY_NAME(.log_const_data*))
                0x0000000000002c60                __log_const_data_end__ = (__log_const_data_start__ + SIZEOF (.log_const_data))
                0x0000000000000000                __log_const_data_size__ = SIZEOF (.log_const_data)
                0x0000000000002c60                __stop_log_const_data = __log_const_data_end__
                0x0000000000002c60                __log_const_data_load_end__ = __log_const_data_end__
                0x0000000000000001                . = ASSERT (((__log_const_data_start__ == __log_const_data_end__) || ((__log_const_data_end__ - __FLASH_segment_start__) <= __FLASH_segment_size__)), error: .log_const_data is too large to fit in FLASH memory segment)
                0x0000000000002c60                __log_backends_load_start__ = ALIGN (__log_const_data_end__, 0x4)

.log_backends   0x0000000000002c60        0x0
                0x0000000000002c60                __log_backends_start__ = .
                0x0000000000002c60                __start_log_backends = __log_backends_start__
 *(SORT_BY_NAME(.log_backends*))
                0x0000000000002c60                __log_backends_end__ = (__log_backends_start__ + SIZEOF (.log_backends))
                0x0000000000000000                __log_backends_size__ = SIZEOF (.log_backends)
                0x0000000000002c60                __stop_log_backends = __log_backends_end__
                0x0000000000002c60                __log_backends_load_end__ = __log_backends_end__
                0x0000000000000001                . = ASSERT (((__log_backends_start__ == __log_backends_end__) || ((__log_backends_end__ - __FLASH_segment_start__) <= __FLASH_segment_size__)), error: .log_backends is too large to fit in FLASH memory segment)
                0x0000000000002c60                __nrf_balloc_load_start__ = ALIGN (__log_backends_end__, 0x4)

.nrf_balloc     0x0000000000002c60        0x0
                0x0000000000002c60                __nrf_balloc_start__ = .
                0x0000000000002c60                __start_nrf_balloc = __nrf_balloc_start__
 *(.nrf_balloc*)
                0x0000000000002c60                __nrf_balloc_end__ = (__nrf_balloc_start__ + SIZEOF (.nrf_balloc))
                0x0000000000000000                __nrf_balloc_size__ = SIZEOF (.nrf_balloc)
                0x0000000000002c60                __stop_nrf_balloc = __nrf_balloc_end__
                0x0000000000002c60                __nrf_balloc_load_end__ = __nrf_balloc_end__
                0x0000000000000001                . = ASSERT (((__nrf_balloc_start__ == __nrf_balloc_end__) || ((__nrf_balloc_end__ - __FLASH_segment_start__) <= __FLASH_segment_size__)), error: .nrf_balloc is too large to fit in FLASH memory segment)
                0x0000000000002c60                __nrf_sections_load_start__ = ALIGN (__nrf_balloc_end__, 0x4)

.nrf_sections   0x0000000000002c60        0x0
                0x0000000000002c60                __nrf_sections_start__ = .
                0x0000000000002c60                __start_nrf_sections = __nrf_sections_start__
 *(.nrf_sections .nrf_sections.*)
                0x0000000000002c60                __nrf_sections_end__ = (__nrf_sections_start__ + SIZEOF (.nrf_sections))
                0x0000000000000000                __nrf_sections_size__ = SIZEOF (.nrf_sections)
                0x0000000000002c60                __nrf_sections_load_end__ = __nrf_sections_end__
                0x0000000000000001                . = ASSERT (((__nrf_sections_start__ == __nrf_sections_end__) || ((__nrf_sections_end__ - __FLASH_segment_start__) <= __FLASH_segment_size__)), error: .nrf_sections is too large to fit in FLASH memory segment)
                0x0000000000002c60                __log_dynamic_data_load_start__ = ALIGN (__nrf_sections_end__, 0x4)

.log_dynamic_data
                0x0000000020000000        0x0 load address 0x0000000000002c60
                0x0000000020000000                __log_dynamic_data_start__ = .
 *(SORT_BY_NAME(.log_dynamic_data*))
                0x0000000020000000                __log_dynamic_data_end__ = (__log_dynamic_data_start__ + SIZEOF (.log_dynamic_data))
                0x0000000000000000                __log_dynamic_data_size__ = SIZEOF (.log_dynamic_data)
                0x0000000000002c60                __log_dynamic_data_load_end__ = (__log_dynamic_data_load_start__ + SIZEOF (.log_dynamic_data))
                0x0000000000000001                . = ASSERT (((__log_dynamic_data_load_start__ == __log_dynamic_data_load_end__) || ((__log_dynamic_data_load_end__ - __FLASH_segment_start__) <= __FLASH_segment_size__)), error: .log_dynamic_data is too large to fit in FLASH memory segment)

.log_dynamic_data_run
                0x0000000020000000        0x0
                0x0000000020000000                __log_dynamic_data_run_start__ = .
                0x0000000020000000                __start_log_dynamic_data = __log_dynamic_data_run_start__
                0x0000000020000000                . = MAX ((__log_dynamic_data_run_start__ + SIZEOF (.log_dynamic_data)), .)
                0x0000000020000000                __log_dynamic_data_run_end__ = (__log_dynamic_data_run_start__ + SIZEOF (.log_dynamic_data_run))
                0x0000000000000000                __log_dynamic_data_run_size__ = SIZEOF (.log_dynamic_data_run)
                0x0000000020000000                __stop_log_dynamic_data = __log_dynamic_data_run_end__
                0x0000000020000000                __log_dynamic_data_run_load_end__ = __log_dynamic_data_run_end__
                0x0000000000000001                . = ASSERT (((__log_dynamic_data_run_start__ == __log_dynamic_data_run_end__) || ((__log_dynamic_data_run_end__ - __RAM_segment_start__) <= __RAM_segment_size__)), error: .log_dynamic_data_run is too large to fit in RAM memory segment)
                0x0000000000002c60                __log_filter_data_load_start__ = ALIGN ((__log_dynamic_data_load_start__ + SIZEOF (.log_dynamic_data)), 0x4)

.log_filter_data
                0x0000000020000000        0x0 load address 0x0000000000002c60
                0x0000000020000000                __log_filter_data_start__ = .
 *(SORT_BY_NAME(.log_filter_data*))
                0x0000000020000000                __log_filter_data_end__ = (__log_filter_data_start__ + SIZEOF (.log_filter_data))
                0x0000000000000000                __log_filter_data_size__ = SIZEOF (.log_filter_data)
                0x0000000000002c60                __log_filter_data_load_end__ = (__log_filter_data_load_start__ + SIZEOF (.log_filter_data))
                0x0000000000000001                . = ASSERT (((__log_filter_data_load_start__ == __log_filter_data_load_end__) || ((__log_filter_data_load_end__ - __FLASH_segment_start__) <= __FLASH_segment_size__)), error: .log_filter_data is too large to fit in FLASH memory segment)

.log_filter_data_run
                0x0000000020000000        0x0
                0x0000000020000000                __log_filter_data_run_start__ = .
                0x0000000020000000                __start_log_filter_data = __log_filter_data_run_start__
                0x0000000020000000                . = MAX ((__log_filter_data_run_start__ + SIZEOF (.log_filter_data)), .)
                0x0000000020000000                __log_filter_data_run_end__ = (__log_filter_data_run_start__ + SIZEOF (.log_filter_data_run))
                0x0000000000000000                __log_filter_data_run_size__ = SIZEOF (.log_filter_data_run)
                0x0000000020000000                __stop_log_filter_data = __log_filter_data_run_end__
                0x0000000020000000                __log_filter_data_run_load_end__ = __log_filter_data_run_end__
                0x0000000000000001                . = ASSERT (((__log_filter_data_run_start__ == __log_filter_data_run_end__) || ((__log_filter_data_run_end__ - __RAM_segment_start__) <= __RAM_segment_size__)), error: .log_filter_data_run is too large to fit in RAM memory segment)
                0x0000000020000000                __nrf_sections_run_end_load_start__ = ALIGN (__log_filter_data_run_end__, 0x4)

.nrf_sections_run_end
                0x0000000020000000        0x0
                0x0000000020000000                __nrf_sections_run_end_start__ = .
                0x0000000020000000                __end_nrf_sections_run = __nrf_sections_run_end_start__
 *(.nrf_sections_run_end .nrf_sections_run_end.*)
                0x0000000020000000                __nrf_sections_run_end_end__ = (__nrf_sections_run_end_start__ + SIZEOF (.nrf_sections_run_end))
                0x0000000000000000                __nrf_sections_run_end_size__ = SIZEOF (.nrf_sections_run_end)
                0x0000000020000000                __nrf_sections_run_end_load_end__ = __nrf_sections_run_end_end__
                0x0000000000000001                . = ASSERT (((__nrf_sections_run_end_start__ == __nrf_sections_run_end_end__) || ((__nrf_sections_run_end_end__ - __RAM_segment_start__) <= __RAM_segment_size__)), error: .nrf_sections_run_end is too large to fit in RAM memory segment)
                0x0000000000002c60                __dtors_load_start__ = ALIGN ((__log_filter_data_load_start__ + SIZEOF (.log_filter_data)), 0x4)

.dtors          0x0000000000002c60        0x0
                0x0000000000002c60                __dtors_start__ = .
 *(SORT_BY_NAME(.dtors.*))
 *(.dtors)
 *(.fini_array)
 *(SORT_BY_NAME(.fini_array.*))
                0x0000000000002c60                __dtors_end__ = (__dtors_start__ + SIZEOF (.dtors))
                0x0000000000000000                __dtors_size__ = SIZEOF (.dtors)
                0x0000000000002c60                __dtors_load_end__ = __dtors_end__
                0x0000000000000001                . = ASSERT (((__dtors_start__ == __dtors_end__) || ((__dtors_end__ - __FLASH_segment_start__) <= __FLASH_segment_size__)), error: .dtors is too large to fit in FLASH memory segment)
                0x0000000000002c60                __ctors_load_start__ = ALIGN (__dtors_end__, 0x4)

.ctors          0x0000000000002c60        0x0
                0x0000000000002c60                __ctors_start__ = .
 *(SORT_BY_NAME(.ctors.*))
 *(.ctors)
 *(.init_array)
 *(SORT_BY_NAME(.init_array.*))
                0x0000000000002c60                __ctors_end__ = (__ctors_start__ + SIZEOF (.ctors))
                0x0000000000000000                __ctors_size__ = SIZEOF (.ctors)
                0x0000000000002c60                __ctors_load_end__ = __ctors_end__
                0x0000000000000001                . = ASSERT (((__ctors_start__ == __ctors_end__) || ((__ctors_end__ - __FLASH_segment_start__) <= __FLASH_segment_size__)), error: .ctors is too large to fit in FLASH memory segment)
                0x0000000000002c60                __rodata_load_start__ = ALIGN (__ctors_end__, 0x4)

.rodata         0x0000000000002c60      0x5c4
                0x0000000000002c60                __rodata_start__ = .
 *(.rodata .rodata.* .gnu.linkonce.r.*)
 .rodata.bsp_board_led_state_get.str1.1
                0x0000000000002c60       0x5d Output/serial_pca10040 Release/Obj/boards.o
 .rodata.m_board_led_list
                0x0000000000002cbd        0x4 Output/serial_pca10040 Release/Obj/boards.o
 .rodata.nrf_gpio_pin_port_decode.isra.0.part.1.str1.1
                0x0000000000002cc1       0x2e Output/serial_pca10040 Release/Obj/boards.o
 *fill*         0x0000000000002cef        0x1 
 .rodata.delay_machine_code.7906
                0x0000000000002cf0        0x6 Output/serial_pca10040 Release/Obj/app_timer.o
 .rodata.app_util_critical_region_enter.str1.1
                0x0000000000002cf6       0x70 Output/serial_pca10040 Release/Obj/app_util_platform.o
 .rodata.nrf_queue_next_idx.str1.1
                0x0000000000002d66       0x69 Output/serial_pca10040 Release/Obj/nrf_queue.o
 .rodata.nrf_mtx_unlock.str1.1
                0x0000000000002dcf       0x37 Output/serial_pca10040 Release/Obj/nrf_serial.o
 .rodata.nrf_serial_init.str1.1
                0x0000000000002e06       0x39 Output/serial_pca10040 Release/Obj/nrf_serial.o
 .rodata.uart_event_handler.str1.1
                0x0000000000002e3f       0x6b Output/serial_pca10040 Release/Obj/nrf_serial.o
 .rodata.nrf_drv_clock_uninit.str1.1
                0x0000000000002eaa       0x6a Output/serial_pca10040 Release/Obj/nrf_drv_clock.o
 .rodata.m_drv_power_config_default
                0x0000000000002f14        0x1 Output/serial_pca10040 Release/Obj/nrf_drv_power.o
 .rodata.nrfx_clock_init.str1.1
                0x0000000000002f15       0x68 Output/serial_pca10040 Release/Obj/nrfx_clock.o
 .rodata.nrf_gpio_pin_port_decode.isra.0.part.1.str1.1
                0x0000000000002f7d       0x2e Output/serial_pca10040 Release/Obj/nrfx_gpiote.o
 .rodata.nrfx_power_init.str1.1
                0x0000000000002f7d       0x68 Output/serial_pca10040 Release/Obj/nrfx_power.o
 .rodata.UARTE0_UART0_IRQHandler.str1.1
                0x0000000000002fe5       0x6a Output/serial_pca10040 Release/Obj/nrfx_prs.o
 .rodata.nrf_gpio_pin_port_decode.isra.3.part.4.str1.1
                0x000000000000304f       0x2e Output/serial_pca10040 Release/Obj/nrfx_uart.o
 .rodata.nrfx_uart_init.str1.1
                0x000000000000304f       0x96 Output/serial_pca10040 Release/Obj/nrfx_uart.o
 .rodata.nrf_gpio_pin_port_decode.isra.1.part.2.str1.1
                0x00000000000030e5       0x2e Output/serial_pca10040 Release/Obj/nrfx_uarte.o
 .rodata.nrfx_uarte_init.str1.1
                0x00000000000030e5       0x68 Output/serial_pca10040 Release/Obj/nrfx_uarte.o
                                         0x97 (size before relaxing)
 *fill*         0x000000000000314d        0x3 
 .rodata.m_uart0_drv_config
                0x0000000000003150       0x20 Output/serial_pca10040 Release/Obj/main.o
 .rodata.main.str1.1
                0x0000000000003170       0x64 Output/serial_pca10040 Release/Obj/main.o
 .rodata.serial_buffs
                0x00000000000031d4        0xc Output/serial_pca10040 Release/Obj/main.o
 .rodata.serial_config
                0x00000000000031e0       0x14 Output/serial_pca10040 Release/Obj/main.o
 .rodata.serial_queues
                0x00000000000031f4        0x8 Output/serial_pca10040 Release/Obj/main.o
 .rodata.serial_uart
                0x00000000000031fc       0x20 Output/serial_pca10040 Release/Obj/main.o
 .rodata.serial_uart_rx_timer
                0x000000000000321c        0x4 Output/serial_pca10040 Release/Obj/main.o
 .rodata.serial_uart_tx_timer
                0x0000000000003220        0x4 Output/serial_pca10040 Release/Obj/main.o
                0x0000000000003224                __rodata_end__ = (__rodata_start__ + SIZEOF (.rodata))
                0x00000000000005c4                __rodata_size__ = SIZEOF (.rodata)
                0x0000000000003224                __rodata_load_end__ = __rodata_end__

.rel.dyn        0x0000000000003224        0x0
 .rel.iplt      0x0000000000003224        0x0 Output/serial_pca10040 Release/Obj/thumb_crt0.o
                0x0000000000000001                . = ASSERT (((__rodata_start__ == __rodata_end__) || ((__rodata_end__ - __FLASH_segment_start__) <= __FLASH_segment_size__)), error: .rodata is too large to fit in FLASH memory segment)
                0x0000000000003224                __ARM.exidx_load_start__ = ALIGN (__rodata_end__, 0x4)

.ARM.exidx      0x0000000000003224        0x0
                0x0000000000003224                __ARM.exidx_start__ = .
                0x0000000000003224                __exidx_start = __ARM.exidx_start__
 *(.ARM.exidx .ARM.exidx.*)
                0x0000000000003224                __ARM.exidx_end__ = (__ARM.exidx_start__ + SIZEOF (.ARM.exidx))
                0x0000000000000000                __ARM.exidx_size__ = SIZEOF (.ARM.exidx)
                0x0000000000003224                __exidx_end = __ARM.exidx_end__
                0x0000000000003224                __ARM.exidx_load_end__ = __ARM.exidx_end__
                0x0000000000000001                . = ASSERT (((__ARM.exidx_start__ == __ARM.exidx_end__) || ((__ARM.exidx_end__ - __FLASH_segment_start__) <= __FLASH_segment_size__)), error: .ARM.exidx is too large to fit in FLASH memory segment)
                0x0000000000003224                __fast_load_start__ = ALIGN (__ARM.exidx_end__, 0x4)

.fast           0x0000000020000000        0x0 load address 0x0000000000003224
                0x0000000020000000                __fast_start__ = .
 *(.fast .fast.*)
                0x0000000020000000                __fast_end__ = (__fast_start__ + SIZEOF (.fast))
                0x0000000000000000                __fast_size__ = SIZEOF (.fast)
                0x0000000000003224                __fast_load_end__ = (__fast_load_start__ + SIZEOF (.fast))
                0x0000000000000001                . = ASSERT (((__fast_load_start__ == __fast_load_end__) || ((__fast_load_end__ - __FLASH_segment_start__) <= __FLASH_segment_size__)), error: .fast is too large to fit in FLASH memory segment)

.fast_run       0x0000000020000000        0x0
                0x0000000020000000                __fast_run_start__ = .
                0x0000000020000000                . = MAX ((__fast_run_start__ + SIZEOF (.fast)), .)
                0x0000000020000000                __fast_run_end__ = (__fast_run_start__ + SIZEOF (.fast_run))
                0x0000000000000000                __fast_run_size__ = SIZEOF (.fast_run)
                0x0000000020000000                __fast_run_load_end__ = __fast_run_end__
                0x0000000000000001                . = ASSERT (((__fast_run_start__ == __fast_run_end__) || ((__fast_run_end__ - __RAM_segment_start__) <= __RAM_segment_size__)), error: .fast_run is too large to fit in RAM memory segment)
                0x0000000000003224                __data_load_start__ = ALIGN ((__fast_load_start__ + SIZEOF (.fast)), 0x4)

.data           0x0000000020000000       0x18 load address 0x0000000000003224
                0x0000000020000000                __data_start__ = .
 *(.data .data.* .gnu.linkonce.d.*)
 .data.tx_message.9904
                0x0000000020000000       0x14 Output/serial_pca10040 Release/Obj/main.o
 .data.SystemCoreClock
                0x0000000020000014        0x4 Output/serial_pca10040 Release/Obj/system_nrf52.o
                0x0000000020000014                SystemCoreClock
                0x0000000020000018                __data_end__ = (__data_start__ + SIZEOF (.data))
                0x0000000000000018                __data_size__ = SIZEOF (.data)
                0x000000000000323c                __data_load_end__ = (__data_load_start__ + SIZEOF (.data))

.igot.plt       0x0000000100000000        0x0
 .igot.plt      0x0000000100000000        0x0 Output/serial_pca10040 Release/Obj/thumb_crt0.o
                0x0000000000000001                . = ASSERT (((__data_load_start__ == __data_load_end__) || ((__data_load_end__ - __FLASH_segment_start__) <= __FLASH_segment_size__)), error: .data is too large to fit in FLASH memory segment)

.data_run       0x0000000020000000       0x18 load address 0x0000000000003224
                0x0000000020000000                __data_run_start__ = .
                0x0000000020000018                . = MAX ((__data_run_start__ + SIZEOF (.data)), .)
 *fill*         0x0000000020000000       0x18 
                0x0000000020000018                __data_run_end__ = (__data_run_start__ + SIZEOF (.data_run))
                0x0000000000000018                __data_run_size__ = SIZEOF (.data_run)
                0x0000000020000018                __data_run_load_end__ = __data_run_end__
                0x0000000000000001                . = ASSERT (((__data_run_start__ == __data_run_end__) || ((__data_run_end__ - __RAM_segment_start__) <= __RAM_segment_size__)), error: .data_run is too large to fit in RAM memory segment)
                0x000000000000323c                __tdata_load_start__ = ALIGN ((__data_load_start__ + SIZEOF (.data)), 0x4)

.tdata          0x0000000020000018        0x0 load address 0x000000000000323c
                0x0000000020000018                __tdata_start__ = .
 *(.tdata .tdata.*)
                0x0000000020000018                __tdata_end__ = (__tdata_start__ + SIZEOF (.tdata))
                0x0000000000000000                __tdata_size__ = SIZEOF (.tdata)
                0x000000000000323c                __tdata_load_end__ = (__tdata_load_start__ + SIZEOF (.tdata))
                0x000000000000323c                __FLASH_segment_used_end__ = (ALIGN ((__data_load_start__ + SIZEOF (.data)), 0x4) + SIZEOF (.tdata))
                0x000000000000323c                __FLASH_segment_used_size__ = (__FLASH_segment_used_end__ - __FLASH_segment_start__)
                0x0000000000000001                . = ASSERT (((__tdata_load_start__ == __tdata_load_end__) || ((__tdata_load_end__ - __FLASH_segment_start__) <= __FLASH_segment_size__)), error: .tdata is too large to fit in FLASH memory segment)

.tdata_run      0x0000000020000018        0x0
                0x0000000020000018                __tdata_run_start__ = .
                0x0000000020000018                . = MAX ((__tdata_run_start__ + SIZEOF (.tdata)), .)
                0x0000000020000018                __tdata_run_end__ = (__tdata_run_start__ + SIZEOF (.tdata_run))
                0x0000000000000000                __tdata_run_size__ = SIZEOF (.tdata_run)
                0x0000000020000018                __tdata_run_load_end__ = __tdata_run_end__
                0x0000000000000001                . = ASSERT (((__tdata_run_start__ == __tdata_run_end__) || ((__tdata_run_end__ - __RAM_segment_start__) <= __RAM_segment_size__)), error: .tdata_run is too large to fit in RAM memory segment)
                0x0000000020000018                __bss_load_start__ = ALIGN (__tdata_run_end__, 0x4)

.bss            0x0000000020000018      0x2e8
                0x0000000020000018                __bss_start__ = .
 *(.bss .bss.* .gnu.linkonce.b.*)
 .bss.m_error_data.7426
                0x0000000020000018       0x20 Output/serial_pca10040 Release/Obj/app_error.o
 .bss.m_op_queue
                0x0000000020000038      0x10c Output/serial_pca10040 Release/Obj/app_timer.o
 .bss.m_rtc1_reset
                0x0000000020000144        0x1 Output/serial_pca10040 Release/Obj/app_timer.o
 .bss.m_rtc1_running
                0x0000000020000145        0x1 Output/serial_pca10040 Release/Obj/app_timer.o
 *fill*         0x0000000020000146        0x2 
 .bss.m_ticks_elapsed
                0x0000000020000148        0x8 Output/serial_pca10040 Release/Obj/app_timer.o
 .bss.m_ticks_elapsed_q_read_ind
                0x0000000020000150        0x1 Output/serial_pca10040 Release/Obj/app_timer.o
 .bss.m_ticks_elapsed_q_write_ind
                0x0000000020000151        0x1 Output/serial_pca10040 Release/Obj/app_timer.o
 *fill*         0x0000000020000152        0x2 
 .bss.m_ticks_latest
                0x0000000020000154        0x4 Output/serial_pca10040 Release/Obj/app_timer.o
 .bss.mp_timer_id_head
                0x0000000020000158        0x4 Output/serial_pca10040 Release/Obj/app_timer.o
 .bss.m_in_critical_region
                0x000000002000015c        0x4 Output/serial_pca10040 Release/Obj/app_util_platform.o
 .bss.m_clock_cb
                0x0000000020000160       0x14 Output/serial_pca10040 Release/Obj/nrf_drv_clock.o
 .bss.m_initialized
                0x0000000020000174        0x1 Output/serial_pca10040 Release/Obj/nrf_drv_power.o
 *fill*         0x0000000020000175        0x3 
 .bss.m_contexts
                0x0000000020000178        0x4 Output/serial_pca10040 Release/Obj/nrf_drv_uart.o
 .bss.m_handlers
                0x000000002000017c        0x4 Output/serial_pca10040 Release/Obj/nrf_drv_uart.o
 .bss.nrf_drv_uart_use_easy_dma
                0x0000000020000180        0x1 Output/serial_pca10040 Release/Obj/nrf_drv_uart.o
                0x0000000020000180                nrf_drv_uart_use_easy_dma
 *fill*         0x0000000020000181        0x3 
 .bss.m_clock_cb
                0x0000000020000184        0x8 Output/serial_pca10040 Release/Obj/nrfx_clock.o
 .bss.nrfx_clock_irq_enabled
                0x000000002000018c        0x1 Output/serial_pca10040 Release/Obj/nrfx_clock.o
                0x000000002000018c                nrfx_clock_irq_enabled
 *fill*         0x000000002000018d        0x3 
 .bss.m_cb      0x0000000020000190       0x5c Output/serial_pca10040 Release/Obj/nrfx_gpiote.o
 .bss.m_pofwarn_handler
                0x00000000200001ec        0x4 Output/serial_pca10040 Release/Obj/nrfx_power.o
 .bss.m_sleepevt_handler
                0x00000000200001f0        0x4 Output/serial_pca10040 Release/Obj/nrfx_power.o
 .bss.nrfx_power_irq_enabled
                0x00000000200001f4        0x1 Output/serial_pca10040 Release/Obj/nrfx_power.o
                0x00000000200001f4                nrfx_power_irq_enabled
 *fill*         0x00000000200001f5        0x3 
 .bss.m_prs_box_4
                0x00000000200001f8        0x8 Output/serial_pca10040 Release/Obj/nrfx_prs.o
 .bss.m_cb      0x0000000020000200       0x2c Output/serial_pca10040 Release/Obj/nrfx_uart.o
 .bss.m_cb      0x000000002000022c       0x24 Output/serial_pca10040 Release/Obj/nrfx_uarte.o
 .bss.serial_buffs_rxb
                0x0000000020000250        0x1 Output/serial_pca10040 Release/Obj/main.o
 .bss.serial_buffs_txb
                0x0000000020000251        0x1 Output/serial_pca10040 Release/Obj/main.o
 .bss.serial_queues_rxq_nrf_queue_buffer
                0x0000000020000252       0x21 Output/serial_pca10040 Release/Obj/main.o
 *fill*         0x0000000020000273        0x1 
 .bss.serial_queues_rxq_nrf_queue_cb
                0x0000000020000274        0xc Output/serial_pca10040 Release/Obj/main.o
 .bss.serial_queues_txq_nrf_queue_buffer
                0x0000000020000280       0x21 Output/serial_pca10040 Release/Obj/main.o
 *fill*         0x00000000200002a1        0x3 
 .bss.serial_queues_txq_nrf_queue_cb
                0x00000000200002a4        0xc Output/serial_pca10040 Release/Obj/main.o
 .bss.serial_uart_ctx
                0x00000000200002b0       0x10 Output/serial_pca10040 Release/Obj/main.o
 .bss.serial_uart_rx_timer_data
                0x00000000200002c0       0x20 Output/serial_pca10040 Release/Obj/main.o
 .bss.serial_uart_tx_timer_data
                0x00000000200002e0       0x20 Output/serial_pca10040 Release/Obj/main.o
 *(COMMON)
                0x0000000020000300                __bss_end__ = (__bss_start__ + SIZEOF (.bss))
                0x00000000000002e8                __bss_size__ = SIZEOF (.bss)
                0x0000000020000300                __bss_load_end__ = __bss_end__
                0x0000000000000001                . = ASSERT (((__bss_start__ == __bss_end__) || ((__bss_end__ - __RAM_segment_start__) <= __RAM_segment_size__)), error: .bss is too large to fit in RAM memory segment)
                0x0000000020000300                __tbss_load_start__ = ALIGN (__bss_end__, 0x4)

.tbss           0x0000000020000300        0x0
                0x0000000020000300                __tbss_start__ = .
 *(.tbss .tbss.*)
                0x0000000020000300                __tbss_end__ = (__tbss_start__ + SIZEOF (.tbss))
                0x0000000000000000                __tbss_size__ = SIZEOF (.tbss)
                0x0000000020000300                __tbss_load_end__ = __tbss_end__
                0x0000000000000001                . = ASSERT (((__tbss_start__ == __tbss_end__) || ((__tbss_end__ - __RAM_segment_start__) <= __RAM_segment_size__)), error: .tbss is too large to fit in RAM memory segment)
                0x0000000020000300                __non_init_load_start__ = ALIGN (__tbss_end__, 0x4)

.non_init       0x0000000020000300        0x0
                0x0000000020000300                __non_init_start__ = .
 *(.non_init .non_init.*)
                0x0000000020000300                __non_init_end__ = (__non_init_start__ + SIZEOF (.non_init))
                0x0000000000000000                __non_init_size__ = SIZEOF (.non_init)
                0x0000000020000300                __non_init_load_end__ = __non_init_end__
                0x0000000000000001                . = ASSERT (((__non_init_start__ == __non_init_end__) || ((__non_init_end__ - __RAM_segment_start__) <= __RAM_segment_size__)), error: .non_init is too large to fit in RAM memory segment)
                0x0000000020000300                __heap_load_start__ = ALIGN (__non_init_end__, 0x4)

.heap           0x0000000020000300     0x2000
                0x0000000020000300                __heap_start__ = .
 *(.heap .heap.*)
                0x0000000020002300                . = ALIGN (MAX ((__heap_start__ + __HEAPSIZE__), .), 0x4)
 *fill*         0x0000000020000300     0x2000 
                0x0000000020002300                __heap_end__ = (__heap_start__ + SIZEOF (.heap))
                0x0000000000002000                __heap_size__ = SIZEOF (.heap)
                0x0000000020002300                __heap_load_end__ = __heap_end__
                0x0000000000000001                . = ASSERT (((__heap_start__ == __heap_end__) || ((__heap_end__ - __RAM_segment_start__) <= __RAM_segment_size__)), error: .heap is too large to fit in RAM memory segment)
                0x000000002000e000                __stack_load_start__ = (__RAM_segment_start__ + (__RAM_segment_size__ - 0x2000))

.stack          0x000000002000e000     0x2000
                0x000000002000e000                __stack_start__ = .
                0x000000002000e000                __StackLimit = __stack_start__
 *(.stack .stack.*)
                0x0000000020010000                . = ALIGN (MAX ((__stack_start__ + __STACKSIZE__), .), 0x8)
 *fill*         0x000000002000e000     0x2000 
                0x0000000020010000                __stack_end__ = (__stack_start__ + SIZEOF (.stack))
                0x0000000000002000                __stack_size__ = SIZEOF (.stack)
                0x0000000020010000                __StackTop = __stack_end__
                0x0000000020010000                __stack_load_end__ = __stack_end__
                0x0000000000000001                . = ASSERT (((__stack_start__ == __stack_end__) || ((__stack_end__ - __RAM_segment_start__) <= __RAM_segment_size__)), error: .stack is too large to fit in RAM memory segment)
                0x0000000000000001                . = ASSERT ((__heap_end__ <= __stack_start__), error: section .heap overlaps absolute placed section .stack)
                0x0000000020010000                __stack_process_load_start__ = ALIGN (__stack_end__, 0x8)

.stack_process  0x0000000020010000        0x0
                0x0000000020010000                __stack_process_start__ = .
 *(.stack_process .stack_process.*)
                0x0000000020010000                . = ALIGN (MAX ((__stack_process_start__ + __STACKSIZE_PROCESS__), .), 0x8)
                0x0000000020010000                __stack_process_end__ = (__stack_process_start__ + SIZEOF (.stack_process))
                0x0000000000000000                __stack_process_size__ = SIZEOF (.stack_process)
                0x0000000020010000                __stack_process_load_end__ = __stack_process_end__
                0x0000000020010000                __RAM_segment_used_end__ = (ALIGN (__stack_end__, 0x8) + SIZEOF (.stack_process))
                0x0000000000010000                __RAM_segment_used_size__ = (__RAM_segment_used_end__ - __RAM_segment_start__)
                0x0000000000000001                . = ASSERT (((__stack_process_start__ == __stack_process_end__) || ((__stack_process_end__ - __RAM_segment_start__) <= __RAM_segment_size__)), error: .stack_process is too large to fit in RAM memory segment)
START GROUP
LOAD Output/serial_pca10040 Release/Obj/thumb_crt0.o
LOAD Output/serial_pca10040 Release/Obj/nrf_log_frontend.o
LOAD Output/serial_pca10040 Release/Obj/nrf_log_str_formatter.o
LOAD Output/serial_pca10040 Release/Obj/boards.o
LOAD Output/serial_pca10040 Release/Obj/app_button.o
LOAD Output/serial_pca10040 Release/Obj/app_error.o
LOAD Output/serial_pca10040 Release/Obj/app_error_handler_gcc.o
LOAD Output/serial_pca10040 Release/Obj/app_error_weak.o
LOAD Output/serial_pca10040 Release/Obj/app_scheduler.o
LOAD Output/serial_pca10040 Release/Obj/app_timer.o
LOAD Output/serial_pca10040 Release/Obj/app_util_platform.o
LOAD Output/serial_pca10040 Release/Obj/hardfault_handler_gcc.o
LOAD Output/serial_pca10040 Release/Obj/hardfault_implementation.o
LOAD Output/serial_pca10040 Release/Obj/nrf_assert.o
LOAD Output/serial_pca10040 Release/Obj/nrf_atomic.o
LOAD Output/serial_pca10040 Release/Obj/nrf_balloc.o
LOAD Output/serial_pca10040 Release/Obj/nrf_fprintf.o
LOAD Output/serial_pca10040 Release/Obj/nrf_fprintf_format.o
LOAD Output/serial_pca10040 Release/Obj/nrf_memobj.o
LOAD Output/serial_pca10040 Release/Obj/nrf_queue.o
LOAD Output/serial_pca10040 Release/Obj/nrf_ringbuf.o
LOAD Output/serial_pca10040 Release/Obj/nrf_serial.o
LOAD Output/serial_pca10040 Release/Obj/nrf_strerror.o
LOAD Output/serial_pca10040 Release/Obj/nrf_drv_clock.o
LOAD Output/serial_pca10040 Release/Obj/nrf_drv_power.o
LOAD Output/serial_pca10040 Release/Obj/nrf_drv_uart.o
LOAD Output/serial_pca10040 Release/Obj/nrf_nvic.o
LOAD Output/serial_pca10040 Release/Obj/nrf_soc.o
LOAD Output/serial_pca10040 Release/Obj/nrfx_atomic.o
LOAD Output/serial_pca10040 Release/Obj/nrfx_clock.o
LOAD Output/serial_pca10040 Release/Obj/nrfx_gpiote.o
LOAD Output/serial_pca10040 Release/Obj/nrfx_power.o
LOAD Output/serial_pca10040 Release/Obj/nrfx_prs.o
LOAD Output/serial_pca10040 Release/Obj/nrfx_uart.o
LOAD Output/serial_pca10040 Release/Obj/nrfx_uarte.o
LOAD Output/serial_pca10040 Release/Obj/bsp.o
LOAD Output/serial_pca10040 Release/Obj/main.o
LOAD Output/serial_pca10040 Release/Obj/ses_startup_nrf52.o
LOAD Output/serial_pca10040 Release/Obj/ses_startup_nrf_common.o
LOAD Output/serial_pca10040 Release/Obj/system_nrf52.o
LOAD C:/Program Files/SEGGER/SEGGER Embedded Studio for ARM 4.22/lib/libdebugio_mempoll_v7em_fpv4_sp_d16_hard_t_le_eabi.a
LOAD C:/Program Files/SEGGER/SEGGER Embedded Studio for ARM 4.22/lib/libm_v7em_fpv4_sp_d16_hard_t_le_eabi.a
LOAD C:/Program Files/SEGGER/SEGGER Embedded Studio for ARM 4.22/lib/libc_v7em_fpv4_sp_d16_hard_t_le_eabi.a
LOAD C:/Program Files/SEGGER/SEGGER Embedded Studio for ARM 4.22/lib/libcpp_v7em_fpv4_sp_d16_hard_t_le_eabi.a
LOAD C:/Program Files/SEGGER/SEGGER Embedded Studio for ARM 4.22/lib/libdebugio_v7em_fpv4_sp_d16_hard_t_le_eabi.a
LOAD C:/Program Files/SEGGER/SEGGER Embedded Studio for ARM 4.22/lib/libvfprintf_v7em_fpv4_sp_d16_hard_t_le_eabi.o
LOAD C:/Program Files/SEGGER/SEGGER Embedded Studio for ARM 4.22/lib/libvfscanf_v7em_fpv4_sp_d16_hard_t_le_eabi.o
END GROUP
OUTPUT(Output/Release/Exe/serial_pca10040.elf elf32-littlearm)

.ARM.attributes
                0x0000000000000000       0x35
 .ARM.attributes
                0x0000000000000000       0x25 Output/serial_pca10040 Release/Obj/thumb_crt0.o
 .ARM.attributes
                0x0000000000000025       0x39 Output/serial_pca10040 Release/Obj/boards.o
 .ARM.attributes
                0x000000000000005e       0x39 Output/serial_pca10040 Release/Obj/app_error.o
 .ARM.attributes
                0x0000000000000097       0x39 Output/serial_pca10040 Release/Obj/app_error_handler_gcc.o
 .ARM.attributes
                0x00000000000000d0       0x39 Output/serial_pca10040 Release/Obj/app_error_weak.o
 .ARM.attributes
                0x0000000000000109       0x39 Output/serial_pca10040 Release/Obj/app_timer.o
 .ARM.attributes
                0x0000000000000142       0x39 Output/serial_pca10040 Release/Obj/app_util_platform.o
 .ARM.attributes
                0x000000000000017b       0x39 Output/serial_pca10040 Release/Obj/hardfault_handler_gcc.o
 .ARM.attributes
                0x00000000000001b4       0x39 Output/serial_pca10040 Release/Obj/hardfault_implementation.o
 .ARM.attributes
                0x00000000000001ed       0x39 Output/serial_pca10040 Release/Obj/nrf_assert.o
 .ARM.attributes
                0x0000000000000226       0x39 Output/serial_pca10040 Release/Obj/nrf_atomic.o
 .ARM.attributes
                0x000000000000025f       0x39 Output/serial_pca10040 Release/Obj/nrf_queue.o
 .ARM.attributes
                0x0000000000000298       0x39 Output/serial_pca10040 Release/Obj/nrf_serial.o
 .ARM.attributes
                0x00000000000002d1       0x39 Output/serial_pca10040 Release/Obj/nrf_drv_clock.o
 .ARM.attributes
                0x000000000000030a       0x39 Output/serial_pca10040 Release/Obj/nrf_drv_power.o
 .ARM.attributes
                0x0000000000000343       0x39 Output/serial_pca10040 Release/Obj/nrf_drv_uart.o
 .ARM.attributes
                0x000000000000037c       0x39 Output/serial_pca10040 Release/Obj/nrfx_clock.o
 .ARM.attributes
                0x00000000000003b5       0x39 Output/serial_pca10040 Release/Obj/nrfx_gpiote.o
 .ARM.attributes
                0x00000000000003ee       0x39 Output/serial_pca10040 Release/Obj/nrfx_power.o
 .ARM.attributes
                0x0000000000000427       0x39 Output/serial_pca10040 Release/Obj/nrfx_prs.o
 .ARM.attributes
                0x0000000000000460       0x39 Output/serial_pca10040 Release/Obj/nrfx_uart.o
 .ARM.attributes
                0x0000000000000499       0x39 Output/serial_pca10040 Release/Obj/nrfx_uarte.o
 .ARM.attributes
                0x00000000000004d2       0x39 Output/serial_pca10040 Release/Obj/main.o
 .ARM.attributes
                0x000000000000050b       0x25 Output/serial_pca10040 Release/Obj/ses_startup_nrf52.o
 .ARM.attributes
                0x0000000000000530       0x25 Output/serial_pca10040 Release/Obj/ses_startup_nrf_common.o
 .ARM.attributes
                0x0000000000000555       0x39 Output/serial_pca10040 Release/Obj/system_nrf52.o
 .ARM.attributes
                0x000000000000058e       0x20 C:/Program Files/SEGGER/SEGGER Embedded Studio for ARM 4.22/lib/libc_v7em_fpv4_sp_d16_hard_t_le_eabi.a(libc_asm.o)
 .ARM.attributes
                0x00000000000005ae       0x20 C:/Program Files/SEGGER/SEGGER Embedded Studio for ARM 4.22/lib/libc_v7em_fpv4_sp_d16_hard_t_le_eabi.a(libc2_asm.o)

.comment        0x0000000000000000       0x43
 .comment       0x0000000000000000       0x43 Output/serial_pca10040 Release/Obj/boards.o
                                         0x44 (size before relaxing)
 .comment       0x0000000000000043       0x44 Output/serial_pca10040 Release/Obj/app_error.o
 .comment       0x0000000000000043       0x44 Output/serial_pca10040 Release/Obj/app_error_handler_gcc.o
 .comment       0x0000000000000043       0x44 Output/serial_pca10040 Release/Obj/app_error_weak.o
 .comment       0x0000000000000043       0x44 Output/serial_pca10040 Release/Obj/app_timer.o
 .comment       0x0000000000000043       0x44 Output/serial_pca10040 Release/Obj/app_util_platform.o
 .comment       0x0000000000000043       0x44 Output/serial_pca10040 Release/Obj/hardfault_handler_gcc.o
 .comment       0x0000000000000043       0x44 Output/serial_pca10040 Release/Obj/hardfault_implementation.o
 .comment       0x0000000000000043       0x44 Output/serial_pca10040 Release/Obj/nrf_assert.o
 .comment       0x0000000000000043       0x44 Output/serial_pca10040 Release/Obj/nrf_atomic.o
 .comment       0x0000000000000043       0x44 Output/serial_pca10040 Release/Obj/nrf_queue.o
 .comment       0x0000000000000043       0x44 Output/serial_pca10040 Release/Obj/nrf_serial.o
 .comment       0x0000000000000043       0x44 Output/serial_pca10040 Release/Obj/nrf_drv_clock.o
 .comment       0x0000000000000043       0x44 Output/serial_pca10040 Release/Obj/nrf_drv_power.o
 .comment       0x0000000000000043       0x44 Output/serial_pca10040 Release/Obj/nrf_drv_uart.o
 .comment       0x0000000000000043       0x44 Output/serial_pca10040 Release/Obj/nrfx_clock.o
 .comment       0x0000000000000043       0x44 Output/serial_pca10040 Release/Obj/nrfx_gpiote.o
 .comment       0x0000000000000043       0x44 Output/serial_pca10040 Release/Obj/nrfx_power.o
 .comment       0x0000000000000043       0x44 Output/serial_pca10040 Release/Obj/nrfx_prs.o
 .comment       0x0000000000000043       0x44 Output/serial_pca10040 Release/Obj/nrfx_uart.o
 .comment       0x0000000000000043       0x44 Output/serial_pca10040 Release/Obj/nrfx_uarte.o
 .comment       0x0000000000000043       0x44 Output/serial_pca10040 Release/Obj/main.o
 .comment       0x0000000000000043       0x44 Output/serial_pca10040 Release/Obj/system_nrf52.o

.debug_line     0x0000000000000000    0x10664
 .debug_line    0x0000000000000000      0x1ed Output/serial_pca10040 Release/Obj/thumb_crt0.o
 .debug_line    0x00000000000001ed      0xc07 Output/serial_pca10040 Release/Obj/boards.o
 .debug_line    0x0000000000000df4      0x3bc Output/serial_pca10040 Release/Obj/app_error.o
 .debug_line    0x00000000000011b0      0x358 Output/serial_pca10040 Release/Obj/app_error_handler_gcc.o
 .debug_line    0x0000000000001508      0x574 Output/serial_pca10040 Release/Obj/app_error_weak.o
 .debug_line    0x0000000000001a7c     0x1172 Output/serial_pca10040 Release/Obj/app_timer.o
 .debug_line    0x0000000000002bee      0x471 Output/serial_pca10040 Release/Obj/app_util_platform.o
 .debug_line    0x000000000000305f      0x36a Output/serial_pca10040 Release/Obj/hardfault_handler_gcc.o
 .debug_line    0x00000000000033c9      0x5b3 Output/serial_pca10040 Release/Obj/hardfault_implementation.o
 .debug_line    0x000000000000397c      0x2ef Output/serial_pca10040 Release/Obj/nrf_assert.o
 .debug_line    0x0000000000003c6b      0x613 Output/serial_pca10040 Release/Obj/nrf_atomic.o
 .debug_line    0x000000000000427e      0xd9a Output/serial_pca10040 Release/Obj/nrf_queue.o
 .debug_line    0x0000000000005018     0x1426 Output/serial_pca10040 Release/Obj/nrf_serial.o
 .debug_line    0x000000000000643e      0xc79 Output/serial_pca10040 Release/Obj/nrf_drv_clock.o
 .debug_line    0x00000000000070b7      0x719 Output/serial_pca10040 Release/Obj/nrf_drv_power.o
 .debug_line    0x00000000000077d0      0x675 Output/serial_pca10040 Release/Obj/nrf_drv_uart.o
 .debug_line    0x0000000000007e45      0xeba Output/serial_pca10040 Release/Obj/nrfx_clock.o
 .debug_line    0x0000000000008cff     0x266b Output/serial_pca10040 Release/Obj/nrfx_gpiote.o
 .debug_line    0x000000000000b36a      0xb80 Output/serial_pca10040 Release/Obj/nrfx_power.o
 .debug_line    0x000000000000beea      0x79f Output/serial_pca10040 Release/Obj/nrfx_prs.o
 .debug_line    0x000000000000c689     0x17ef Output/serial_pca10040 Release/Obj/nrfx_uart.o
 .debug_line    0x000000000000de78     0x1627 Output/serial_pca10040 Release/Obj/nrfx_uarte.o
 .debug_line    0x000000000000f49f      0xa47 Output/serial_pca10040 Release/Obj/main.o
 .debug_line    0x000000000000fee6       0xa4 Output/serial_pca10040 Release/Obj/ses_startup_nrf52.o
 .debug_line    0x000000000000ff8a       0xc8 Output/serial_pca10040 Release/Obj/ses_startup_nrf_common.o
 .debug_line    0x0000000000010052      0x612 Output/serial_pca10040 Release/Obj/system_nrf52.o

.debug_info     0x0000000000000000    0x22d50
 .debug_info    0x0000000000000000       0x22 Output/serial_pca10040 Release/Obj/thumb_crt0.o
 .debug_info    0x0000000000000022     0x1420 Output/serial_pca10040 Release/Obj/boards.o
 .debug_info    0x0000000000001442      0x876 Output/serial_pca10040 Release/Obj/app_error.o
 .debug_info    0x0000000000001cb8      0x6ea Output/serial_pca10040 Release/Obj/app_error_handler_gcc.o
 .debug_info    0x00000000000023a2      0xab2 Output/serial_pca10040 Release/Obj/app_error_weak.o
 .debug_info    0x0000000000002e54     0x2246 Output/serial_pca10040 Release/Obj/app_timer.o
 .debug_info    0x000000000000509a      0xdf9 Output/serial_pca10040 Release/Obj/app_util_platform.o
 .debug_info    0x0000000000005e93      0x64b Output/serial_pca10040 Release/Obj/hardfault_handler_gcc.o
 .debug_info    0x00000000000064de      0xce0 Output/serial_pca10040 Release/Obj/hardfault_implementation.o
 .debug_info    0x00000000000071be      0x70b Output/serial_pca10040 Release/Obj/nrf_assert.o
 .debug_info    0x00000000000078c9      0xf1b Output/serial_pca10040 Release/Obj/nrf_atomic.o
 .debug_info    0x00000000000087e4     0x1659 Output/serial_pca10040 Release/Obj/nrf_queue.o
 .debug_info    0x0000000000009e3d     0x2a96 Output/serial_pca10040 Release/Obj/nrf_serial.o
 .debug_info    0x000000000000c8d3     0x1428 Output/serial_pca10040 Release/Obj/nrf_drv_clock.o
 .debug_info    0x000000000000dcfb      0xb6b Output/serial_pca10040 Release/Obj/nrf_drv_power.o
 .debug_info    0x000000000000e866     0x177a Output/serial_pca10040 Release/Obj/nrf_drv_uart.o
 .debug_info    0x000000000000ffe0     0x1b5f Output/serial_pca10040 Release/Obj/nrfx_clock.o
 .debug_info    0x0000000000011b3f     0x46bb Output/serial_pca10040 Release/Obj/nrfx_gpiote.o
 .debug_info    0x00000000000161fa     0x1c29 Output/serial_pca10040 Release/Obj/nrfx_power.o
 .debug_info    0x0000000000017e23      0xec9 Output/serial_pca10040 Release/Obj/nrfx_prs.o
 .debug_info    0x0000000000018cec     0x38f3 Output/serial_pca10040 Release/Obj/nrfx_uart.o
 .debug_info    0x000000000001c5df     0x3884 Output/serial_pca10040 Release/Obj/nrfx_uarte.o
 .debug_info    0x000000000001fe63     0x1c9f Output/serial_pca10040 Release/Obj/main.o
 .debug_info    0x0000000000021b02       0x26 Output/serial_pca10040 Release/Obj/ses_startup_nrf52.o
 .debug_info    0x0000000000021b28       0x26 Output/serial_pca10040 Release/Obj/ses_startup_nrf_common.o
 .debug_info    0x0000000000021b4e     0x1202 Output/serial_pca10040 Release/Obj/system_nrf52.o

.debug_abbrev   0x0000000000000000     0x4d92
 .debug_abbrev  0x0000000000000000       0x12 Output/serial_pca10040 Release/Obj/thumb_crt0.o
 .debug_abbrev  0x0000000000000012      0x3c2 Output/serial_pca10040 Release/Obj/boards.o
 .debug_abbrev  0x00000000000003d4      0x1d8 Output/serial_pca10040 Release/Obj/app_error.o
 .debug_abbrev  0x00000000000005ac      0x13e Output/serial_pca10040 Release/Obj/app_error_handler_gcc.o
 .debug_abbrev  0x00000000000006ea      0x20b Output/serial_pca10040 Release/Obj/app_error_weak.o
 .debug_abbrev  0x00000000000008f5      0x575 Output/serial_pca10040 Release/Obj/app_timer.o
 .debug_abbrev  0x0000000000000e6a      0x350 Output/serial_pca10040 Release/Obj/app_util_platform.o
 .debug_abbrev  0x00000000000011ba      0x12a Output/serial_pca10040 Release/Obj/hardfault_handler_gcc.o
 .debug_abbrev  0x00000000000012e4      0x24d Output/serial_pca10040 Release/Obj/hardfault_implementation.o
 .debug_abbrev  0x0000000000001531      0x17b Output/serial_pca10040 Release/Obj/nrf_assert.o
 .debug_abbrev  0x00000000000016ac      0x263 Output/serial_pca10040 Release/Obj/nrf_atomic.o
 .debug_abbrev  0x000000000000190f      0x283 Output/serial_pca10040 Release/Obj/nrf_queue.o
 .debug_abbrev  0x0000000000001b92      0x58a Output/serial_pca10040 Release/Obj/nrf_serial.o
 .debug_abbrev  0x000000000000211c      0x486 Output/serial_pca10040 Release/Obj/nrf_drv_clock.o
 .debug_abbrev  0x00000000000025a2      0x27a Output/serial_pca10040 Release/Obj/nrf_drv_power.o
 .debug_abbrev  0x000000000000281c      0x274 Output/serial_pca10040 Release/Obj/nrf_drv_uart.o
 .debug_abbrev  0x0000000000002a90      0x4b0 Output/serial_pca10040 Release/Obj/nrfx_clock.o
 .debug_abbrev  0x0000000000002f40      0x5bc Output/serial_pca10040 Release/Obj/nrfx_gpiote.o
 .debug_abbrev  0x00000000000034fc      0x55d Output/serial_pca10040 Release/Obj/nrfx_power.o
 .debug_abbrev  0x0000000000003a59      0x2e4 Output/serial_pca10040 Release/Obj/nrfx_prs.o
 .debug_abbrev  0x0000000000003d3d      0x5b6 Output/serial_pca10040 Release/Obj/nrfx_uart.o
 .debug_abbrev  0x00000000000042f3      0x539 Output/serial_pca10040 Release/Obj/nrfx_uarte.o
 .debug_abbrev  0x000000000000482c      0x2f3 Output/serial_pca10040 Release/Obj/main.o
 .debug_abbrev  0x0000000000004b1f       0x14 Output/serial_pca10040 Release/Obj/ses_startup_nrf52.o
 .debug_abbrev  0x0000000000004b33       0x14 Output/serial_pca10040 Release/Obj/ses_startup_nrf_common.o
 .debug_abbrev  0x0000000000004b47      0x24b Output/serial_pca10040 Release/Obj/system_nrf52.o

.debug_aranges  0x0000000000000000      0x9a8
 .debug_aranges
                0x0000000000000000       0x80 Output/serial_pca10040 Release/Obj/thumb_crt0.o
 .debug_aranges
                0x0000000000000080       0x80 Output/serial_pca10040 Release/Obj/boards.o
 .debug_aranges
                0x0000000000000100       0x28 Output/serial_pca10040 Release/Obj/app_error.o
 .debug_aranges
                0x0000000000000128       0x20 Output/serial_pca10040 Release/Obj/app_error_handler_gcc.o
 .debug_aranges
                0x0000000000000148       0x20 Output/serial_pca10040 Release/Obj/app_error_weak.o
 .debug_aranges
                0x0000000000000168       0x90 Output/serial_pca10040 Release/Obj/app_timer.o
 .debug_aranges
                0x00000000000001f8       0x48 Output/serial_pca10040 Release/Obj/app_util_platform.o
 .debug_aranges
                0x0000000000000240       0x20 Output/serial_pca10040 Release/Obj/hardfault_handler_gcc.o
 .debug_aranges
                0x0000000000000260       0x28 Output/serial_pca10040 Release/Obj/hardfault_implementation.o
 .debug_aranges
                0x0000000000000288       0x20 Output/serial_pca10040 Release/Obj/nrf_assert.o
 .debug_aranges
                0x00000000000002a8       0xb0 Output/serial_pca10040 Release/Obj/nrf_atomic.o
 .debug_aranges
                0x0000000000000358       0xa0 Output/serial_pca10040 Release/Obj/nrf_queue.o
 .debug_aranges
                0x00000000000003f8       0xa8 Output/serial_pca10040 Release/Obj/nrf_serial.o
 .debug_aranges
                0x00000000000004a0       0x88 Output/serial_pca10040 Release/Obj/nrf_drv_clock.o
 .debug_aranges
                0x0000000000000528       0x50 Output/serial_pca10040 Release/Obj/nrf_drv_power.o
 .debug_aranges
                0x0000000000000578       0x30 Output/serial_pca10040 Release/Obj/nrf_drv_uart.o
 .debug_aranges
                0x00000000000005a8       0x78 Output/serial_pca10040 Release/Obj/nrfx_clock.o
 .debug_aranges
                0x0000000000000620       0xf8 Output/serial_pca10040 Release/Obj/nrfx_gpiote.o
 .debug_aranges
                0x0000000000000718       0x88 Output/serial_pca10040 Release/Obj/nrfx_power.o
 .debug_aranges
                0x00000000000007a0       0x30 Output/serial_pca10040 Release/Obj/nrfx_prs.o
 .debug_aranges
                0x00000000000007d0       0xb0 Output/serial_pca10040 Release/Obj/nrfx_uart.o
 .debug_aranges
                0x0000000000000880       0x88 Output/serial_pca10040 Release/Obj/nrfx_uarte.o
 .debug_aranges
                0x0000000000000908       0x28 Output/serial_pca10040 Release/Obj/main.o
 .debug_aranges
                0x0000000000000930       0x20 Output/serial_pca10040 Release/Obj/ses_startup_nrf52.o
 .debug_aranges
                0x0000000000000950       0x20 Output/serial_pca10040 Release/Obj/ses_startup_nrf_common.o
 .debug_aranges
                0x0000000000000970       0x38 Output/serial_pca10040 Release/Obj/system_nrf52.o

.debug_str      0x0000000000000000    0x78741
 .debug_str     0x0000000000000000       0xce Output/serial_pca10040 Release/Obj/thumb_crt0.o
 .debug_str     0x00000000000000ce    0x6aa91 Output/serial_pca10040 Release/Obj/boards.o
                                      0x6b9e5 (size before relaxing)
 .debug_str     0x000000000006ab5f      0x14f Output/serial_pca10040 Release/Obj/app_error.o
                                      0x5d298 (size before relaxing)
 .debug_str     0x000000000006acae      0x52f Output/serial_pca10040 Release/Obj/app_error_handler_gcc.o
                                      0x676b0 (size before relaxing)
 .debug_str     0x000000000006b1dd     0x2d6e Output/serial_pca10040 Release/Obj/app_error_weak.o
                                      0x6a734 (size before relaxing)
 .debug_str     0x000000000006df4b      0xf72 Output/serial_pca10040 Release/Obj/app_timer.o
                                      0x6b9ab (size before relaxing)
 .debug_str     0x000000000006eebd      0x1ea Output/serial_pca10040 Release/Obj/app_util_platform.o
                                      0x5da9e (size before relaxing)
 .debug_str     0x000000000006f0a7       0x99 Output/serial_pca10040 Release/Obj/hardfault_handler_gcc.o
                                      0x671b7 (size before relaxing)
 .debug_str     0x000000000006f140      0x1bb Output/serial_pca10040 Release/Obj/hardfault_implementation.o
                                      0x6a7f5 (size before relaxing)
 .debug_str     0x000000000006f2fb       0x69 Output/serial_pca10040 Release/Obj/nrf_assert.o
                                      0x5d2a3 (size before relaxing)
 .debug_str     0x000000000006f364      0x781 Output/serial_pca10040 Release/Obj/nrf_atomic.o
                                      0x678ab (size before relaxing)
 .debug_str     0x000000000006fae5     0x171a Output/serial_pca10040 Release/Obj/nrf_queue.o
                                      0x6b8f9 (size before relaxing)
 .debug_str     0x00000000000711ff     0x1bbd Output/serial_pca10040 Release/Obj/nrf_serial.o
                                      0x6e815 (size before relaxing)
 .debug_str     0x0000000000072dbc      0x984 Output/serial_pca10040 Release/Obj/nrf_drv_clock.o
                                      0x6dae9 (size before relaxing)
 .debug_str     0x0000000000073740      0xcab Output/serial_pca10040 Release/Obj/nrf_drv_power.o
                                      0x6b6b4 (size before relaxing)
 .debug_str     0x00000000000743eb      0x4a8 Output/serial_pca10040 Release/Obj/nrf_drv_uart.o
                                      0x6b8b5 (size before relaxing)
 .debug_str     0x0000000000074893      0x942 Output/serial_pca10040 Release/Obj/nrfx_clock.o
                                      0x6e2c3 (size before relaxing)
 .debug_str     0x00000000000751d5     0x18be Output/serial_pca10040 Release/Obj/nrfx_gpiote.o
                                      0x6f45e (size before relaxing)
 .debug_str     0x0000000000076a93      0x334 Output/serial_pca10040 Release/Obj/nrfx_power.o
                                      0x6b527 (size before relaxing)
 .debug_str     0x0000000000076dc7      0x376 Output/serial_pca10040 Release/Obj/nrfx_prs.o
                                      0x6d949 (size before relaxing)
 .debug_str     0x000000000007713d      0x690 Output/serial_pca10040 Release/Obj/nrfx_uart.o
                                      0x6eade (size before relaxing)
 .debug_str     0x00000000000777cd      0x958 Output/serial_pca10040 Release/Obj/nrfx_uarte.o
                                      0x6ef72 (size before relaxing)
 .debug_str     0x0000000000078125      0x2b4 Output/serial_pca10040 Release/Obj/main.o
                                      0x72250 (size before relaxing)
 .debug_str     0x00000000000783d9       0x67 Output/serial_pca10040 Release/Obj/ses_startup_nrf52.o
                                         0xe5 (size before relaxing)
 .debug_str     0x0000000000078440       0x6c Output/serial_pca10040 Release/Obj/ses_startup_nrf_common.o
                                         0xea (size before relaxing)
 .debug_str     0x00000000000784ac      0x295 Output/serial_pca10040 Release/Obj/system_nrf52.o
                                      0x5bbd5 (size before relaxing)

.debug_ranges   0x0000000000000000     0x1ef0
 .debug_ranges  0x0000000000000000       0x78 Output/serial_pca10040 Release/Obj/thumb_crt0.o
 .debug_ranges  0x0000000000000078      0x300 Output/serial_pca10040 Release/Obj/boards.o
 .debug_ranges  0x0000000000000378       0x18 Output/serial_pca10040 Release/Obj/app_error.o
 .debug_ranges  0x0000000000000390       0x10 Output/serial_pca10040 Release/Obj/app_error_handler_gcc.o
 .debug_ranges  0x00000000000003a0       0x10 Output/serial_pca10040 Release/Obj/app_error_weak.o
 .debug_ranges  0x00000000000003b0      0x450 Output/serial_pca10040 Release/Obj/app_timer.o
 .debug_ranges  0x0000000000000800       0x38 Output/serial_pca10040 Release/Obj/app_util_platform.o
 .debug_ranges  0x0000000000000838       0x10 Output/serial_pca10040 Release/Obj/hardfault_handler_gcc.o
 .debug_ranges  0x0000000000000848       0x18 Output/serial_pca10040 Release/Obj/hardfault_implementation.o
 .debug_ranges  0x0000000000000860       0x10 Output/serial_pca10040 Release/Obj/nrf_assert.o
 .debug_ranges  0x0000000000000870       0xb8 Output/serial_pca10040 Release/Obj/nrf_atomic.o
 .debug_ranges  0x0000000000000928       0xc0 Output/serial_pca10040 Release/Obj/nrf_queue.o
 .debug_ranges  0x00000000000009e8      0x1e0 Output/serial_pca10040 Release/Obj/nrf_serial.o
 .debug_ranges  0x0000000000000bc8       0xf0 Output/serial_pca10040 Release/Obj/nrf_drv_clock.o
 .debug_ranges  0x0000000000000cb8       0x40 Output/serial_pca10040 Release/Obj/nrf_drv_power.o
 .debug_ranges  0x0000000000000cf8       0x20 Output/serial_pca10040 Release/Obj/nrf_drv_uart.o
 .debug_ranges  0x0000000000000d18      0x148 Output/serial_pca10040 Release/Obj/nrfx_clock.o
 .debug_ranges  0x0000000000000e60      0x788 Output/serial_pca10040 Release/Obj/nrfx_gpiote.o
 .debug_ranges  0x00000000000015e8      0x178 Output/serial_pca10040 Release/Obj/nrfx_power.o
 .debug_ranges  0x0000000000001760       0x38 Output/serial_pca10040 Release/Obj/nrfx_prs.o
 .debug_ranges  0x0000000000001798      0x3b8 Output/serial_pca10040 Release/Obj/nrfx_uart.o
 .debug_ranges  0x0000000000001b50      0x348 Output/serial_pca10040 Release/Obj/nrfx_uarte.o
 .debug_ranges  0x0000000000001e98       0x30 Output/serial_pca10040 Release/Obj/main.o
 .debug_ranges  0x0000000000001ec8       0x28 Output/serial_pca10040 Release/Obj/system_nrf52.o

.debug_frame    0x0000000000000000     0x19dc
 .debug_frame   0x0000000000000000      0x168 Output/serial_pca10040 Release/Obj/boards.o
 .debug_frame   0x0000000000000168       0x58 Output/serial_pca10040 Release/Obj/app_error.o
 .debug_frame   0x00000000000001c0       0x20 Output/serial_pca10040 Release/Obj/app_error_handler_gcc.o
 .debug_frame   0x00000000000001e0       0x20 Output/serial_pca10040 Release/Obj/app_error_weak.o
 .debug_frame   0x0000000000000200      0x1a0 Output/serial_pca10040 Release/Obj/app_timer.o
 .debug_frame   0x00000000000003a0       0x98 Output/serial_pca10040 Release/Obj/app_util_platform.o
 .debug_frame   0x0000000000000438       0x20 Output/serial_pca10040 Release/Obj/hardfault_handler_gcc.o
 .debug_frame   0x0000000000000458       0x3c Output/serial_pca10040 Release/Obj/hardfault_implementation.o
 .debug_frame   0x0000000000000494       0x30 Output/serial_pca10040 Release/Obj/nrf_assert.o
 .debug_frame   0x00000000000004c4      0x150 Output/serial_pca10040 Release/Obj/nrf_atomic.o
 .debug_frame   0x0000000000000614      0x22c Output/serial_pca10040 Release/Obj/nrf_queue.o
 .debug_frame   0x0000000000000840      0x2d8 Output/serial_pca10040 Release/Obj/nrf_serial.o
 .debug_frame   0x0000000000000b18      0x1b4 Output/serial_pca10040 Release/Obj/nrf_drv_clock.o
 .debug_frame   0x0000000000000ccc       0xd8 Output/serial_pca10040 Release/Obj/nrf_drv_power.o
 .debug_frame   0x0000000000000da4       0x88 Output/serial_pca10040 Release/Obj/nrf_drv_uart.o
 .debug_frame   0x0000000000000e2c      0x174 Output/serial_pca10040 Release/Obj/nrfx_clock.o
 .debug_frame   0x0000000000000fa0      0x3b0 Output/serial_pca10040 Release/Obj/nrfx_gpiote.o
 .debug_frame   0x0000000000001350      0x184 Output/serial_pca10040 Release/Obj/nrfx_power.o
 .debug_frame   0x00000000000014d4       0x64 Output/serial_pca10040 Release/Obj/nrfx_prs.o
 .debug_frame   0x0000000000001538      0x254 Output/serial_pca10040 Release/Obj/nrfx_uart.o
 .debug_frame   0x000000000000178c      0x1b4 Output/serial_pca10040 Release/Obj/nrfx_uarte.o
 .debug_frame   0x0000000000001940       0x40 Output/serial_pca10040 Release/Obj/main.o
 .debug_frame   0x0000000000001980       0x5c Output/serial_pca10040 Release/Obj/system_nrf52.o

.debug_loc      0x0000000000000000     0x9542
 .debug_loc     0x0000000000000000      0x8e2 Output/serial_pca10040 Release/Obj/boards.o
 .debug_loc     0x00000000000008e2       0xcd Output/serial_pca10040 Release/Obj/app_error.o
 .debug_loc     0x00000000000009af       0x6f Output/serial_pca10040 Release/Obj/app_error_handler_gcc.o
 .debug_loc     0x0000000000000a1e       0x6f Output/serial_pca10040 Release/Obj/app_error_weak.o
 .debug_loc     0x0000000000000a8d      0xe65 Output/serial_pca10040 Release/Obj/app_timer.o
 .debug_loc     0x00000000000018f2      0x124 Output/serial_pca10040 Release/Obj/app_util_platform.o
 .debug_loc     0x0000000000001a16       0x4a Output/serial_pca10040 Release/Obj/hardfault_implementation.o
 .debug_loc     0x0000000000001a60       0x66 Output/serial_pca10040 Release/Obj/nrf_assert.o
 .debug_loc     0x0000000000001ac6      0x489 Output/serial_pca10040 Release/Obj/nrf_atomic.o
 .debug_loc     0x0000000000001f4f      0x9eb Output/serial_pca10040 Release/Obj/nrf_queue.o
 .debug_loc     0x000000000000293a     0x1120 Output/serial_pca10040 Release/Obj/nrf_serial.o
 .debug_loc     0x0000000000003a5a      0x38c Output/serial_pca10040 Release/Obj/nrf_drv_clock.o
 .debug_loc     0x0000000000003de6       0xd7 Output/serial_pca10040 Release/Obj/nrf_drv_power.o
 .debug_loc     0x0000000000003ebd      0x1d6 Output/serial_pca10040 Release/Obj/nrf_drv_uart.o
 .debug_loc     0x0000000000004093      0x284 Output/serial_pca10040 Release/Obj/nrfx_clock.o
 .debug_loc     0x0000000000004317     0x231c Output/serial_pca10040 Release/Obj/nrfx_gpiote.o
 .debug_loc     0x0000000000006633      0x338 Output/serial_pca10040 Release/Obj/nrfx_power.o
 .debug_loc     0x000000000000696b      0x10b Output/serial_pca10040 Release/Obj/nrfx_prs.o
 .debug_loc     0x0000000000006a76     0x161b Output/serial_pca10040 Release/Obj/nrfx_uart.o
 .debug_loc     0x0000000000008091     0x13d8 Output/serial_pca10040 Release/Obj/nrfx_uarte.o
 .debug_loc     0x0000000000009469       0xd9 Output/serial_pca10040 Release/Obj/main.o

.debug_pubnames
                0x0000000000000000     0x6ebd
 .debug_pubnames
                0x0000000000000000      0x4bd Output/serial_pca10040 Release/Obj/boards.o
 .debug_pubnames
                0x00000000000004bd       0x6c Output/serial_pca10040 Release/Obj/app_error.o
 .debug_pubnames
                0x0000000000000529       0x28 Output/serial_pca10040 Release/Obj/app_error_handler_gcc.o
 .debug_pubnames
                0x0000000000000551       0xe5 Output/serial_pca10040 Release/Obj/app_error_weak.o
 .debug_pubnames
                0x0000000000000636      0x8bd Output/serial_pca10040 Release/Obj/app_timer.o
 .debug_pubnames
                0x0000000000000ef3      0x204 Output/serial_pca10040 Release/Obj/app_util_platform.o
 .debug_pubnames
                0x00000000000010f7       0x28 Output/serial_pca10040 Release/Obj/hardfault_handler_gcc.o
 .debug_pubnames
                0x000000000000111f      0x10e Output/serial_pca10040 Release/Obj/hardfault_implementation.o
 .debug_pubnames
                0x000000000000122d       0x2a Output/serial_pca10040 Release/Obj/nrf_assert.o
 .debug_pubnames
                0x0000000000001257      0x233 Output/serial_pca10040 Release/Obj/nrf_atomic.o
 .debug_pubnames
                0x000000000000148a      0x27a Output/serial_pca10040 Release/Obj/nrf_queue.o
 .debug_pubnames
                0x0000000000001704      0x39d Output/serial_pca10040 Release/Obj/nrf_serial.o
 .debug_pubnames
                0x0000000000001aa1      0x48e Output/serial_pca10040 Release/Obj/nrf_drv_clock.o
 .debug_pubnames
                0x0000000000001f2f      0x5f4 Output/serial_pca10040 Release/Obj/nrf_drv_power.o
 .debug_pubnames
                0x0000000000002523       0xcb Output/serial_pca10040 Release/Obj/nrf_drv_uart.o
 .debug_pubnames
                0x00000000000025ee      0x69d Output/serial_pca10040 Release/Obj/nrfx_clock.o
 .debug_pubnames
                0x0000000000002c8b     0x137a Output/serial_pca10040 Release/Obj/nrfx_gpiote.o
 .debug_pubnames
                0x0000000000004005      0xaa8 Output/serial_pca10040 Release/Obj/nrfx_power.o
 .debug_pubnames
                0x0000000000004aad      0x11d Output/serial_pca10040 Release/Obj/nrfx_prs.o
 .debug_pubnames