Archive member included to satisfy reference by file (symbol)

C:/Program Files/SEGGER/SEGGER Embedded Studio for ARM 4.22/lib/libc_v7em_t_le_eabi.a(libc2.o)
                              Output/ble_app_blinky_pca10040e_s112 Release/Obj/nrf_log_str_formatter.o (isprint)
C:/Program Files/SEGGER/SEGGER Embedded Studio for ARM 4.22/lib/libc_v7em_t_le_eabi.a(libc2_asm.o)
                              Output/ble_app_blinky_pca10040e_s112 Release/Obj/nrf_log_frontend.o (memcpy)
C:/Program Files/SEGGER/SEGGER Embedded Studio for ARM 4.22/lib/libc_v7em_t_le_eabi.a(libc.o)
                              C:/Program Files/SEGGER/SEGGER Embedded Studio for ARM 4.22/lib/libc_v7em_t_le_eabi.a(libc2.o) (__heap_lock)
C:/Program Files/SEGGER/SEGGER Embedded Studio for ARM 4.22/lib/libc_v7em_t_le_eabi.a(libc_asm.o)
                              C:/Program Files/SEGGER/SEGGER Embedded Studio for ARM 4.22/lib/libc_v7em_t_le_eabi.a(libc2.o) (__aeabi_uldivmod)
C:/Program Files/SEGGER/SEGGER Embedded Studio for ARM 4.22/lib/libdebugio_v7em_t_le_eabi.a(libdebugio.o)
                              Output/ble_app_blinky_pca10040e_s112 Release/Obj/thumb_crt0.o (debug_fopen)
C:/Program Files/SEGGER/SEGGER Embedded Studio for ARM 4.22/lib/libdebugio_mempoll_v7em_t_le_eabi.a(mempoll_debug_operations.o)
                              C:/Program Files/SEGGER/SEGGER Embedded Studio for ARM 4.22/lib/libdebugio_v7em_t_le_eabi.a(libdebugio.o) (__do_debug_operation)
C:/Program Files/SEGGER/SEGGER Embedded Studio for ARM 4.22/lib/libdebugio_mempoll_v7em_t_le_eabi.a(do_nv_debug_operation.o)
                              C:/Program Files/SEGGER/SEGGER Embedded Studio for ARM 4.22/lib/libdebugio_v7em_t_le_eabi.a(libdebugio.o) (__do_nvdebug_operation)
C:/Program Files/SEGGER/SEGGER Embedded Studio for ARM 4.22/lib/libm_v7em_t_le_eabi.a(libm_asm.o)
                              C:/Program Files/SEGGER/SEGGER Embedded Studio for ARM 4.22/lib/libc_v7em_t_le_eabi.a(libc2.o) (__aeabi_i2f)
C:/Program Files/SEGGER/SEGGER Embedded Studio for ARM 4.22/lib/libm_v7em_t_le_eabi.a(libm2.o)
                              C:/Program Files/SEGGER/SEGGER Embedded Studio for ARM 4.22/lib/libvfprintf_v7em_t_le_eabi.o (frexp)
C:/Program Files/SEGGER/SEGGER Embedded Studio for ARM 4.22/lib/libm_v7em_t_le_eabi.a(libm2_asm.o)
                              C:/Program Files/SEGGER/SEGGER Embedded Studio for ARM 4.22/lib/libm_v7em_t_le_eabi.a(libm2.o) (fabs)

Discarded input sections

 .text          0x0000000000000000        0x0 Output/ble_app_blinky_pca10040e_s112 Release/Obj/thumb_crt0.o
 .data          0x0000000000000000        0x0 Output/ble_app_blinky_pca10040e_s112 Release/Obj/thumb_crt0.o
 .bss           0x0000000000000000        0x0 Output/ble_app_blinky_pca10040e_s112 Release/Obj/thumb_crt0.o
 .text.__aeabi_read_tp
                0x0000000000000000        0x8 Output/ble_app_blinky_pca10040e_s112 Release/Obj/thumb_crt0.o
 .text.abort    0x0000000000000000        0x2 Output/ble_app_blinky_pca10040e_s112 Release/Obj/thumb_crt0.o
 .text.__assert
                0x0000000000000000        0x2 Output/ble_app_blinky_pca10040e_s112 Release/Obj/thumb_crt0.o
 .text.__aeabi_assert
                0x0000000000000000        0x2 Output/ble_app_blinky_pca10040e_s112 Release/Obj/thumb_crt0.o
 .text.__sync_synchronize
                0x0000000000000000        0x2 Output/ble_app_blinky_pca10040e_s112 Release/Obj/thumb_crt0.o
 .text.__getchar
                0x0000000000000000        0x4 Output/ble_app_blinky_pca10040e_s112 Release/Obj/thumb_crt0.o
 .text.__putchar
                0x0000000000000000        0x4 Output/ble_app_blinky_pca10040e_s112 Release/Obj/thumb_crt0.o
 .text.__open   0x0000000000000000        0x4 Output/ble_app_blinky_pca10040e_s112 Release/Obj/thumb_crt0.o
 .text.__close  0x0000000000000000        0x4 Output/ble_app_blinky_pca10040e_s112 Release/Obj/thumb_crt0.o
 .text.__write  0x0000000000000000        0xa Output/ble_app_blinky_pca10040e_s112 Release/Obj/thumb_crt0.o
 .text.__read   0x0000000000000000        0xa Output/ble_app_blinky_pca10040e_s112 Release/Obj/thumb_crt0.o
 .text.__seek   0x0000000000000000       0x1a Output/ble_app_blinky_pca10040e_s112 Release/Obj/thumb_crt0.o
 .bss.__user_locale_name_buffer
                0x0000000000000000        0x4 Output/ble_app_blinky_pca10040e_s112 Release/Obj/thumb_crt0.o
 .stack         0x0000000000000000        0x0 Output/ble_app_blinky_pca10040e_s112 Release/Obj/thumb_crt0.o
 .stack_process
                0x0000000000000000        0x0 Output/ble_app_blinky_pca10040e_s112 Release/Obj/thumb_crt0.o
 .heap          0x0000000000000000        0x0 Output/ble_app_blinky_pca10040e_s112 Release/Obj/thumb_crt0.o
 .group         0x0000000000000000        0xc Output/ble_app_blinky_pca10040e_s112 Release/Obj/nrf_log_backend_rtt.o
 .group         0x0000000000000000        0xc Output/ble_app_blinky_pca10040e_s112 Release/Obj/nrf_log_backend_rtt.o
[...]
Memory Configuration

Name             Origin             Length             Attributes
UNPLACED_SECTIONS 0x0000000100000000 0x0000000000000000 xw
RAM              0x0000000020000000 0x0000000000006000 xw
FLASH            0x0000000000000000 0x0000000000030000 xw
*default*        0x0000000000000000 0xffffffffffffffff

Linker script and memory map

                0x0000000000000000                __vfprintf = __vfprintf_long
                0x0000000000000000                __vfscanf = __vfscanf_long
                0x0000000020000000                __RAM_segment_start__ = 0x20000000
                0x0000000020006000                __RAM_segment_end__ = 0x20006000
                0x0000000000006000                __RAM_segment_size__ = 0x6000
                0x0000000000000000                __FLASH_segment_start__ = 0x0
                0x0000000000030000                __FLASH_segment_end__ = 0x30000
                0x0000000000030000                __FLASH_segment_size__ = 0x30000
                0x0000000000000800                __HEAPSIZE__ = 0x800
                0x0000000000000000                __STACKSIZE_PROCESS__ = 0x0
                0x0000000000000800                __STACKSIZE__ = 0x800
                0x0000000020000000                __reserved_ram_load_start__ = 0x20000000

.reserved_ram   0x0000000020000000     0x1c18
                0x0000000020000000                __reserved_ram_start__ = .
 *(.reserved_ram .reserved_ram.*)
                0x0000000020001c18                . = MAX (((__reserved_ram_start__ + 0x20001c18) - 0x20000000), .)
 *fill*         0x0000000020000000     0x1c18 
                0x0000000020001c18                __reserved_ram_end__ = (__reserved_ram_start__ + SIZEOF (.reserved_ram))
                0x0000000000001c18                __reserved_ram_size__ = SIZEOF (.reserved_ram)
                0x0000000020001c18                __reserved_ram_load_end__ = __reserved_ram_end__
                0x0000000000000001                . = ASSERT (((__reserved_ram_start__ == __reserved_ram_end__) || ((__reserved_ram_end__ - __RAM_segment_start__) <= __RAM_segment_size__)), error: .reserved_ram is too large to fit in RAM memory segment)
                0x0000000020001c18                __vectors_ram_load_start__ = 0x20001c18

.vectors_ram    0x0000000020001c18        0x0
                0x0000000020001c18                __vectors_ram_start__ = .
                0x0000000020001c18                __app_ram_start__ = __vectors_ram_start__
 *(.vectors_ram .vectors_ram.*)
                0x0000000020001c18                __vectors_ram_end__ = (__vectors_ram_start__ + SIZEOF (.vectors_ram))
                0x0000000000000000                __vectors_ram_size__ = SIZEOF (.vectors_ram)
                0x0000000020001c18                __vectors_ram_load_end__ = __vectors_ram_end__
                0x0000000000000001                . = ASSERT (((__vectors_ram_start__ == __vectors_ram_end__) || ((__vectors_ram_end__ - __RAM_segment_start__) <= __RAM_segment_size__)), error: .vectors_ram is too large to fit in RAM memory segment)
                0x0000000000000001                . = ASSERT ((__reserved_ram_end__ <= __vectors_ram_start__), error: section .reserved_ram overlaps absolute placed section .vectors_ram)
                0x0000000020001c18                __nrf_sections_run_load_start__ = ALIGN (__vectors_ram_end__, 0x4)

.nrf_sections_run
                0x0000000020001c18        0x0
                0x0000000020001c18                __nrf_sections_run_start__ = .
                0x0000000020001c18                __start_nrf_sections_run = __nrf_sections_run_start__
 *(.nrf_sections_run .nrf_sections_run.*)
                0x0000000020001c18                __nrf_sections_run_end__ = (__nrf_sections_run_start__ + SIZEOF (.nrf_sections_run))
                0x0000000000000000                __nrf_sections_run_size__ = SIZEOF (.nrf_sections_run)
                0x0000000020001c18                __nrf_sections_run_load_end__ = __nrf_sections_run_end__
                0x0000000000000001                . = ASSERT (((__nrf_sections_run_start__ == __nrf_sections_run_end__) || ((__nrf_sections_run_end__ - __RAM_segment_start__) <= __RAM_segment_size__)), error: .nrf_sections_run is too large to fit in RAM memory segment)
                0x0000000000000000                __reserved_flash_load_start__ = 0x0

.reserved_flash
                0x0000000000000000    0x19000
                0x0000000000000000                __reserved_flash_start__ = .
 *(.reserved_flash .reserved_flash.*)
                0x0000000000019000                . = MAX (((__reserved_flash_start__ + 0x19000) - 0x0), .)
 *fill*         0x0000000000000000    0x19000 
                0x0000000000019000                __reserved_flash_end__ = (__reserved_flash_start__ + SIZEOF (.reserved_flash))
                0x0000000000019000                __reserved_flash_size__ = SIZEOF (.reserved_flash)
                0x0000000000019000                __reserved_flash_load_end__ = __reserved_flash_end__
                0x0000000000000001                . = ASSERT (((__reserved_flash_start__ == __reserved_flash_end__) || ((__reserved_flash_end__ - __FLASH_segment_start__) <= __FLASH_segment_size__)), error: .reserved_flash is too large to fit in FLASH memory segment)
                0x0000000000019000                __vectors_load_start__ = 0x19000

.vectors        0x0000000000019000      0x200
                0x0000000000019000                __vectors_start__ = .
 *(.vectors .vectors.*)
 .vectors       0x0000000000019000      0x200 Output/ble_app_blinky_pca10040e_s112 Release/Obj/ses_startup_nrf52810.o
                0x0000000000019000                _vectors
                0x0000000000019200                __vectors_end__ = (__vectors_start__ + SIZEOF (.vectors))
                0x0000000000000200                __vectors_size__ = SIZEOF (.vectors)
                0x0000000000019200                __vectors_load_end__ = __vectors_end__
                0x0000000000000001                . = ASSERT (((__vectors_start__ == __vectors_end__) || ((__vectors_end__ - __FLASH_segment_start__) <= __FLASH_segment_size__)), error: .vectors is too large to fit in FLASH memory segment)
                0x0000000000000001                . = ASSERT ((__reserved_flash_end__ <= __vectors_start__), error: section .reserved_flash overlaps absolute placed section .vectors)
                0x0000000000019200                __init_load_start__ = ALIGN (__vectors_end__, 0x4)

.init           0x0000000000019200      0x1c0
                0x0000000000019200                __init_start__ = .
 *(.init .init.*)
 .init          0x0000000000019200      0x15c Output/ble_app_blinky_pca10040e_s112 Release/Obj/thumb_crt0.o
                0x0000000000019200                _start
                0x00000000000192b4                exit
 .init          0x000000000001935c       0x18 Output/ble_app_blinky_pca10040e_s112 Release/Obj/ses_startup_nrf52810.o
                0x000000000001935c                NMI_Handler
                0x000000000001935e                HardFault_Handler
                0x0000000000019360                MemoryManagement_Handler
                0x0000000000019362                BusFault_Handler
                0x0000000000019364                UsageFault_Handler
                0x0000000000019366                SVC_Handler
                0x0000000000019368                DebugMon_Handler
                0x000000000001936a                PendSV_Handler
                0x000000000001936c                SysTick_Handler
                0x000000000001936e                SWI4_IRQHandler
                0x000000000001936e                TEMP_IRQHandler
                0x000000000001936e                RTC0_IRQHandler
                0x000000000001936e                PDM_IRQHandler
                0x000000000001936e                RADIO_IRQHandler
                0x000000000001936e                SWI5_IRQHandler
                0x000000000001936e                TIMER0_IRQHandler
                0x000000000001936e                Dummy_Handler
                0x000000000001936e                TIMER1_IRQHandler
                0x000000000001936e                ECB_IRQHandler
                0x000000000001936e                SWI3_IRQHandler
                0x000000000001936e                SPIM0_SPIS0_SPI0_IRQHandler
                0x000000000001936e                SAADC_IRQHandler
                0x000000000001936e                CCM_AAR_IRQHandler
                0x000000000001936e                WDT_IRQHandler
                0x000000000001936e                QDEC_IRQHandler
                0x000000000001936e                RNG_IRQHandler
                0x000000000001936e                COMP_IRQHandler
                0x000000000001936e                PWM0_IRQHandler
                0x000000000001936e                SWI1_EGU1_IRQHandler
                0x000000000001936e                TWIM0_TWIS0_TWI0_IRQHandler
                0x000000000001936e                TIMER2_IRQHandler
                0x0000000000019370                nRFInitialize
 .init          0x0000000000019374       0x4c Output/ble_app_blinky_pca10040e_s112 Release/Obj/ses_startup_nrf_common.o
                0x0000000000019374                Reset_Handler
                0x000000000001938a                InitializeUserMemorySections
                0x00000000000193c0                __init_end__ = (__init_start__ + SIZEOF (.init))
                0x00000000000001c0                __init_size__ = SIZEOF (.init)
                0x00000000000193c0                __init_load_end__ = __init_end__
                0x0000000000000001                . = ASSERT (((__init_start__ == __init_end__) || ((__init_end__ - __FLASH_segment_start__) <= __FLASH_segment_size__)), error: .init is too large to fit in FLASH memory segment)
                0x00000000000193c0                __init_rodata_load_start__ = ALIGN (__init_end__, 0x4)

.init_rodata    0x00000000000193c0        0x0
                0x00000000000193c0                __init_rodata_start__ = .
 *(.init_rodata .init_rodata.*)
                0x00000000000193c0                __init_rodata_end__ = (__init_rodata_start__ + SIZEOF (.init_rodata))
                0x0000000000000000                __init_rodata_size__ = SIZEOF (.init_rodata)
                0x00000000000193c0                __init_rodata_load_end__ = __init_rodata_end__
                0x0000000000000001                . = ASSERT (((__init_rodata_start__ == __init_rodata_end__) || ((__init_rodata_end__ - __FLASH_segment_start__) <= __FLASH_segment_size__)), error: .init_rodata is too large to fit in FLASH memory segment)
                0x00000000000193c0                __text_load_start__ = ALIGN (__init_rodata_end__, 0x4)

.text           0x00000000000193c0     0x43fa
                0x00000000000193c0                __text_start__ = .
 *(.text .text.* .glue_7t .glue_7 .gnu.linkonce.t.* .gcc_except_table .ARM.extab* .gnu.linkonce.armextab.*)
 .glue_7        0x00000000000193c0        0x0 linker stubs
 .glue_7t       0x00000000000193c0        0x0 linker stubs
 .text.nrf_log_backend_serial_put
                0x00000000000193c0       0xc0 Output/ble_app_blinky_pca10040e_s112 Release/Obj/nrf_log_backend_serial.o
                0x00000000000193c0                nrf_log_backend_serial_put
 .text.uart_evt_handler
                0x0000000000019480        0xc Output/ble_app_blinky_pca10040e_s112 Release/Obj/nrf_log_backend_uart.o
 .text.nrf_log_backend_uart_flush
                0x000000000001948c        0x2 Output/ble_app_blinky_pca10040e_s112 Release/Obj/nrf_log_backend_uart.o
 *fill*         0x000000000001948e        0x2 
 .text.uart_init
                0x0000000000019490       0x4c Output/ble_app_blinky_pca10040e_s112 Release/Obj/nrf_log_backend_uart.o
 .text.nrf_log_backend_uart_put
                0x00000000000194dc       0x1c Output/ble_app_blinky_pca10040e_s112 Release/Obj/nrf_log_backend_uart.o
 .text.serial_tx
                0x00000000000194f8       0x48 Output/ble_app_blinky_pca10040e_s112 Release/Obj/nrf_log_backend_uart.o
 .text.nrf_log_backend_uart_panic_set
                0x0000000000019540       0x2c Output/ble_app_blinky_pca10040e_s112 Release/Obj/nrf_log_backend_uart.o
 .text.nrf_log_backend_uart_init
                0x000000000001956c        0x6 Output/ble_app_blinky_pca10040e_s112 Release/Obj/nrf_log_backend_uart.o
                0x000000000001956c                nrf_log_backend_uart_init
 *fill*         0x0000000000019572        0x2 
 .text.nrf_log_default_backends_init
                0x0000000000019574       0x20 Output/ble_app_blinky_pca10040e_s112 Release/Obj/nrf_log_default_backends.o
                0x0000000000019574                nrf_log_default_backends_init
 .text.invalid_packets_omit
                0x0000000000019594       0x3a Output/ble_app_blinky_pca10040e_s112 Release/Obj/nrf_log_frontend.o
 *fill*         0x00000000000195ce        0x2 
 .text.buf_prealloc
                0x00000000000195d0      0x138 Output/ble_app_blinky_pca10040e_s112 Release/Obj/nrf_log_frontend.o
 .text.nrf_log_init
                0x0000000000019708       0x3c Output/ble_app_blinky_pca10040e_s112 Release/Obj/nrf_log_frontend.o
                0x0000000000019708                nrf_log_init
 .text.nrf_log_module_name_get
                0x0000000000019744       0x38 Output/ble_app_blinky_pca10040e_s112 Release/Obj/nrf_log_frontend.o
                0x0000000000019744                nrf_log_module_name_get
 .text.nrf_log_color_id_get
                0x000000000001977c       0x2c Output/ble_app_blinky_pca10040e_s112 Release/Obj/nrf_log_frontend.o
                0x000000000001977c                nrf_log_color_id_get
 .text.buffer_is_empty
                0x00000000000197a8       0x14 Output/ble_app_blinky_pca10040e_s112 Release/Obj/nrf_log_frontend.o
                0x00000000000197a8                buffer_is_empty
 .text.nrf_log_frontend_dequeue
                0x00000000000197bc      0x224 Output/ble_app_blinky_pca10040e_s112 Release/Obj/nrf_log_frontend.o
                0x00000000000197bc                nrf_log_frontend_dequeue
 .text.std_n    0x00000000000199e0       0xb0 Output/ble_app_blinky_pca10040e_s112 Release/Obj/nrf_log_frontend.o
 .text.nrf_log_frontend_std_0
                0x0000000000019a90        0x8 Output/ble_app_blinky_pca10040e_s112 Release/Obj/nrf_log_frontend.o
                0x0000000000019a90                nrf_log_frontend_std_0
 .text.nrf_log_frontend_std_1
                0x0000000000019a98       0x12 Output/ble_app_blinky_pca10040e_s112 Release/Obj/nrf_log_frontend.o
                0x0000000000019a98                nrf_log_frontend_std_1
 .text.nrf_log_frontend_std_2
                0x0000000000019aaa       0x14 Output/ble_app_blinky_pca10040e_s112 Release/Obj/nrf_log_frontend.o
                0x0000000000019aaa                nrf_log_frontend_std_2
 *fill*         0x0000000000019abe        0x2 
 .text.nrf_log_backend_add
                0x0000000000019ac0       0x44 Output/ble_app_blinky_pca10040e_s112 Release/Obj/nrf_log_frontend.o
                0x0000000000019ac0                nrf_log_backend_add
 .text.nrf_log_panic
                0x0000000000019b04       0x2c Output/ble_app_blinky_pca10040e_s112 Release/Obj/nrf_log_frontend.o
                0x0000000000019b04                nrf_log_panic
 .text.postfix_process
                0x0000000000019b30       0x3c Output/ble_app_blinky_pca10040e_s112 Release/Obj/nrf_log_str_formatter.o
 .text.prefix_process
                0x0000000000019b6c       0x78 Output/ble_app_blinky_pca10040e_s112 Release/Obj/nrf_log_str_formatter.o
 .text.nrf_log_std_entry_process
                0x0000000000019be4       0xc8 Output/ble_app_blinky_pca10040e_s112 Release/Obj/nrf_log_str_formatter.o
                0x0000000000019be4                nrf_log_std_entry_process
 .text.nrf_log_hexdump_entry_process
                0x0000000000019cac       0xb4 Output/ble_app_blinky_pca10040e_s112 Release/Obj/nrf_log_str_formatter.o
                0x0000000000019cac                nrf_log_hexdump_entry_process
 .text.detection_delay_timeout_handler
                0x0000000000019d60       0xfc Output/ble_app_blinky_pca10040e_s112 Release/Obj/app_button.o
 .text.gpiote_event_handler
                0x0000000000019e5c       0x98 Output/ble_app_blinky_pca10040e_s112 Release/Obj/app_button.o
 .text.app_button_init
                0x0000000000019ef4       0xa8 Output/ble_app_blinky_pca10040e_s112 Release/Obj/app_button.o
                0x0000000000019ef4                app_button_init
 .text.app_button_enable
                0x0000000000019f9c       0x2c Output/ble_app_blinky_pca10040e_s112 Release/Obj/app_button.o
                0x0000000000019f9c                app_button_enable
 .text.app_button_disable
                0x0000000000019fc8       0x34 Output/ble_app_blinky_pca10040e_s112 Release/Obj/app_button.o
                0x0000000000019fc8                app_button_disable
 .text.app_error_handler_bare
                0x0000000000019ffc       0x1a Output/ble_app_blinky_pca10040e_s112 Release/Obj/app_error.o
                0x0000000000019ffc                app_error_handler_bare
 *fill*         0x000000000001a016        0x2 
 .text.app_error_fault_handler
                0x000000000001a018       0x70 Output/ble_app_blinky_pca10040e_s112 Release/Obj/app_error_weak.o
                0x000000000001a018                app_error_fault_handler
 .text.user_op_alloc
                0x000000000001a088       0x2c Output/ble_app_blinky_pca10040e_s112 Release/Obj/app_timer.o
 .text.timer_stop_op_schedule
                0x000000000001a0b4       0x50 Output/ble_app_blinky_pca10040e_s112 Release/Obj/app_timer.o
 .text.nrfx_coredep_delay_us.part.0.constprop.4
                0x000000000001a104       0x10 Output/ble_app_blinky_pca10040e_s112 Release/Obj/app_timer.o
 .text.rtc1_stop
                0x000000000001a114       0x44 Output/ble_app_blinky_pca10040e_s112 Release/Obj/app_timer.o
 .text.RTC1_IRQHandler
                0x000000000001a158       0x9c Output/ble_app_blinky_pca10040e_s112 Release/Obj/app_timer.o
                0x000000000001a158                RTC1_IRQHandler
 .text.SWI0_EGU0_IRQHandler
                0x000000000001a1f4      0x2b8 Output/ble_app_blinky_pca10040e_s112 Release/Obj/app_timer.o
                0x000000000001a1f4                SWI0_EGU0_IRQHandler
 .text.app_timer_init
                0x000000000001a4ac       0x60 Output/ble_app_blinky_pca10040e_s112 Release/Obj/app_timer.o
                0x000000000001a4ac                app_timer_init
 .text.app_timer_create
                0x000000000001a50c       0x24 Output/ble_app_blinky_pca10040e_s112 Release/Obj/app_timer.o
                0x000000000001a50c                app_timer_create
 .text.app_timer_start
                0x000000000001a530       0x8c Output/ble_app_blinky_pca10040e_s112 Release/Obj/app_timer.o
                0x000000000001a530                app_timer_start
 .text.app_timer_stop
                0x000000000001a5bc       0x20 Output/ble_app_blinky_pca10040e_s112 Release/Obj/app_timer.o
                0x000000000001a5bc                app_timer_stop
 .text.app_util_critical_region_enter
                0x000000000001a5dc       0x48 Output/ble_app_blinky_pca10040e_s112 Release/Obj/app_util_platform.o
                0x000000000001a5dc                app_util_critical_region_enter
 .text.app_util_critical_region_exit
                0x000000000001a624       0x2c Output/ble_app_blinky_pca10040e_s112 Release/Obj/app_util_platform.o
                0x000000000001a624                app_util_critical_region_exit
 .text.nrf_atflags_set
                0x000000000001a650       0x12 Output/ble_app_blinky_pca10040e_s112 Release/Obj/nrf_atflags.o
                0x000000000001a650                nrf_atflags_set
 .text.nrf_atflags_clear
                0x000000000001a662       0x14 Output/ble_app_blinky_pca10040e_s112 Release/Obj/nrf_atflags.o
                0x000000000001a662                nrf_atflags_clear
 .text.nrf_atflags_get
                0x000000000001a676       0x12 Output/ble_app_blinky_pca10040e_s112 Release/Obj/nrf_atflags.o
                0x000000000001a676                nrf_atflags_get
 .text.nrf_atomic_u32_fetch_store
                0x000000000001a688       0x14 Output/ble_app_blinky_pca10040e_s112 Release/Obj/nrf_atomic.o
                0x000000000001a688                nrf_atomic_u32_fetch_store
 .text.nrf_atomic_u32_or
                0x000000000001a69c       0x16 Output/ble_app_blinky_pca10040e_s112 Release/Obj/nrf_atomic.o
                0x000000000001a69c                nrf_atomic_u32_or
 .text.nrf_atomic_u32_fetch_and
                0x000000000001a6b2       0x16 Output/ble_app_blinky_pca10040e_s112 Release/Obj/nrf_atomic.o
                0x000000000001a6b2                nrf_atomic_u32_fetch_and
 .text.nrf_atomic_u32_and
                0x000000000001a6c8       0x16 Output/ble_app_blinky_pca10040e_s112 Release/Obj/nrf_atomic.o
                0x000000000001a6c8                nrf_atomic_u32_and
 .text.nrf_atomic_u32_add
                0x000000000001a6de       0x16 Output/ble_app_blinky_pca10040e_s112 Release/Obj/nrf_atomic.o
                0x000000000001a6de                nrf_atomic_u32_add
 .text.nrf_atomic_u32_sub
                0x000000000001a6f4       0x16 Output/ble_app_blinky_pca10040e_s112 Release/Obj/nrf_atomic.o
                0x000000000001a6f4                nrf_atomic_u32_sub
 .text.nrf_atomic_flag_set
                0x000000000001a70a        0x6 Output/ble_app_blinky_pca10040e_s112 Release/Obj/nrf_atomic.o
                0x000000000001a70a                nrf_atomic_flag_set
 .text.nrf_atomic_flag_clear_fetch
                0x000000000001a710        0x6 Output/ble_app_blinky_pca10040e_s112 Release/Obj/nrf_atomic.o
                0x000000000001a710                nrf_atomic_flag_clear_fetch
 .text.nrf_balloc_init
                0x000000000001a716       0x2e Output/ble_app_blinky_pca10040e_s112 Release/Obj/nrf_balloc.o
                0x000000000001a716                nrf_balloc_init
 .text.nrf_balloc_alloc
                0x000000000001a744       0x48 Output/ble_app_blinky_pca10040e_s112 Release/Obj/nrf_balloc.o
                0x000000000001a744                nrf_balloc_alloc
 .text.nrf_balloc_free
                0x000000000001a78c       0x34 Output/ble_app_blinky_pca10040e_s112 Release/Obj/nrf_balloc.o
                0x000000000001a78c                nrf_balloc_free
 .text.nrf_fprintf_buffer_flush
                0x000000000001a7c0       0x16 Output/ble_app_blinky_pca10040e_s112 Release/Obj/nrf_fprintf.o
                0x000000000001a7c0                nrf_fprintf_buffer_flush
 .text.nrf_fprintf
                0x000000000001a7d6       0x1c Output/ble_app_blinky_pca10040e_s112 Release/Obj/nrf_fprintf.o
                0x000000000001a7d6                nrf_fprintf
 .text.buffer_add
                0x000000000001a7f2       0x2e Output/ble_app_blinky_pca10040e_s112 Release/Obj/nrf_fprintf_format.o
 .text.unsigned_print
                0x000000000001a820       0xb0 Output/ble_app_blinky_pca10040e_s112 Release/Obj/nrf_fprintf_format.o
 .text.nrf_fprintf_fmt
                0x000000000001a8d0      0x276 Output/ble_app_blinky_pca10040e_s112 Release/Obj/nrf_fprintf_format.o
                0x000000000001a8d0                nrf_fprintf_fmt
 .text.memobj_op
                0x000000000001ab46       0x82 Output/ble_app_blinky_pca10040e_s112 Release/Obj/nrf_memobj.o
 .text.nrf_memobj_pool_init
                0x000000000001abc8        0x4 Output/ble_app_blinky_pca10040e_s112 Release/Obj/nrf_memobj.o
                0x000000000001abc8                nrf_memobj_pool_init
 .text.nrf_memobj_free
                0x000000000001abcc       0x2c Output/ble_app_blinky_pca10040e_s112 Release/Obj/nrf_memobj.o
                0x000000000001abcc                nrf_memobj_free
 .text.nrf_memobj_alloc
                0x000000000001abf8       0x5e Output/ble_app_blinky_pca10040e_s112 Release/Obj/nrf_memobj.o
                0x000000000001abf8                nrf_memobj_alloc
 .text.nrf_memobj_get
                0x000000000001ac56        0x8 Output/ble_app_blinky_pca10040e_s112 Release/Obj/nrf_memobj.o
                0x000000000001ac56                nrf_memobj_get
 .text.nrf_memobj_put
                0x000000000001ac5e       0x1e Output/ble_app_blinky_pca10040e_s112 Release/Obj/nrf_memobj.o
                0x000000000001ac5e                nrf_memobj_put
 .text.nrf_memobj_write
                0x000000000001ac7c       0x14 Output/ble_app_blinky_pca10040e_s112 Release/Obj/nrf_memobj.o
                0x000000000001ac7c                nrf_memobj_write
 .text.nrf_memobj_read
                0x000000000001ac90       0x14 Output/ble_app_blinky_pca10040e_s112 Release/Obj/nrf_memobj.o
                0x000000000001ac90                nrf_memobj_read
 .text.sd_app_evt_wait
                0x000000000001aca4        0x4 Output/ble_app_blinky_pca10040e_s112 Release/Obj/nrf_pwr_mgmt.o
 .text.nrf_pwr_mgmt_init
                0x000000000001aca8       0x2c Output/ble_app_blinky_pca10040e_s112 Release/Obj/nrf_pwr_mgmt.o
                0x000000000001aca8                nrf_pwr_mgmt_init
 .text.nrf_pwr_mgmt_run
                0x000000000001acd4       0x18 Output/ble_app_blinky_pca10040e_s112 Release/Obj/nrf_pwr_mgmt.o
                0x000000000001acd4                nrf_pwr_mgmt_run
 .text.nrf_ringbuf_init
                0x000000000001acec       0x12 Output/ble_app_blinky_pca10040e_s112 Release/Obj/nrf_ringbuf.o
                0x000000000001acec                nrf_ringbuf_init
 .text.nrf_section_iter_init
                0x000000000001acfe       0x14 Output/ble_app_blinky_pca10040e_s112 Release/Obj/nrf_section_iter.o
                0x000000000001acfe                nrf_section_iter_init
 .text.nrf_section_iter_next
                0x000000000001ad12       0x18 Output/ble_app_blinky_pca10040e_s112 Release/Obj/nrf_section_iter.o
                0x000000000001ad12                nrf_section_iter_next
 *fill*         0x000000000001ad2a        0x2 
 .text.nrf_strerror_find
                0x000000000001ad2c       0x3c Output/ble_app_blinky_pca10040e_s112 Release/Obj/nrf_strerror.o
                0x000000000001ad2c                nrf_strerror_find
 .text.nrf_strerror_get
                0x000000000001ad68       0x14 Output/ble_app_blinky_pca10040e_s112 Release/Obj/nrf_strerror.o
                0x000000000001ad68                nrf_strerror_get
 .text.errata_16
                0x000000000001ad7c       0x34 Output/ble_app_blinky_pca10040e_s112 Release/Obj/system_nrf52810.o
 .text.errata_31
                0x000000000001adb0       0x54 Output/ble_app_blinky_pca10040e_s112 Release/Obj/system_nrf52810.o
 .text.errata_108
                0x000000000001ae04       0x40 Output/ble_app_blinky_pca10040e_s112 Release/Obj/system_nrf52810.o
 .text.SystemInit
                0x000000000001ae44      0x270 Output/ble_app_blinky_pca10040e_s112 Release/Obj/system_nrf52810.o
                0x000000000001ae44                SystemInit
 .text.bsp_board_led_on
                0x000000000001b0b4       0x18 Output/ble_app_blinky_pca10040e_s112 Release/Obj/boards.o
                0x000000000001b0b4                bsp_board_led_on
 .text.bsp_board_led_off
                0x000000000001b0cc       0x18 Output/ble_app_blinky_pca10040e_s112 Release/Obj/boards.o
                0x000000000001b0cc                bsp_board_led_off
 .text.bsp_board_leds_off
                0x000000000001b0e4       0x1e Output/ble_app_blinky_pca10040e_s112 Release/Obj/boards.o
                0x000000000001b0e4                bsp_board_leds_off
 .text.bsp_board_init
                0x000000000001b102       0x3e Output/ble_app_blinky_pca10040e_s112 Release/Obj/boards.o
                0x000000000001b102                bsp_board_init
 .text.clock_clk_started_notify
                0x000000000001b140       0x24 Output/ble_app_blinky_pca10040e_s112 Release/Obj/nrf_drv_clock.o
 .text.clock_irq_handler
                0x000000000001b164       0x1c Output/ble_app_blinky_pca10040e_s112 Release/Obj/nrf_drv_clock.o
 .text.soc_evt_handler
                0x000000000001b180       0x14 Output/ble_app_blinky_pca10040e_s112 Release/Obj/nrf_drv_clock.o
 .text.nrf_drv_clock_init
                0x000000000001b194       0x38 Output/ble_app_blinky_pca10040e_s112 Release/Obj/nrf_drv_clock.o
                0x000000000001b194                nrf_drv_clock_init
 .text.nrf_drv_clock_lfclk_release
                0x000000000001b1cc       0x34 Output/ble_app_blinky_pca10040e_s112 Release/Obj/nrf_drv_clock.o
                0x000000000001b1cc                nrf_drv_clock_lfclk_release
 .text.sd_state_evt_handler
                0x000000000001b200       0x58 Output/ble_app_blinky_pca10040e_s112 Release/Obj/nrf_drv_clock.o
 .text.uarte_evt_handler
                0x000000000001b258       0x34 Output/ble_app_blinky_pca10040e_s112 Release/Obj/nrf_drv_uart.o
 .text.uart_evt_handler
                0x000000000001b28c       0x34 Output/ble_app_blinky_pca10040e_s112 Release/Obj/nrf_drv_uart.o
 .text.nrf_drv_uart_init
                0x000000000001b2c0       0x78 Output/ble_app_blinky_pca10040e_s112 Release/Obj/nrf_drv_uart.o
                0x000000000001b2c0                nrf_drv_uart_init
 .text.nrfx_clock_init
                0x000000000001b338       0x18 Output/ble_app_blinky_pca10040e_s112 Release/Obj/nrfx_clock.o
                0x000000000001b338                nrfx_clock_init
 .text.nrfx_clock_enable
                0x000000000001b350       0x24 Output/ble_app_blinky_pca10040e_s112 Release/Obj/nrfx_clock.o
                0x000000000001b350                nrfx_clock_enable
 .text.nrfx_clock_lfclk_stop
                0x000000000001b374       0x18 Output/ble_app_blinky_pca10040e_s112 Release/Obj/nrfx_clock.o
                0x000000000001b374                nrfx_clock_lfclk_stop
 .text.POWER_CLOCK_IRQHandler
                0x000000000001b38c       0x64 Output/ble_app_blinky_pca10040e_s112 Release/Obj/nrfx_clock.o
                0x000000000001b38c                POWER_CLOCK_IRQHandler
 .text.nrf_gpiote_event_clear
                0x000000000001b3f0       0x18 Output/ble_app_blinky_pca10040e_s112 Release/Obj/nrfx_gpiote.o
 .text.nrf_gpio_cfg_sense_set
                0x000000000001b408       0x20 Output/ble_app_blinky_pca10040e_s112 Release/Obj/nrfx_gpiote.o
 .text.channel_free
                0x000000000001b428       0x1c Output/ble_app_blinky_pca10040e_s112 Release/Obj/nrfx_gpiote.o
 .text.nrfx_gpiote_init
                0x000000000001b444       0x70 Output/ble_app_blinky_pca10040e_s112 Release/Obj/nrfx_gpiote.o
                0x000000000001b444                nrfx_gpiote_init
 .text.nrfx_gpiote_is_init
                0x000000000001b4b4       0x14 Output/ble_app_blinky_pca10040e_s112 Release/Obj/nrfx_gpiote.o
                0x000000000001b4b4                nrfx_gpiote_is_init
 .text.nrfx_gpiote_in_init
                0x000000000001b4c8       0xe8 Output/ble_app_blinky_pca10040e_s112 Release/Obj/nrfx_gpiote.o
                0x000000000001b4c8                nrfx_gpiote_in_init
 .text.nrfx_gpiote_in_event_enable
                0x000000000001b5b0       0x88 Output/ble_app_blinky_pca10040e_s112 Release/Obj/nrfx_gpiote.o
                0x000000000001b5b0                nrfx_gpiote_in_event_enable
 .text.nrfx_gpiote_in_event_disable
                0x000000000001b638       0x44 Output/ble_app_blinky_pca10040e_s112 Release/Obj/nrfx_gpiote.o
                0x000000000001b638                nrfx_gpiote_in_event_disable
 .text.nrfx_gpiote_in_is_set
                0x000000000001b67c       0x12 Output/ble_app_blinky_pca10040e_s112 Release/Obj/nrfx_gpiote.o
                0x000000000001b67c                nrfx_gpiote_in_is_set
 *fill*         0x000000000001b68e        0x2 
 .text.GPIOTE_IRQHandler
                0x000000000001b690      0x184 Output/ble_app_blinky_pca10040e_s112 Release/Obj/nrfx_gpiote.o
                0x000000000001b690                GPIOTE_IRQHandler
 .text.UARTE0_UART0_IRQHandler
                0x000000000001b814        0xc Output/ble_app_blinky_pca10040e_s112 Release/Obj/nrfx_prs.o
                0x000000000001b814                UARTE0_UART0_IRQHandler
 .text.nrfx_prs_acquire
                0x000000000001b820       0x44 Output/ble_app_blinky_pca10040e_s112 Release/Obj/nrfx_prs.o
                0x000000000001b820                nrfx_prs_acquire
 .text.nrfx_prs_release
                0x000000000001b864       0x18 Output/ble_app_blinky_pca10040e_s112 Release/Obj/nrfx_prs.o
                0x000000000001b864                nrfx_prs_release
 .text.nrf_uart_event_clear
                0x000000000001b87c       0x10 Output/ble_app_blinky_pca10040e_s112 Release/Obj/nrfx_uart.o
 .text.tx_byte  0x000000000001b88c       0x1e Output/ble_app_blinky_pca10040e_s112 Release/Obj/nrfx_uart.o
 .text.rx_byte  0x000000000001b8aa       0x2c Output/ble_app_blinky_pca10040e_s112 Release/Obj/nrfx_uart.o
 *fill*         0x000000000001b8d6        0x2 
 .text.rx_done_event.constprop.8
                0x000000000001b8d8       0x20 Output/ble_app_blinky_pca10040e_s112 Release/Obj/nrfx_uart.o
 .text.nrfx_uart_0_irq_handler
                0x000000000001b8f8      0x13c Output/ble_app_blinky_pca10040e_s112 Release/Obj/nrfx_uart.o
                0x000000000001b8f8                nrfx_uart_0_irq_handler
 .text.nrfx_uart_init
                0x000000000001ba34      0x174 Output/ble_app_blinky_pca10040e_s112 Release/Obj/nrfx_uart.o
                0x000000000001ba34                nrfx_uart_init
 .text.nrfx_uart_uninit
                0x000000000001bba8       0xc8 Output/ble_app_blinky_pca10040e_s112 Release/Obj/nrfx_uart.o
                0x000000000001bba8                nrfx_uart_uninit
 .text.nrfx_uart_tx
                0x000000000001bc70       0x90 Output/ble_app_blinky_pca10040e_s112 Release/Obj/nrfx_uart.o
                0x000000000001bc70                nrfx_uart_tx
 .text.nrf_uarte_event_clear
                0x000000000001bd00       0x10 Output/ble_app_blinky_pca10040e_s112 Release/Obj/nrfx_uarte.o
 .text.rx_done_event.constprop.7
                0x000000000001bd10       0x20 Output/ble_app_blinky_pca10040e_s112 Release/Obj/nrfx_uarte.o
 .text.nrfx_uarte_0_irq_handler
                0x000000000001bd30       0xe8 Output/ble_app_blinky_pca10040e_s112 Release/Obj/nrfx_uarte.o
                0x000000000001bd30                nrfx_uarte_0_irq_handler
 .text.nrfx_uarte_init
                0x000000000001be18      0x184 Output/ble_app_blinky_pca10040e_s112 Release/Obj/nrfx_uarte.o
                0x000000000001be18                nrfx_uarte_init
 .text.nrfx_uarte_uninit
                0x000000000001bf9c       0xc8 Output/ble_app_blinky_pca10040e_s112 Release/Obj/nrfx_uarte.o
                0x000000000001bf9c                nrfx_uarte_uninit
 .text.nrfx_uarte_tx
                0x000000000001c064       0x84 Output/ble_app_blinky_pca10040e_s112 Release/Obj/nrfx_uarte.o
                0x000000000001c064                nrfx_uarte_tx
 .text.sd_ble_gap_adv_set_configure
                0x000000000001c0e8        0x4 Output/ble_app_blinky_pca10040e_s112 Release/Obj/main.o
 .text.sd_ble_gap_adv_start
                0x000000000001c0ec        0x4 Output/ble_app_blinky_pca10040e_s112 Release/Obj/main.o
 .text.sd_ble_gap_disconnect
                0x000000000001c0f0        0x4 Output/ble_app_blinky_pca10040e_s112 Release/Obj/main.o
 .text.sd_ble_gap_ppcp_set
                0x000000000001c0f4        0x4 Output/ble_app_blinky_pca10040e_s112 Release/Obj/main.o
 .text.sd_ble_gap_device_name_set
                0x000000000001c0f8        0x4 Output/ble_app_blinky_pca10040e_s112 Release/Obj/main.o
 .text.sd_ble_gap_sec_params_reply
                0x000000000001c0fc        0x4 Output/ble_app_blinky_pca10040e_s112 Release/Obj/main.o
 .text.sd_ble_gap_phy_update
                0x000000000001c100        0x4 Output/ble_app_blinky_pca10040e_s112 Release/Obj/main.o
 .text.sd_ble_gatts_sys_attr_set
                0x000000000001c104        0x4 Output/ble_app_blinky_pca10040e_s112 Release/Obj/main.o
 .text.nrf_qwr_error_handler
                0x000000000001c108        0x4 Output/ble_app_blinky_pca10040e_s112 Release/Obj/main.o
 .text.advertising_start
                0x000000000001c10c       0x20 Output/ble_app_blinky_pca10040e_s112 Release/Obj/main.o
 .text.ble_evt_handler
                0x000000000001c12c       0xe8 Output/ble_app_blinky_pca10040e_s112 Release/Obj/main.o
 .text.on_conn_params_evt
                0x000000000001c214       0x20 Output/ble_app_blinky_pca10040e_s112 Release/Obj/main.o
 .text.button_event_handler
                0x000000000001c234       0x5c Output/ble_app_blinky_pca10040e_s112 Release/Obj/main.o
 .text.led_write_handler
                0x000000000001c290       0x3c Output/ble_app_blinky_pca10040e_s112 Release/Obj/main.o
 .text.conn_params_error_handler
                0x000000000001c2cc        0x4 Output/ble_app_blinky_pca10040e_s112 Release/Obj/main.o
 .text.startup.main
                0x000000000001c2d0      0x214 Output/ble_app_blinky_pca10040e_s112 Release/Obj/main.o
                0x000000000001c2d0                main
 .text.sd_ble_gap_addr_get
                0x000000000001c4e4        0x4 Output/ble_app_blinky_pca10040e_s112 Release/Obj/ble_advdata.o
 .text.sd_ble_gap_appearance_get
                0x000000000001c4e8        0x4 Output/ble_app_blinky_pca10040e_s112 Release/Obj/ble_advdata.o
 .text.sd_ble_gap_device_name_get
                0x000000000001c4ec        0x4 Output/ble_app_blinky_pca10040e_s112 Release/Obj/ble_advdata.o
 .text.sd_ble_uuid_encode
                0x000000000001c4f0        0x4 Output/ble_app_blinky_pca10040e_s112 Release/Obj/ble_advdata.o
 .text.uuid_list_sized_encode
                0x000000000001c4f4       0xac Output/ble_app_blinky_pca10040e_s112 Release/Obj/ble_advdata.o
 .text.uuid_list_encode
                0x000000000001c5a0       0x38 Output/ble_app_blinky_pca10040e_s112 Release/Obj/ble_advdata.o
 .text.ble_advdata_encode
                0x000000000001c5d8      0x394 Output/ble_app_blinky_pca10040e_s112 Release/Obj/ble_advdata.o
                0x000000000001c5d8                ble_advdata_encode
 .text.sd_ble_gap_conn_param_update
                0x000000000001c96c        0x4 Output/ble_app_blinky_pca10040e_s112 Release/Obj/ble_conn_params.o
 .text.sd_ble_gap_disconnect
                0x000000000001c970        0x4 Output/ble_app_blinky_pca10040e_s112 Release/Obj/ble_conn_params.o
 .text.sd_ble_gap_ppcp_set
                0x000000000001c974        0x4 Output/ble_app_blinky_pca10040e_s112 Release/Obj/ble_conn_params.o
 .text.sd_ble_gap_ppcp_get
                0x000000000001c978        0x4 Output/ble_app_blinky_pca10040e_s112 Release/Obj/ble_conn_params.o
 .text.instance_get
                0x000000000001c97c       0x14 Output/ble_app_blinky_pca10040e_s112 Release/Obj/ble_conn_params.o
 .text.send_error_evt
                0x000000000001c990       0x10 Output/ble_app_blinky_pca10040e_s112 Release/Obj/ble_conn_params.o
 .text.update_timeout_handler
                0x000000000001c9a0       0x6c Output/ble_app_blinky_pca10040e_s112 Release/Obj/ble_conn_params.o
 .text.conn_params_negotiation
                0x000000000001ca0c       0x48 Output/ble_app_blinky_pca10040e_s112 Release/Obj/ble_conn_params.o
 .text.is_conn_params_ok.constprop.3
                0x000000000001ca54       0x34 Output/ble_app_blinky_pca10040e_s112 Release/Obj/ble_conn_params.o
 .text.ble_evt_handler
                0x000000000001ca88       0xe0 Output/ble_app_blinky_pca10040e_s112 Release/Obj/ble_conn_params.o
 .text.ble_conn_params_init
                0x000000000001cb68       0x74 Output/ble_app_blinky_pca10040e_s112 Release/Obj/ble_conn_params.o
                0x000000000001cb68                ble_conn_params_init
 .text.conn_handle_list_get
                0x000000000001cbdc       0x2e Output/ble_app_blinky_pca10040e_s112 Release/Obj/ble_conn_state.o
                0x000000000001cbdc                conn_handle_list_get
 *fill*         0x000000000001cc0a        0x2 
 .text.ble_evt_handler
                0x000000000001cc0c       0xd0 Output/ble_app_blinky_pca10040e_s112 Release/Obj/ble_conn_state.o
 .text.sd_ble_gatts_characteristic_add
                0x000000000001ccdc        0x4 Output/ble_app_blinky_pca10040e_s112 Release/Obj/ble_srv_common.o
 .text.set_security_req
                0x000000000001cce0       0x2a Output/ble_app_blinky_pca10040e_s112 Release/Obj/ble_srv_common.o
 .text.ble_srv_is_notification_enabled
                0x000000000001cd0a        0x8 Output/ble_app_blinky_pca10040e_s112 Release/Obj/ble_srv_common.o
                0x000000000001cd0a                ble_srv_is_notification_enabled
 .text.characteristic_add
                0x000000000001cd12      0x148 Output/ble_app_blinky_pca10040e_s112 Release/Obj/ble_srv_common.o
                0x000000000001cd12                characteristic_add
 .text.sd_ble_gattc_exchange_mtu_request
                0x000000000001ce5a        0x4 Output/ble_app_blinky_pca10040e_s112 Release/Obj/nrf_ble_gatt.o
 .text.sd_ble_gatts_exchange_mtu_reply
                0x000000000001ce5e        0x4 Output/ble_app_blinky_pca10040e_s112 Release/Obj/nrf_ble_gatt.o
 .text.nrf_ble_gatt_init
                0x000000000001ce62       0x1c Output/ble_app_blinky_pca10040e_s112 Release/Obj/nrf_ble_gatt.o
                0x000000000001ce62                nrf_ble_gatt_init
 *fill*         0x000000000001ce7e        0x2 
 .text.nrf_ble_gatt_on_ble_evt
                0x000000000001ce80      0x13c Output/ble_app_blinky_pca10040e_s112 Release/Obj/nrf_ble_gatt.o
                0x000000000001ce80                nrf_ble_gatt_on_ble_evt
 .text.sd_ble_gatts_rw_authorize_reply
                0x000000000001cfbc        0x4 Output/ble_app_blinky_pca10040e_s112 Release/Obj/nrf_ble_qwr.o
 .text.sd_ble_user_mem_reply
                0x000000000001cfc0        0x4 Output/ble_app_blinky_pca10040e_s112 Release/Obj/nrf_ble_qwr.o
 .text.user_mem_reply.part.0
                0x000000000001cfc4       0x24 Output/ble_app_blinky_pca10040e_s112 Release/Obj/nrf_ble_qwr.o
 .text.nrf_ble_qwr_init
                0x000000000001cfe8       0x24 Output/ble_app_blinky_pca10040e_s112 Release/Obj/nrf_ble_qwr.o
                0x000000000001cfe8                nrf_ble_qwr_init
 .text.nrf_ble_qwr_conn_handle_assign
                0x000000000001d00c       0x16 Output/ble_app_blinky_pca10040e_s112 Release/Obj/nrf_ble_qwr.o
                0x000000000001d00c                nrf_ble_qwr_conn_handle_assign
 .text.nrf_ble_qwr_on_ble_evt
                0x000000000001d022       0xa0 Output/ble_app_blinky_pca10040e_s112 Release/Obj/nrf_ble_qwr.o
                0x000000000001d022                nrf_ble_qwr_on_ble_evt
 .text.sd_ble_gatts_service_add
                0x000000000001d0c2        0x4 Output/ble_app_blinky_pca10040e_s112 Release/Obj/ble_lbs.o
 .text.sd_ble_gatts_hvx
                0x000000000001d0c6        0x4 Output/ble_app_blinky_pca10040e_s112 Release/Obj/ble_lbs.o
 .text.sd_ble_uuid_vs_add
                0x000000000001d0ca        0x4 Output/ble_app_blinky_pca10040e_s112 Release/Obj/ble_lbs.o
 .text.ble_lbs_on_ble_evt
                0x000000000001d0ce       0x26 Output/ble_app_blinky_pca10040e_s112 Release/Obj/ble_lbs.o
                0x000000000001d0ce                ble_lbs_on_ble_evt
 .text.ble_lbs_init
                0x000000000001d0f4       0xdc Output/ble_app_blinky_pca10040e_s112 Release/Obj/ble_lbs.o
                0x000000000001d0f4                ble_lbs_init
 .text.ble_lbs_on_button_change
                0x000000000001d1d0       0x40 Output/ble_app_blinky_pca10040e_s112 Release/Obj/ble_lbs.o
                0x000000000001d1d0                ble_lbs_on_button_change
 .text.sd_softdevice_enable
                0x000000000001d210        0x4 Output/ble_app_blinky_pca10040e_s112 Release/Obj/nrf_sdh.o
 .text.sdh_request_observer_notify
                0x000000000001d214       0x30 Output/ble_app_blinky_pca10040e_s112 Release/Obj/nrf_sdh.o
 .text.sdh_state_observer_notify
                0x000000000001d244       0x28 Output/ble_app_blinky_pca10040e_s112 Release/Obj/nrf_sdh.o
 .text.softdevices_evt_irq_enable
                0x000000000001d26c       0x38 Output/ble_app_blinky_pca10040e_s112 Release/Obj/nrf_sdh.o
 .text.nrf_sdh_enable_request
                0x000000000001d2a4       0x7c Output/ble_app_blinky_pca10040e_s112 Release/Obj/nrf_sdh.o
                0x000000000001d2a4                nrf_sdh_enable_request
 .text.nrf_sdh_is_enabled
                0x000000000001d320        0xc Output/ble_app_blinky_pca10040e_s112 Release/Obj/nrf_sdh.o
                0x000000000001d320                nrf_sdh_is_enabled
 .text.nrf_sdh_evts_poll
                0x000000000001d32c       0x28 Output/ble_app_blinky_pca10040e_s112 Release/Obj/nrf_sdh.o
                0x000000000001d32c                nrf_sdh_evts_poll
 .text.SWI2_IRQHandler
                0x000000000001d354        0x4 Output/ble_app_blinky_pca10040e_s112 Release/Obj/nrf_sdh.o
                0x000000000001d354                SWI2_IRQHandler
 .text.sd_ble_enable
                0x000000000001d358        0x4 Output/ble_app_blinky_pca10040e_s112 Release/Obj/nrf_sdh_ble.o
 .text.sd_ble_cfg_set
                0x000000000001d35c        0x4 Output/ble_app_blinky_pca10040e_s112 Release/Obj/nrf_sdh_ble.o
 .text.sd_ble_evt_get
                0x000000000001d360        0x4 Output/ble_app_blinky_pca10040e_s112 Release/Obj/nrf_sdh_ble.o
 .text.nrf_sdh_ble_evts_poll
                0x000000000001d364       0x50 Output/ble_app_blinky_pca10040e_s112 Release/Obj/nrf_sdh_ble.o
 .text.nrf_sdh_ble_default_cfg_set
                0x000000000001d3b4      0x160 Output/ble_app_blinky_pca10040e_s112 Release/Obj/nrf_sdh_ble.o
                0x000000000001d3b4                nrf_sdh_ble_default_cfg_set
 .text.nrf_sdh_ble_enable
                0x000000000001d514       0x94 Output/ble_app_blinky_pca10040e_s112 Release/Obj/nrf_sdh_ble.o
                0x000000000001d514                nrf_sdh_ble_enable
 .text.sd_evt_get
                0x000000000001d5a8        0x4 Output/ble_app_blinky_pca10040e_s112 Release/Obj/nrf_sdh_soc.o
 .text.nrf_sdh_soc_evts_poll
                0x000000000001d5ac       0x3c Output/ble_app_blinky_pca10040e_s112 Release/Obj/nrf_sdh_soc.o
 .text.libc.__RAL_ascii_isctype
                0x000000000001d5e8       0x1c C:/Program Files/SEGGER/SEGGER Embedded Studio for ARM 4.22/lib/libc_v7em_t_le_eabi.a(libc2.o)
 .text.libc.__RAL_ascii_toupper
                0x000000000001d604        0xc C:/Program Files/SEGGER/SEGGER Embedded Studio for ARM 4.22/lib/libc_v7em_t_le_eabi.a(libc2.o)
 .text.libc.__RAL_ascii_tolower
                0x000000000001d610        0xc C:/Program Files/SEGGER/SEGGER Embedded Studio for ARM 4.22/lib/libc_v7em_t_le_eabi.a(libc2.o)
 .text.libc.__RAL_ascii_iswctype
                0x000000000001d61c       0x1c C:/Program Files/SEGGER/SEGGER Embedded Studio for ARM 4.22/lib/libc_v7em_t_le_eabi.a(libc2.o)
 .text.libc.__RAL_ascii_towupper
                0x000000000001d638        0xc C:/Program Files/SEGGER/SEGGER Embedded Studio for ARM 4.22/lib/libc_v7em_t_le_eabi.a(libc2.o)
 .text.libc.__RAL_ascii_towlower
                0x000000000001d644        0xc C:/Program Files/SEGGER/SEGGER Embedded Studio for ARM 4.22/lib/libc_v7em_t_le_eabi.a(libc2.o)
 .text.libc.__RAL_ascii_wctomb
                0x000000000001d650        0xe C:/Program Files/SEGGER/SEGGER Embedded Studio for ARM 4.22/lib/libc_v7em_t_le_eabi.a(libc2.o)
                0x000000000001d650                __RAL_ascii_wctomb
 .text.libc.__RAL_ascii_mbtowc
                0x000000000001d65e       0x24 C:/Program Files/SEGGER/SEGGER Embedded Studio for ARM 4.22/lib/libc_v7em_t_le_eabi.a(libc2.o)
                0x000000000001d65e                __RAL_ascii_mbtowc
 *fill*         0x000000000001d682        0x2 
 .text.libc.__RAL_isctype
                0x000000000001d684       0x14 C:/Program Files/SEGGER/SEGGER Embedded Studio for ARM 4.22/lib/libc_v7em_t_le_eabi.a(libc2.o)
                0x000000000001d684                __RAL_isctype
 .text.libc.isprint
                0x000000000001d698        0xa C:/Program Files/SEGGER/SEGGER Embedded Studio for ARM 4.22/lib/libc_v7em_t_le_eabi.a(libc2.o)
                0x000000000001d698                isprint
 .text.libc.memcpy
                0x000000000001d6a2       0x52 C:/Program Files/SEGGER/SEGGER Embedded Studio for ARM 4.22/lib/libc_v7em_t_le_eabi.a(libc2_asm.o)
                0x000000000001d6a2                __aeabi_memcpy
                0x000000000001d6a2                memcpy
                0x000000000001d6ae                __aeabi_memcpy8
                0x000000000001d6ae                __aeabi_memcpy4
 .text.libc.memset
                0x000000000001d6f4       0x66 C:/Program Files/SEGGER/SEGGER Embedded Studio for ARM 4.22/lib/libc_v7em_t_le_eabi.a(libc2_asm.o)
                0x000000000001d6f4                memset
 .text.libc.strlen
                0x000000000001d75a       0x60 C:/Program Files/SEGGER/SEGGER Embedded Studio for ARM 4.22/lib/libc_v7em_t_le_eabi.a(libc2_asm.o)
                0x000000000001d75a                strlen
                0x000000000001d7ba                __text_end__ = (__text_start__ + SIZEOF (.text))
                0x00000000000043fa                __text_size__ = SIZEOF (.text)
                0x000000000001d7ba                __text_load_end__ = __text_end__

.vfp11_veneer   0x0000000100000000        0x0
 .vfp11_veneer  0x0000000100000000        0x0 linker stubs

.v4_bx          0x0000000100000000        0x0
 .v4_bx         0x0000000100000000        0x0 linker stubs

.iplt           0x0000000100000000        0x0
 .iplt          0x0000000100000000        0x0 Output/ble_app_blinky_pca10040e_s112 Release/Obj/thumb_crt0.o
                0x0000000000000001                . = ASSERT (((__text_start__ == __text_end__) || ((__text_end__ - __FLASH_segment_start__) <= __FLASH_segment_size__)), error: .text is too large to fit in FLASH memory segment)
                0x000000000001d7bc                __sdh_soc_observers_load_start__ = ALIGN (__text_end__, 0x4)

.sdh_soc_observers
                0x000000000001d7bc        0x8
                0x000000000001d7bc                __sdh_soc_observers_start__ = .
                0x000000000001d7bc                __start_sdh_soc_observers = __sdh_soc_observers_start__
 *(SORT_BY_NAME(.sdh_soc_observers*))
 .sdh_soc_observers0
                0x000000000001d7bc        0x8 Output/ble_app_blinky_pca10040e_s112 Release/Obj/nrf_drv_clock.o
                0x000000000001d7c4                __sdh_soc_observers_end__ = (__sdh_soc_observers_start__ + SIZEOF (.sdh_soc_observers))
                0x0000000000000008                __sdh_soc_observers_size__ = SIZEOF (.sdh_soc_observers)
                0x000000000001d7c4                __stop_sdh_soc_observers = __sdh_soc_observers_end__
                0x000000000001d7c4                __sdh_soc_observers_load_end__ = __sdh_soc_observers_end__
                0x0000000000000001                . = ASSERT (((__sdh_soc_observers_start__ == __sdh_soc_observers_end__) || ((__sdh_soc_observers_end__ - __FLASH_segment_start__) <= __FLASH_segment_size__)), error: .sdh_soc_observers is too large to fit in FLASH memory segment)
                0x000000000001d7c4                __pwr_mgmt_data_load_start__ = ALIGN (__sdh_soc_observers_end__, 0x4)

.pwr_mgmt_data  0x000000000001d7c4        0x0
                0x000000000001d7c4                __pwr_mgmt_data_start__ = .
                0x000000000001d7c4                __start_pwr_mgmt_data = __pwr_mgmt_data_start__
 *(SORT_BY_NAME(.pwr_mgmt_data*))
                0x000000000001d7c4                __pwr_mgmt_data_end__ = (__pwr_mgmt_data_start__ + SIZEOF (.pwr_mgmt_data))
                0x0000000000000000                __pwr_mgmt_data_size__ = SIZEOF (.pwr_mgmt_data)
                0x000000000001d7c4                __stop_pwr_mgmt_data = __pwr_mgmt_data_end__
                0x000000000001d7c4                __pwr_mgmt_data_load_end__ = __pwr_mgmt_data_end__
                0x0000000000000001                . = ASSERT (((__pwr_mgmt_data_start__ == __pwr_mgmt_data_end__) || ((__pwr_mgmt_data_end__ - __FLASH_segment_start__) <= __FLASH_segment_size__)), error: .pwr_mgmt_data is too large to fit in FLASH memory segment)
                0x000000000001d7c4                __sdh_ble_observers_load_start__ = ALIGN (__pwr_mgmt_data_end__, 0x4)

.sdh_ble_observers
                0x000000000001d7c4       0x30
                0x000000000001d7c4                __sdh_ble_observers_start__ = .
                0x000000000001d7c4                __start_sdh_ble_observers = __sdh_ble_observers_start__
 *(SORT_BY_NAME(.sdh_ble_observers*))
 .sdh_ble_observers0
                0x000000000001d7c4        0x8 Output/ble_app_blinky_pca10040e_s112 Release/Obj/ble_conn_state.o
 .sdh_ble_observers1
                0x000000000001d7cc        0x8 Output/ble_app_blinky_pca10040e_s112 Release/Obj/main.o
 .sdh_ble_observers1
                0x000000000001d7d4        0x8 Output/ble_app_blinky_pca10040e_s112 Release/Obj/ble_conn_params.o
 .sdh_ble_observers2
                0x000000000001d7dc       0x10 Output/ble_app_blinky_pca10040e_s112 Release/Obj/main.o
 .sdh_ble_observers3
                0x000000000001d7ec        0x8 Output/ble_app_blinky_pca10040e_s112 Release/Obj/main.o
                0x000000000001d7f4                __sdh_ble_observers_end__ = (__sdh_ble_observers_start__ + SIZEOF (.sdh_ble_observers))
                0x0000000000000030                __sdh_ble_observers_size__ = SIZEOF (.sdh_ble_observers)
                0x000000000001d7f4                __stop_sdh_ble_observers = __sdh_ble_observers_end__
                0x000000000001d7f4                __sdh_ble_observers_load_end__ = __sdh_ble_observers_end__
                0x0000000000000001                . = ASSERT (((__sdh_ble_observers_start__ == __sdh_ble_observers_end__) || ((__sdh_ble_observers_end__ - __FLASH_segment_start__) <= __FLASH_segment_size__)), error: .sdh_ble_observers is too large to fit in FLASH memory segment)
                0x000000000001d7f4                __sdh_req_observers_load_start__ = ALIGN (__sdh_ble_observers_end__, 0x4)

.sdh_req_observers
                0x000000000001d7f4        0x0
                0x000000000001d7f4                __sdh_req_observers_start__ = .
                0x000000000001d7f4                __start_sdh_req_observers = __sdh_req_observers_start__
 *(SORT_BY_NAME(.sdh_req_observers*))
                0x000000000001d7f4                __sdh_req_observers_end__ = (__sdh_req_observers_start__ + SIZEOF (.sdh_req_observers))
                0x0000000000000000                __sdh_req_observers_size__ = SIZEOF (.sdh_req_observers)
                0x000000000001d7f4                __stop_sdh_req_observers = __sdh_req_observers_end__
                0x000000000001d7f4                __sdh_req_observers_load_end__ = __sdh_req_observers_end__
                0x0000000000000001                . = ASSERT (((__sdh_req_observers_start__ == __sdh_req_observers_end__) || ((__sdh_req_observers_end__ - __FLASH_segment_start__) <= __FLASH_segment_size__)), error: .sdh_req_observers is too large to fit in FLASH memory segment)
                0x000000000001d7f4                __sdh_state_observers_load_start__ = ALIGN (__sdh_req_observers_end__, 0x4)

.sdh_state_observers
                0x000000000001d7f4        0x8
                0x000000000001d7f4                __sdh_state_observers_start__ = .
                0x000000000001d7f4                __start_sdh_state_observers = __sdh_state_observers_start__
 *(SORT_BY_NAME(.sdh_state_observers*))
 .sdh_state_observers0
                0x000000000001d7f4        0x8 Output/ble_app_blinky_pca10040e_s112 Release/Obj/nrf_drv_clock.o
                0x000000000001d7fc                __sdh_state_observers_end__ = (__sdh_state_observers_start__ + SIZEOF (.sdh_state_observers))
                0x0000000000000008                __sdh_state_observers_size__ = SIZEOF (.sdh_state_observers)
                0x000000000001d7fc                __stop_sdh_state_observers = __sdh_state_observers_end__
                0x000000000001d7fc                __sdh_state_observers_load_end__ = __sdh_state_observers_end__
                0x0000000000000001                . = ASSERT (((__sdh_state_observers_start__ == __sdh_state_observers_end__) || ((__sdh_state_observers_end__ - __FLASH_segment_start__) <= __FLASH_segment_size__)), error: .sdh_state_observers is too large to fit in FLASH memory segment)
                0x000000000001d7fc                __sdh_stack_observers_load_start__ = ALIGN (__sdh_state_observers_end__, 0x4)

.sdh_stack_observers
                0x000000000001d7fc       0x10
                0x000000000001d7fc                __sdh_stack_observers_start__ = .
                0x000000000001d7fc                __start_sdh_stack_observers = __sdh_stack_observers_start__
 *(SORT_BY_NAME(.sdh_stack_observers*))
 .sdh_stack_observers0
                0x000000000001d7fc        0x8 Output/ble_app_blinky_pca10040e_s112 Release/Obj/nrf_sdh_ble.o
 .sdh_stack_observers0
                0x000000000001d804        0x8 Output/ble_app_blinky_pca10040e_s112 Release/Obj/nrf_sdh_soc.o
                0x000000000001d80c                __sdh_stack_observers_end__ = (__sdh_stack_observers_start__ + SIZEOF (.sdh_stack_observers))
                0x0000000000000010                __sdh_stack_observers_size__ = SIZEOF (.sdh_stack_observers)
                0x000000000001d80c                __stop_sdh_stack_observers = __sdh_stack_observers_end__
                0x000000000001d80c                __sdh_stack_observers_load_end__ = __sdh_stack_observers_end__
                0x0000000000000001                . = ASSERT (((__sdh_stack_observers_start__ == __sdh_stack_observers_end__) || ((__sdh_stack_observers_end__ - __FLASH_segment_start__) <= __FLASH_segment_size__)), error: .sdh_stack_observers is too large to fit in FLASH memory segment)
                0x000000000001d80c                __nrf_queue_load_start__ = ALIGN (__sdh_stack_observers_end__, 0x4)

.nrf_queue      0x000000000001d80c        0x0
                0x000000000001d80c                __nrf_queue_start__ = .
                0x000000000001d80c                __start_nrf_queue = __nrf_queue_start__
 *(.nrf_queue*)
                0x000000000001d80c                __nrf_queue_end__ = (__nrf_queue_start__ + SIZEOF (.nrf_queue))
                0x0000000000000000                __nrf_queue_size__ = SIZEOF (.nrf_queue)
                0x000000000001d80c                __stop_nrf_queue = __nrf_queue_end__
                0x000000000001d80c                __nrf_queue_load_end__ = __nrf_queue_end__
                0x0000000000000001                . = ASSERT (((__nrf_queue_start__ == __nrf_queue_end__) || ((__nrf_queue_end__ - __FLASH_segment_start__) <= __FLASH_segment_size__)), error: .nrf_queue is too large to fit in FLASH memory segment)
                0x000000000001d80c                __nrf_balloc_load_start__ = ALIGN (__nrf_queue_end__, 0x4)

.nrf_balloc     0x000000000001d80c       0x14
                0x000000000001d80c                __nrf_balloc_start__ = .
                0x000000000001d80c                __start_nrf_balloc = __nrf_balloc_start__
 *(.nrf_balloc*)
 .nrf_balloc    0x000000000001d80c       0x14 Output/ble_app_blinky_pca10040e_s112 Release/Obj/nrf_log_frontend.o
                0x000000000001d80c                log_mempool
                0x000000000001d820                __nrf_balloc_end__ = (__nrf_balloc_start__ + SIZEOF (.nrf_balloc))
                0x0000000000000014                __nrf_balloc_size__ = SIZEOF (.nrf_balloc)
                0x000000000001d820                __stop_nrf_balloc = __nrf_balloc_end__
                0x000000000001d820                __nrf_balloc_load_end__ = __nrf_balloc_end__
                0x0000000000000001                . = ASSERT (((__nrf_balloc_start__ == __nrf_balloc_end__) || ((__nrf_balloc_end__ - __FLASH_segment_start__) <= __FLASH_segment_size__)), error: .nrf_balloc is too large to fit in FLASH memory segment)
                0x000000000001d820                __cli_command_load_start__ = ALIGN (__nrf_balloc_end__, 0x4)

.cli_command    0x000000000001d820        0x0
                0x000000000001d820                __cli_command_start__ = .
                0x000000000001d820                __start_cli_command = __cli_command_start__
 *(.cli_command*)
                0x000000000001d820                __cli_command_end__ = (__cli_command_start__ + SIZEOF (.cli_command))
                0x0000000000000000                __cli_command_size__ = SIZEOF (.cli_command)
                0x000000000001d820                __stop_cli_command = __cli_command_end__
                0x000000000001d820                __cli_command_load_end__ = __cli_command_end__
                0x0000000000000001                . = ASSERT (((__cli_command_start__ == __cli_command_end__) || ((__cli_command_end__ - __FLASH_segment_start__) <= __FLASH_segment_size__)), error: .cli_command is too large to fit in FLASH memory segment)
                0x000000000001d820                __crypto_data_load_start__ = ALIGN (__cli_command_end__, 0x4)

.crypto_data    0x000000000001d820        0x0
                0x000000000001d820                __crypto_data_start__ = .
                0x000000000001d820                __start_crypto_data = __crypto_data_start__
 *(SORT_BY_NAME(.crypto_data*))
                0x000000000001d820                __crypto_data_end__ = (__crypto_data_start__ + SIZEOF (.crypto_data))
                0x0000000000000000                __crypto_data_size__ = SIZEOF (.crypto_data)
                0x000000000001d820                __stop_crypto_data = __crypto_data_end__
                0x000000000001d820                __crypto_data_load_end__ = __crypto_data_end__
                0x0000000000000001                . = ASSERT (((__crypto_data_start__ == __crypto_data_end__) || ((__crypto_data_end__ - __FLASH_segment_start__) <= __FLASH_segment_size__)), error: .crypto_data is too large to fit in FLASH memory segment)
                0x000000000001d820                __log_const_data_load_start__ = ALIGN (__crypto_data_end__, 0x4)

.log_const_data
                0x000000000001d820       0x60
                0x000000000001d820                __log_const_data_start__ = .
                0x000000000001d820                __start_log_const_data = __log_const_data_start__
 *(SORT_BY_NAME(.log_const_data*))
 .log_const_data_CLOCK
                0x000000000001d820        0x8 Output/ble_app_blinky_pca10040e_s112 Release/Obj/nrfx_clock.o
                0x000000000001d820                m_nrf_log_CLOCK_logs_data_const
 .log_const_data_GPIOTE
                0x000000000001d828        0x8 Output/ble_app_blinky_pca10040e_s112 Release/Obj/nrfx_gpiote.o
                0x000000000001d828                m_nrf_log_GPIOTE_logs_data_const
 .log_const_data_PRS
                0x000000000001d830        0x8 Output/ble_app_blinky_pca10040e_s112 Release/Obj/nrfx_prs.o
                0x000000000001d830                m_nrf_log_PRS_logs_data_const
 .log_const_data_UART
                0x000000000001d838        0x8 Output/ble_app_blinky_pca10040e_s112 Release/Obj/nrfx_uart.o
                0x000000000001d838                m_nrf_log_UART_logs_data_const
 .log_const_data_UARTE
                0x000000000001d840        0x8 Output/ble_app_blinky_pca10040e_s112 Release/Obj/nrfx_uarte.o
                0x000000000001d840                m_nrf_log_UARTE_logs_data_const
 .log_const_data_app
                0x000000000001d848        0x8 Output/ble_app_blinky_pca10040e_s112 Release/Obj/nrf_log_frontend.o
                0x000000000001d848                m_nrf_log_app_logs_data_const
 .log_const_data_clock
                0x000000000001d850        0x8 Output/ble_app_blinky_pca10040e_s112 Release/Obj/nrf_drv_clock.o
                0x000000000001d850                m_nrf_log_clock_logs_data_const
 .log_const_data_nrf_ble_gatt
                0x000000000001d858        0x8 Output/ble_app_blinky_pca10040e_s112 Release/Obj/nrf_ble_gatt.o
                0x000000000001d858                m_nrf_log_nrf_ble_gatt_logs_data_const
 .log_const_data_nrf_sdh
                0x000000000001d860        0x8 Output/ble_app_blinky_pca10040e_s112 Release/Obj/nrf_sdh.o
                0x000000000001d860                m_nrf_log_nrf_sdh_logs_data_const
 .log_const_data_nrf_sdh_ble
                0x000000000001d868        0x8 Output/ble_app_blinky_pca10040e_s112 Release/Obj/nrf_sdh_ble.o
                0x000000000001d868                m_nrf_log_nrf_sdh_ble_logs_data_const
 .log_const_data_nrf_sdh_soc
                0x000000000001d870        0x8 Output/ble_app_blinky_pca10040e_s112 Release/Obj/nrf_sdh_soc.o
                0x000000000001d870                m_nrf_log_nrf_sdh_soc_logs_data_const
 .log_const_data_pwr_mgmt
                0x000000000001d878        0x8 Output/ble_app_blinky_pca10040e_s112 Release/Obj/nrf_pwr_mgmt.o
                0x000000000001d878                m_nrf_log_pwr_mgmt_logs_data_const
                0x000000000001d880                __log_const_data_end__ = (__log_const_data_start__ + SIZEOF (.log_const_data))
                0x0000000000000060                __log_const_data_size__ = SIZEOF (.log_const_data)
                0x000000000001d880                __stop_log_const_data = __log_const_data_end__
                0x000000000001d880                __log_const_data_load_end__ = __log_const_data_end__
                0x0000000000000001                . = ASSERT (((__log_const_data_start__ == __log_const_data_end__) || ((__log_const_data_end__ - __FLASH_segment_start__) <= __FLASH_segment_size__)), error: .log_const_data is too large to fit in FLASH memory segment)
                0x000000000001d880                __log_backends_load_start__ = ALIGN (__log_const_data_end__, 0x4)

.log_backends   0x000000000001d880       0x10
                0x000000000001d880                __log_backends_start__ = .
                0x000000000001d880                __start_log_backends = __log_backends_start__
 *(SORT_BY_NAME(.log_backends*))
 .log_backends  0x000000000001d880       0x10 Output/ble_app_blinky_pca10040e_s112 Release/Obj/nrf_log_default_backends.o
                0x000000000001d890                __log_backends_end__ = (__log_backends_start__ + SIZEOF (.log_backends))
                0x0000000000000010                __log_backends_size__ = SIZEOF (.log_backends)
                0x000000000001d890                __stop_log_backends = __log_backends_end__
                0x000000000001d890                __log_backends_load_end__ = __log_backends_end__
                0x0000000000000001                . = ASSERT (((__log_backends_start__ == __log_backends_end__) || ((__log_backends_end__ - __FLASH_segment_start__) <= __FLASH_segment_size__)), error: .log_backends is too large to fit in FLASH memory segment)
                0x000000000001d890                __nrf_sections_load_start__ = ALIGN (__log_backends_end__, 0x4)

.nrf_sections   0x000000000001d890        0x0
                0x000000000001d890                __nrf_sections_start__ = .
                0x000000000001d890                __start_nrf_sections = __nrf_sections_start__
 *(.nrf_sections .nrf_sections.*)
                0x000000000001d890                __nrf_sections_end__ = (__nrf_sections_start__ + SIZEOF (.nrf_sections))
                0x0000000000000000                __nrf_sections_size__ = SIZEOF (.nrf_sections)
                0x000000000001d890                __nrf_sections_load_end__ = __nrf_sections_end__
                0x0000000000000001                . = ASSERT (((__nrf_sections_start__ == __nrf_sections_end__) || ((__nrf_sections_end__ - __FLASH_segment_start__) <= __FLASH_segment_size__)), error: .nrf_sections is too large to fit in FLASH memory segment)
                0x000000000001d890                __cli_sorted_cmd_ptrs_load_start__ = ALIGN (__nrf_sections_end__, 0x4)

.cli_sorted_cmd_ptrs
                0x0000000020001c18        0x0 load address 0x000000000001d890
                0x0000000020001c18                __cli_sorted_cmd_ptrs_start__ = .
 *(.cli_sorted_cmd_ptrs*)
                0x0000000020001c18                __cli_sorted_cmd_ptrs_end__ = (__cli_sorted_cmd_ptrs_start__ + SIZEOF (.cli_sorted_cmd_ptrs))
                0x0000000000000000                __cli_sorted_cmd_ptrs_size__ = SIZEOF (.cli_sorted_cmd_ptrs)
                0x000000000001d890                __cli_sorted_cmd_ptrs_load_end__ = (__cli_sorted_cmd_ptrs_load_start__ + SIZEOF (.cli_sorted_cmd_ptrs))
                0x0000000000000001                . = ASSERT (((__cli_sorted_cmd_ptrs_load_start__ == __cli_sorted_cmd_ptrs_load_end__) || ((__cli_sorted_cmd_ptrs_load_end__ - __FLASH_segment_start__) <= __FLASH_segment_size__)), error: .cli_sorted_cmd_ptrs is too large to fit in FLASH memory segment)

.cli_sorted_cmd_ptrs_run
                0x0000000020001c18        0x0
                0x0000000020001c18                __cli_sorted_cmd_ptrs_run_start__ = .
                0x0000000020001c18                __start_cli_sorted_cmd_ptrs = __cli_sorted_cmd_ptrs_run_start__
                0x0000000020001c18                . = MAX ((__cli_sorted_cmd_ptrs_run_start__ + SIZEOF (.cli_sorted_cmd_ptrs)), .)
                0x0000000020001c18                __cli_sorted_cmd_ptrs_run_end__ = (__cli_sorted_cmd_ptrs_run_start__ + SIZEOF (.cli_sorted_cmd_ptrs_run))
                0x0000000000000000                __cli_sorted_cmd_ptrs_run_size__ = SIZEOF (.cli_sorted_cmd_ptrs_run)
                0x0000000020001c18                __stop_cli_sorted_cmd_ptrs = __cli_sorted_cmd_ptrs_run_end__
                0x0000000020001c18                __cli_sorted_cmd_ptrs_run_load_end__ = __cli_sorted_cmd_ptrs_run_end__
                0x0000000000000001                . = ASSERT (((__cli_sorted_cmd_ptrs_run_start__ == __cli_sorted_cmd_ptrs_run_end__) || ((__cli_sorted_cmd_ptrs_run_end__ - __RAM_segment_start__) <= __RAM_segment_size__)), error: .cli_sorted_cmd_ptrs_run is too large to fit in RAM memory segment)
                0x000000000001d890                __fs_data_load_start__ = ALIGN ((__cli_sorted_cmd_ptrs_load_start__ + SIZEOF (.cli_sorted_cmd_ptrs)), 0x4)

.fs_data        0x0000000020001c18        0x0 load address 0x000000000001d890
                0x0000000020001c18                __fs_data_start__ = .
 *(.fs_data*)
                0x0000000020001c18                __fs_data_end__ = (__fs_data_start__ + SIZEOF (.fs_data))
                0x0000000000000000                __fs_data_size__ = SIZEOF (.fs_data)
                0x000000000001d890                __fs_data_load_end__ = (__fs_data_load_start__ + SIZEOF (.fs_data))
                0x0000000000000001                . = ASSERT (((__fs_data_load_start__ == __fs_data_load_end__) || ((__fs_data_load_end__ - __FLASH_segment_start__) <= __FLASH_segment_size__)), error: .fs_data is too large to fit in FLASH memory segment)

.fs_data_run    0x0000000020001c18        0x0
                0x0000000020001c18                __fs_data_run_start__ = .
                0x0000000020001c18                __start_fs_data = __fs_data_run_start__
                0x0000000020001c18                . = MAX ((__fs_data_run_start__ + SIZEOF (.fs_data)), .)
                0x0000000020001c18                __fs_data_run_end__ = (__fs_data_run_start__ + SIZEOF (.fs_data_run))
                0x0000000000000000                __fs_data_run_size__ = SIZEOF (.fs_data_run)
                0x0000000020001c18                __stop_fs_data = __fs_data_run_end__
                0x0000000020001c18                __fs_data_run_load_end__ = __fs_data_run_end__
                0x0000000000000001                . = ASSERT (((__fs_data_run_start__ == __fs_data_run_end__) || ((__fs_data_run_end__ - __RAM_segment_start__) <= __RAM_segment_size__)), error: .fs_data_run is too large to fit in RAM memory segment)
                0x000000000001d890                __log_dynamic_data_load_start__ = ALIGN ((__fs_data_load_start__ + SIZEOF (.fs_data)), 0x4)

.log_dynamic_data
                0x0000000020001c18        0x0 load address 0x000000000001d890
                0x0000000020001c18                __log_dynamic_data_start__ = .
 *(SORT_BY_NAME(.log_dynamic_data*))
                0x0000000020001c18                __log_dynamic_data_end__ = (__log_dynamic_data_start__ + SIZEOF (.log_dynamic_data))
                0x0000000000000000                __log_dynamic_data_size__ = SIZEOF (.log_dynamic_data)
                0x000000000001d890                __log_dynamic_data_load_end__ = (__log_dynamic_data_load_start__ + SIZEOF (.log_dynamic_data))
                0x0000000000000001                . = ASSERT (((__log_dynamic_data_load_start__ == __log_dynamic_data_load_end__) || ((__log_dynamic_data_load_end__ - __FLASH_segment_start__) <= __FLASH_segment_size__)), error: .log_dynamic_data is too large to fit in FLASH memory segment)

.log_dynamic_data_run
                0x0000000020001c18        0x0
                0x0000000020001c18                __log_dynamic_data_run_start__ = .
                0x0000000020001c18                __start_log_dynamic_data = __log_dynamic_data_run_start__
                0x0000000020001c18                . = MAX ((__log_dynamic_data_run_start__ + SIZEOF (.log_dynamic_data)), .)
                0x0000000020001c18                __log_dynamic_data_run_end__ = (__log_dynamic_data_run_start__ + SIZEOF (.log_dynamic_data_run))
                0x0000000000000000                __log_dynamic_data_run_size__ = SIZEOF (.log_dynamic_data_run)
                0x0000000020001c18                __stop_log_dynamic_data = __log_dynamic_data_run_end__
                0x0000000020001c18                __log_dynamic_data_run_load_end__ = __log_dynamic_data_run_end__
                0x0000000000000001                . = ASSERT (((__log_dynamic_data_run_start__ == __log_dynamic_data_run_end__) || ((__log_dynamic_data_run_end__ - __RAM_segment_start__) <= __RAM_segment_size__)), error: .log_dynamic_data_run is too large to fit in RAM memory segment)
                0x000000000001d890                __log_filter_data_load_start__ = ALIGN ((__log_dynamic_data_load_start__ + SIZEOF (.log_dynamic_data)), 0x4)

.log_filter_data
                0x0000000020001c18        0x0 load address 0x000000000001d890
                0x0000000020001c18                __log_filter_data_start__ = .
 *(SORT_BY_NAME(.log_filter_data*))
                0x0000000020001c18                __log_filter_data_end__ = (__log_filter_data_start__ + SIZEOF (.log_filter_data))
                0x0000000000000000                __log_filter_data_size__ = SIZEOF (.log_filter_data)
                0x000000000001d890                __log_filter_data_load_end__ = (__log_filter_data_load_start__ + SIZEOF (.log_filter_data))
                0x0000000000000001                . = ASSERT (((__log_filter_data_load_start__ == __log_filter_data_load_end__) || ((__log_filter_data_load_end__ - __FLASH_segment_start__) <= __FLASH_segment_size__)), error: .log_filter_data is too large to fit in FLASH memory segment)

.log_filter_data_run
                0x0000000020001c18        0x0
                0x0000000020001c18                __log_filter_data_run_start__ = .
                0x0000000020001c18                __start_log_filter_data = __log_filter_data_run_start__
                0x0000000020001c18                . = MAX ((__log_filter_data_run_start__ + SIZEOF (.log_filter_data)), .)
                0x0000000020001c18                __log_filter_data_run_end__ = (__log_filter_data_run_start__ + SIZEOF (.log_filter_data_run))
                0x0000000000000000                __log_filter_data_run_size__ = SIZEOF (.log_filter_data_run)
                0x0000000020001c18                __stop_log_filter_data = __log_filter_data_run_end__
                0x0000000020001c18                __log_filter_data_run_load_end__ = __log_filter_data_run_end__
                0x0000000000000001                . = ASSERT (((__log_filter_data_run_start__ == __log_filter_data_run_end__) || ((__log_filter_data_run_end__ - __RAM_segment_start__) <= __RAM_segment_size__)), error: .log_filter_data_run is too large to fit in RAM memory segment)
                0x0000000020001c18                __nrf_sections_run_end_load_start__ = ALIGN (__log_filter_data_run_end__, 0x4)

.nrf_sections_run_end
                0x0000000020001c18        0x0
                0x0000000020001c18                __nrf_sections_run_end_start__ = .
                0x0000000020001c18                __end_nrf_sections_run = __nrf_sections_run_end_start__
 *(.nrf_sections_run_end .nrf_sections_run_end.*)
                0x0000000020001c18                __nrf_sections_run_end_end__ = (__nrf_sections_run_end_start__ + SIZEOF (.nrf_sections_run_end))
                0x0000000000000000                __nrf_sections_run_end_size__ = SIZEOF (.nrf_sections_run_end)
                0x0000000020001c18                __nrf_sections_run_end_load_end__ = __nrf_sections_run_end_end__
                0x0000000000000001                . = ASSERT (((__nrf_sections_run_end_start__ == __nrf_sections_run_end_end__) || ((__nrf_sections_run_end_end__ - __RAM_segment_start__) <= __RAM_segment_size__)), error: .nrf_sections_run_end is too large to fit in RAM memory segment)
                0x000000000001d890                __dtors_load_start__ = ALIGN ((__log_filter_data_load_start__ + SIZEOF (.log_filter_data)), 0x4)

.dtors          0x000000000001d890        0x0
                0x000000000001d890                __dtors_start__ = .
 *(SORT_BY_NAME(.dtors.*))
 *(.dtors)
 *(.fini_array)
 *(SORT_BY_NAME(.fini_array.*))
                0x000000000001d890                __dtors_end__ = (__dtors_start__ + SIZEOF (.dtors))
                0x0000000000000000                __dtors_size__ = SIZEOF (.dtors)
                0x000000000001d890                __dtors_load_end__ = __dtors_end__
                0x0000000000000001                . = ASSERT (((__dtors_start__ == __dtors_end__) || ((__dtors_end__ - __FLASH_segment_start__) <= __FLASH_segment_size__)), error: .dtors is too large to fit in FLASH memory segment)
                0x000000000001d890                __ctors_load_start__ = ALIGN (__dtors_end__, 0x4)

.ctors          0x000000000001d890        0x0
                0x000000000001d890                __ctors_start__ = .
 *(SORT_BY_NAME(.ctors.*))
 *(.ctors)
 *(.init_array)
 *(SORT_BY_NAME(.init_array.*))
                0x000000000001d890                __ctors_end__ = (__ctors_start__ + SIZEOF (.ctors))
                0x0000000000000000                __ctors_size__ = SIZEOF (.ctors)
                0x000000000001d890                __ctors_load_end__ = __ctors_end__
                0x0000000000000001                . = ASSERT (((__ctors_start__ == __ctors_end__) || ((__ctors_end__ - __FLASH_segment_start__) <= __FLASH_segment_size__)), error: .ctors is too large to fit in FLASH memory segment)
                0x000000000001d890                __rodata_load_start__ = ALIGN (__ctors_end__, 0x4)

.rodata         0x000000000001d890      0xc5c
                0x000000000001d890                __rodata_start__ = .
 *(.rodata .rodata.* .gnu.linkonce.r.*)
 .rodata        0x000000000001d890       0x20 Output/ble_app_blinky_pca10040e_s112 Release/Obj/nrf_log_backend_uart.o
 .rodata.nrf_log_backend_uart_api
                0x000000000001d8b0        0xc Output/ble_app_blinky_pca10040e_s112 Release/Obj/nrf_log_backend_uart.o
                0x000000000001d8b0                nrf_log_backend_uart_api
 .rodata.str1.1
                0x000000000001d8bc       0x11 Output/ble_app_blinky_pca10040e_s112 Release/Obj/nrf_log_default_backends.o
 *fill*         0x000000000001d8cd        0x3 
 .rodata.m_log_push_ringbuf
                0x000000000001d8d0        0xc Output/ble_app_blinky_pca10040e_s112 Release/Obj/nrf_log_frontend.o
 .rodata.nrf_log_frontend_dequeue.str1.1
                0x000000000001d8dc       0x11 Output/ble_app_blinky_pca10040e_s112 Release/Obj/nrf_log_frontend.o
 .rodata.str1.1
                0x000000000001d8ed        0x4 Output/ble_app_blinky_pca10040e_s112 Release/Obj/nrf_log_frontend.o
 *fill*         0x000000000001d8f1        0x3 
 .rodata.m_colors
                0x000000000001d8f4       0x24 Output/ble_app_blinky_pca10040e_s112 Release/Obj/nrf_log_str_formatter.o
 .rodata.nrf_log_hexdump_entry_process.str1.1
                0x000000000001d918        0xf Output/ble_app_blinky_pca10040e_s112 Release/Obj/nrf_log_str_formatter.o
                                         0x11 (size before relaxing)
 .rodata.postfix_process.str1.1
                0x000000000001d927        0x8 Output/ble_app_blinky_pca10040e_s112 Release/Obj/nrf_log_str_formatter.o
                                          0xb (size before relaxing)
 .rodata.prefix_process.str1.1
                0x000000000001d92f       0x2a Output/ble_app_blinky_pca10040e_s112 Release/Obj/nrf_log_str_formatter.o
 *fill*         0x000000000001d959        0x3 
 .rodata.severity_names
                0x000000000001d95c       0x14 Output/ble_app_blinky_pca10040e_s112 Release/Obj/nrf_log_str_formatter.o
 .rodata.str1.1
                0x000000000001d970       0x4b Output/ble_app_blinky_pca10040e_s112 Release/Obj/nrf_log_str_formatter.o
                                         0x51 (size before relaxing)
 *fill*         0x000000000001d9bb        0x1 
 .rodata.m_detection_delay_timer_id
                0x000000000001d9bc        0x4 Output/ble_app_blinky_pca10040e_s112 Release/Obj/app_button.o
 .rodata.app_error_fault_handler.str1.1
                0x000000000001d9c0       0x19 Output/ble_app_blinky_pca10040e_s112 Release/Obj/app_error_weak.o
 *fill*         0x000000000001d9d9        0x7 
 .rodata.delay_machine_code.6794
                0x000000000001d9e0        0x6 Output/ble_app_blinky_pca10040e_s112 Release/Obj/app_timer.o
 .rodata._aV2C.6002
                0x000000000001d9e6       0x10 Output/ble_app_blinky_pca10040e_s112 Release/Obj/nrf_fprintf_format.o
 *fill*         0x000000000001d9f6        0x2 
 .rodata.pwr_mgmt_data
                0x000000000001d9f8        0xc Output/ble_app_blinky_pca10040e_s112 Release/Obj/nrf_pwr_mgmt.o
 .rodata.str1.1
                0x000000000001da04        0x9 Output/ble_app_blinky_pca10040e_s112 Release/Obj/nrf_pwr_mgmt.o
 .rodata.m_unknown_str
                0x000000000001da0d       0x13 Output/ble_app_blinky_pca10040e_s112 Release/Obj/nrf_strerror.o
 .rodata.nrf_strerror_array
                0x000000000001da20      0x128 Output/ble_app_blinky_pca10040e_s112 Release/Obj/nrf_strerror.o
 .rodata.str1.1
                0x000000000001db48      0x3ba Output/ble_app_blinky_pca10040e_s112 Release/Obj/nrf_strerror.o
 .rodata.m_board_led_list
                0x000000000001df02        0x4 Output/ble_app_blinky_pca10040e_s112 Release/Obj/boards.o
 .rodata.str1.1
                0x000000000001df06        0x6 Output/ble_app_blinky_pca10040e_s112 Release/Obj/nrf_drv_clock.o
 .rodata.str1.1
                0x000000000001df0c        0x6 Output/ble_app_blinky_pca10040e_s112 Release/Obj/nrfx_clock.o
 .rodata.str1.1
                0x000000000001df12        0x7 Output/ble_app_blinky_pca10040e_s112 Release/Obj/nrfx_gpiote.o
 .rodata.str1.1
                0x000000000001df19        0x4 Output/ble_app_blinky_pca10040e_s112 Release/Obj/nrfx_prs.o
 .rodata.str1.1
                0x000000000001df1d        0x5 Output/ble_app_blinky_pca10040e_s112 Release/Obj/nrfx_uart.o
 .rodata.str1.1
                0x000000000001df22        0x6 Output/ble_app_blinky_pca10040e_s112 Release/Obj/nrfx_uarte.o
 .rodata.ble_evt_handler.str1.1
                0x000000000001df28       0x17 Output/ble_app_blinky_pca10040e_s112 Release/Obj/main.o
 .rodata.button_event_handler.str1.1
                0x000000000001df3f       0x1a Output/ble_app_blinky_pca10040e_s112 Release/Obj/main.o
 .rodata.led_write_handler.str1.1
                0x000000000001df59       0x23 Output/ble_app_blinky_pca10040e_s112 Release/Obj/main.o
 .rodata.main.str1.1
                0x000000000001df7c       0x26 Output/ble_app_blinky_pca10040e_s112 Release/Obj/main.o
 .rodata.nrf_ble_gatt_on_ble_evt.str1.1
                0x000000000001dfa2       0x60 Output/ble_app_blinky_pca10040e_s112 Release/Obj/nrf_ble_gatt.o
 .rodata.str1.1
                0x000000000001e002        0xd Output/ble_app_blinky_pca10040e_s112 Release/Obj/nrf_ble_gatt.o
 .rodata        0x000000000001e00f       0x10 Output/ble_app_blinky_pca10040e_s112 Release/Obj/ble_lbs.o
 .rodata        0x000000000001e01f        0x4 Output/ble_app_blinky_pca10040e_s112 Release/Obj/nrf_sdh.o
 *fill*         0x000000000001e023        0x1 
 .rodata.sdh_req_observers
                0x000000000001e024        0xc Output/ble_app_blinky_pca10040e_s112 Release/Obj/nrf_sdh.o
 .rodata.sdh_stack_observers
                0x000000000001e030        0xc Output/ble_app_blinky_pca10040e_s112 Release/Obj/nrf_sdh.o
 .rodata.sdh_state_observers
                0x000000000001e03c        0xc Output/ble_app_blinky_pca10040e_s112 Release/Obj/nrf_sdh.o
 .rodata.str1.1
                0x000000000001e048        0x8 Output/ble_app_blinky_pca10040e_s112 Release/Obj/nrf_sdh.o
 .rodata.nrf_sdh_ble_default_cfg_set.str1.1
                0x000000000001e050      0x182 Output/ble_app_blinky_pca10040e_s112 Release/Obj/nrf_sdh_ble.o
 .rodata.nrf_sdh_ble_enable.str1.1
                0x000000000001e1d2       0xa7 Output/ble_app_blinky_pca10040e_s112 Release/Obj/nrf_sdh_ble.o
 *fill*         0x000000000001e279        0x3 
 .rodata.sdh_ble_observers
                0x000000000001e27c        0xc Output/ble_app_blinky_pca10040e_s112 Release/Obj/nrf_sdh_ble.o
 .rodata.str1.1
                0x000000000001e288        0xc Output/ble_app_blinky_pca10040e_s112 Release/Obj/nrf_sdh_ble.o
 .rodata.sdh_soc_observers
                0x000000000001e294        0xc Output/ble_app_blinky_pca10040e_s112 Release/Obj/nrf_sdh_soc.o
 .rodata.str1.1
                0x000000000001e2a0        0xc Output/ble_app_blinky_pca10040e_s112 Release/Obj/nrf_sdh_soc.o
 .rodata.libc.__RAL_ascii_ctype_map
                0x000000000001e2ac       0x80 C:/Program Files/SEGGER/SEGGER Embedded Studio for ARM 4.22/lib/libc_v7em_t_le_eabi.a(libc2.o)
                0x000000000001e2ac                __RAL_ascii_ctype_map
 .rodata.libc.__RAL_ascii_ctype_mask
                0x000000000001e32c        0xd C:/Program Files/SEGGER/SEGGER Embedded Studio for ARM 4.22/lib/libc_v7em_t_le_eabi.a(libc2.o)
 *fill*         0x000000000001e339        0x3 
 .rodata.libc.__RAL_c_locale
                0x000000000001e33c        0xc C:/Program Files/SEGGER/SEGGER Embedded Studio for ARM 4.22/lib/libc_v7em_t_le_eabi.a(libc2.o)
                0x000000000001e33c                __RAL_c_locale
 .rodata.libc.__RAL_c_locale_abbrev_day_names
                0x000000000001e348       0x1d C:/Program Files/SEGGER/SEGGER Embedded Studio for ARM 4.22/lib/libc_v7em_t_le_eabi.a(libc2.o)
                0x000000000001e348                __RAL_c_locale_abbrev_day_names
 *fill*         0x000000000001e365        0x3 
 .rodata.libc.__RAL_c_locale_abbrev_month_names
                0x000000000001e368       0x31 C:/Program Files/SEGGER/SEGGER Embedded Studio for ARM 4.22/lib/libc_v7em_t_le_eabi.a(libc2.o)
                0x000000000001e368                __RAL_c_locale_abbrev_month_names
 *fill*         0x000000000001e399        0x3 
 .rodata.libc.__RAL_c_locale_am_pm_indicator
                0x000000000001e39c        0x7 C:/Program Files/SEGGER/SEGGER Embedded Studio for ARM 4.22/lib/libc_v7em_t_le_eabi.a(libc2.o)
                0x000000000001e39c                __RAL_c_locale_am_pm_indicator
 *fill*         0x000000000001e3a3        0x1 
 .rodata.libc.__RAL_c_locale_data
                0x000000000001e3a4       0x58 C:/Program Files/SEGGER/SEGGER Embedded Studio for ARM 4.22/lib/libc_v7em_t_le_eabi.a(libc2.o)
                0x000000000001e3a4                __RAL_c_locale_data
 .rodata.libc.__RAL_c_locale_date_format
                0x000000000001e3fc        0x9 C:/Program Files/SEGGER/SEGGER Embedded Studio for ARM 4.22/lib/libc_v7em_t_le_eabi.a(libc2.o)
                0x000000000001e3fc                __RAL_c_locale_date_format
 *fill*         0x000000000001e405        0x3 
 .rodata.libc.__RAL_c_locale_date_time_format
                0x000000000001e408        0xf C:/Program Files/SEGGER/SEGGER Embedded Studio for ARM 4.22/lib/libc_v7em_t_le_eabi.a(libc2.o)
                0x000000000001e408                __RAL_c_locale_date_time_format
 *fill*         0x000000000001e417        0x1 
 .rodata.libc.__RAL_c_locale_day_names
                0x000000000001e418       0x3a C:/Program Files/SEGGER/SEGGER Embedded Studio for ARM 4.22/lib/libc_v7em_t_le_eabi.a(libc2.o)
                0x000000000001e418                __RAL_c_locale_day_names
 *fill*         0x000000000001e452        0x2 
 .rodata.libc.__RAL_c_locale_month_names
                0x000000000001e454       0x57 C:/Program Files/SEGGER/SEGGER Embedded Studio for ARM 4.22/lib/libc_v7em_t_le_eabi.a(libc2.o)
                0x000000000001e454                __RAL_c_locale_month_names
 *fill*         0x000000000001e4ab        0x1 
 .rodata.libc.__RAL_c_locale_time_format
                0x000000000001e4ac        0x9 C:/Program Files/SEGGER/SEGGER Embedded Studio for ARM 4.22/lib/libc_v7em_t_le_eabi.a(libc2.o)
                0x000000000001e4ac                __RAL_c_locale_time_format
 *fill*         0x000000000001e4b5        0x3 
 .rodata.libc.__RAL_codeset_ascii
                0x000000000001e4b8       0x20 C:/Program Files/SEGGER/SEGGER Embedded Studio for ARM 4.22/lib/libc_v7em_t_le_eabi.a(libc2.o)
                0x000000000001e4b8                __RAL_codeset_ascii
 .rodata.libc.__RAL_data_empty_string
                0x000000000001e4d8        0x1 C:/Program Files/SEGGER/SEGGER Embedded Studio for ARM 4.22/lib/libc_v7em_t_le_eabi.a(libc2.o)
                0x000000000001e4d8                __RAL_data_empty_string
 *fill*         0x000000000001e4d9        0x3 
 .rodata.libc.__RAL_data_utf8_period
                0x000000000001e4dc        0x2 C:/Program Files/SEGGER/SEGGER Embedded Studio for ARM 4.22/lib/libc_v7em_t_le_eabi.a(libc2.o)
                0x000000000001e4dc                __RAL_data_utf8_period
 *fill*         0x000000000001e4de        0x2 
 .rodata.libc.__RAL_find_locale.str1.4
                0x000000000001e4e0        0xc C:/Program Files/SEGGER/SEGGER Embedded Studio for ARM 4.22/lib/libc_v7em_t_le_eabi.a(libc2.o)
                                          0xa (size before relaxing)
                0x000000000001e4ec                __rodata_end__ = (__rodata_start__ + SIZEOF (.rodata))
                0x0000000000000c5c                __rodata_size__ = SIZEOF (.rodata)
                0x000000000001e4ec                __rodata_load_end__ = __rodata_end__

.rel.dyn        0x000000000001e4ec        0x0
 .rel.iplt      0x000000000001e4ec        0x0 Output/ble_app_blinky_pca10040e_s112 Release/Obj/thumb_crt0.o
                0x0000000000000001                . = ASSERT (((__rodata_start__ == __rodata_end__) || ((__rodata_end__ - __FLASH_segment_start__) <= __FLASH_segment_size__)), error: .rodata is too large to fit in FLASH memory segment)
                0x000000000001e4ec                __ARM.exidx_load_start__ = ALIGN (__rodata_end__, 0x4)

.ARM.exidx      0x000000000001e4ec        0x0
                0x000000000001e4ec                __ARM.exidx_start__ = .
                0x000000000001e4ec                __exidx_start = __ARM.exidx_start__
 *(.ARM.exidx .ARM.exidx.*)
                0x000000000001e4ec                __ARM.exidx_end__ = (__ARM.exidx_start__ + SIZEOF (.ARM.exidx))
                0x0000000000000000                __ARM.exidx_size__ = SIZEOF (.ARM.exidx)
                0x000000000001e4ec                __exidx_end = __ARM.exidx_end__
                0x000000000001e4ec                __ARM.exidx_load_end__ = __ARM.exidx_end__
                0x0000000000000001                . = ASSERT (((__ARM.exidx_start__ == __ARM.exidx_end__) || ((__ARM.exidx_end__ - __FLASH_segment_start__) <= __FLASH_segment_size__)), error: .ARM.exidx is too large to fit in FLASH memory segment)
                0x000000000001e4ec                __fast_load_start__ = ALIGN (__ARM.exidx_end__, 0x4)

.fast           0x0000000020001c18        0x0 load address 0x000000000001e4ec
                0x0000000020001c18                __fast_start__ = .
 *(.fast .fast.*)
                0x0000000020001c18                __fast_end__ = (__fast_start__ + SIZEOF (.fast))
                0x0000000000000000                __fast_size__ = SIZEOF (.fast)
                0x000000000001e4ec                __fast_load_end__ = (__fast_load_start__ + SIZEOF (.fast))
                0x0000000000000001                . = ASSERT (((__fast_load_start__ == __fast_load_end__) || ((__fast_load_end__ - __FLASH_segment_start__) <= __FLASH_segment_size__)), error: .fast is too large to fit in FLASH memory segment)

.fast_run       0x0000000020001c18        0x0
                0x0000000020001c18                __fast_run_start__ = .
                0x0000000020001c18                . = MAX ((__fast_run_start__ + SIZEOF (.fast)), .)
                0x0000000020001c18                __fast_run_end__ = (__fast_run_start__ + SIZEOF (.fast_run))
                0x0000000000000000                __fast_run_size__ = SIZEOF (.fast_run)
                0x0000000020001c18                __fast_run_load_end__ = __fast_run_end__
                0x0000000000000001                . = ASSERT (((__fast_run_start__ == __fast_run_end__) || ((__fast_run_end__ - __RAM_segment_start__) <= __RAM_segment_size__)), error: .fast_run is too large to fit in RAM memory segment)
                0x000000000001e4ec                __data_load_start__ = ALIGN ((__fast_load_start__ + SIZEOF (.fast)), 0x4)

.data           0x0000000020001c18       0x50 load address 0x000000000001e4ec
                0x0000000020001c18                __data_start__ = .
 *(.data .data.* .gnu.linkonce.d.*)
 .data.m_uart   0x0000000020001c18       0x14 Output/ble_app_blinky_pca10040e_s112 Release/Obj/nrf_log_backend_uart.o
                0x0000000020001c18                m_uart
 .data.log_backend_cb_uart_log_backend
                0x0000000020001c2c        0x8 Output/ble_app_blinky_pca10040e_s112 Release/Obj/nrf_log_default_backends.o