Archive member included to satisfy reference by file (symbol)

C:/Program Files/SEGGER/SEGGER Embedded Studio for ARM 4.22/lib/libc_v7em_fpv4_sp_d16_hard_t_le_eabi.a(libc_asm.o)
                              Output/usbd_audio_pca10056 Release/Obj/bsp.o (__aeabi_uldivmod)
C:/Program Files/SEGGER/SEGGER Embedded Studio for ARM 4.22/lib/libc_v7em_fpv4_sp_d16_hard_t_le_eabi.a(libc2.o)
                              Output/usbd_audio_pca10056 Release/Obj/nrf_log_str_formatter.o (isprint)
C:/Program Files/SEGGER/SEGGER Embedded Studio for ARM 4.22/lib/libc_v7em_fpv4_sp_d16_hard_t_le_eabi.a(libc2_asm.o)
                              Output/usbd_audio_pca10056 Release/Obj/nrf_log_frontend.o (memcpy)
C:/Program Files/SEGGER/SEGGER Embedded Studio for ARM 4.22/lib/libc_v7em_fpv4_sp_d16_hard_t_le_eabi.a(libc.o)
                              C:/Program Files/SEGGER/SEGGER Embedded Studio for ARM 4.22/lib/libc_v7em_fpv4_sp_d16_hard_t_le_eabi.a(libc2.o) (__heap_lock)
C:/Program Files/SEGGER/SEGGER Embedded Studio for ARM 4.22/lib/libdebugio_v7em_fpv4_sp_d16_hard_t_le_eabi.a(libdebugio.o)
                              Output/usbd_audio_pca10056 Release/Obj/thumb_crt0.o (debug_fopen)
C:/Program Files/SEGGER/SEGGER Embedded Studio for ARM 4.22/lib/libdebugio_mempoll_v7em_fpv4_sp_d16_hard_t_le_eabi.a(mempoll_debug_operations.o)
                              C:/Program Files/SEGGER/SEGGER Embedded Studio for ARM 4.22/lib/libdebugio_v7em_fpv4_sp_d16_hard_t_le_eabi.a(libdebugio.o) (__do_debug_operation)
C:/Program Files/SEGGER/SEGGER Embedded Studio for ARM 4.22/lib/libdebugio_mempoll_v7em_fpv4_sp_d16_hard_t_le_eabi.a(do_nv_debug_operation.o)
                              C:/Program Files/SEGGER/SEGGER Embedded Studio for ARM 4.22/lib/libdebugio_v7em_fpv4_sp_d16_hard_t_le_eabi.a(libdebugio.o) (__do_nvdebug_operation)
C:/Program Files/SEGGER/SEGGER Embedded Studio for ARM 4.22/lib/libm_v7em_fpv4_sp_d16_hard_t_le_eabi.a(libm_asm.o)
                              C:/Program Files/SEGGER/SEGGER Embedded Studio for ARM 4.22/lib/libc_v7em_fpv4_sp_d16_hard_t_le_eabi.a(libc2.o) (__aeabi_i2d)
C:/Program Files/SEGGER/SEGGER Embedded Studio for ARM 4.22/lib/libm_v7em_fpv4_sp_d16_hard_t_le_eabi.a(libm2.o)
                              C:/Program Files/SEGGER/SEGGER Embedded Studio for ARM 4.22/lib/libvfprintf_v7em_fpv4_sp_d16_hard_t_le_eabi.o (frexp)
C:/Program Files/SEGGER/SEGGER Embedded Studio for ARM 4.22/lib/libm_v7em_fpv4_sp_d16_hard_t_le_eabi.a(libm2_asm.o)
                              C:/Program Files/SEGGER/SEGGER Embedded Studio for ARM 4.22/lib/libm_v7em_fpv4_sp_d16_hard_t_le_eabi.a(libm2.o) (fabs)

Discarded input sections

 .text          0x0000000000000000        0x0 Output/usbd_audio_pca10056 Release/Obj/thumb_crt0.o
 .data          0x0000000000000000        0x0 Output/usbd_audio_pca10056 Release/Obj/thumb_crt0.o
 .bss           0x0000000000000000        0x0 Output/usbd_audio_pca10056 Release/Obj/thumb_crt0.o
 .text.__aeabi_read_tp
                0x0000000000000000        0x8 Output/usbd_audio_pca10056 Release/Obj/thumb_crt0.o
 .text.abort    0x0000000000000000        0x2 Output/usbd_audio_pca10056 Release/Obj/thumb_crt0.o
 .text.__assert
                0x0000000000000000        0x2 Output/usbd_audio_pca10056 Release/Obj/thumb_crt0.o
 .text.__aeabi_assert
                0x0000000000000000        0x2 Output/usbd_audio_pca10056 Release/Obj/thumb_crt0.o
 .text.__sync_synchronize
                0x0000000000000000        0x2 Output/usbd_audio_pca10056 Release/Obj/thumb_crt0.o
 .text.__getchar
                0x0000000000000000        0x4 Output/usbd_audio_pca10056 Release/Obj/thumb_crt0.o
 .text.__putchar
                0x0000000000000000        0x4 Output/usbd_audio_pca10056 Release/Obj/thumb_crt0.o
 .text.__open   0x0000000000000000        0x4 Output/usbd_audio_pca10056 Release/Obj/thumb_crt0.o
 .text.__close  0x0000000000000000        0x4 Output/usbd_audio_pca10056 Release/Obj/thumb_crt0.o
 .text.__write  0x0000000000000000        0xa Output/usbd_audio_pca10056 Release/Obj/thumb_crt0.o
 .text.__read   0x0000000000000000        0xa Output/usbd_audio_pca10056 Release/Obj/thumb_crt0.o
 .text.__seek   0x0000000000000000       0x1a Output/usbd_audio_pca10056 Release/Obj/thumb_crt0.o
 .bss.__user_locale_name_buffer
                0x0000000000000000        0x4 Output/usbd_audio_pca10056 Release/Obj/thumb_crt0.o
 .stack         0x0000000000000000        0x0 Output/usbd_audio_pca10056 Release/Obj/thumb_crt0.o
 .stack_process
                0x0000000000000000        0x0 Output/usbd_audio_pca10056 Release/Obj/thumb_crt0.o
 .heap          0x0000000000000000        0x0 Output/usbd_audio_pca10056 Release/Obj/thumb_crt0.o
 .group         0x0000000000000000        0xc Output/usbd_audio_pca10056 Release/Obj/nrf_log_backend_rtt.o
 .group         0x0000000000000000        0xc Output/usbd_audio_pca10056 Release/Obj/nrf_log_backend_rtt.o
[...]
Memory Configuration

Name             Origin             Length             Attributes
UNPLACED_SECTIONS 0x0000000100000000 0x0000000000000000 xw
RAM              0x0000000020000000 0x0000000000040000 xw
FLASH            0x0000000000000000 0x0000000000100000 xw
*default*        0x0000000000000000 0xffffffffffffffff

Linker script and memory map

                0x0000000000000000                __vfprintf = __vfprintf_long
                0x0000000000000000                __vfscanf = __vfscanf_long
                0x0000000020000000                __RAM_segment_start__ = 0x20000000
                0x0000000020040000                __RAM_segment_end__ = 0x20040000
                0x0000000000040000                __RAM_segment_size__ = 0x40000
                0x0000000000000000                __FLASH_segment_start__ = 0x0
                0x0000000000100000                __FLASH_segment_end__ = 0x100000
                0x0000000000100000                __FLASH_segment_size__ = 0x100000
                0x0000000000002000                __HEAPSIZE__ = 0x2000
                0x0000000000000000                __STACKSIZE_PROCESS__ = 0x0
                0x0000000000002000                __STACKSIZE__ = 0x2000
                0x0000000020000000                __vectors_ram_load_start__ = 0x20000000

.vectors_ram    0x0000000020000000        0x0
                0x0000000020000000                __vectors_ram_start__ = .
                0x0000000020000000                __app_ram_start__ = __vectors_ram_start__
 *(.vectors_ram .vectors_ram.*)
                0x0000000020000000                __vectors_ram_end__ = (__vectors_ram_start__ + SIZEOF (.vectors_ram))
                0x0000000000000000                __vectors_ram_size__ = SIZEOF (.vectors_ram)
                0x0000000020000000                __vectors_ram_load_end__ = __vectors_ram_end__
                0x0000000000000001                . = ASSERT (((__vectors_ram_start__ == __vectors_ram_end__) || ((__vectors_ram_end__ - __RAM_segment_start__) <= __RAM_segment_size__)), error: .vectors_ram is too large to fit in RAM memory segment)
                0x0000000020000000                __nrf_sections_run_load_start__ = ALIGN (__vectors_ram_end__, 0x4)

.nrf_sections_run
                0x0000000020000000        0x0
                0x0000000020000000                __nrf_sections_run_start__ = .
                0x0000000020000000                __start_nrf_sections_run = __nrf_sections_run_start__
 *(.nrf_sections_run .nrf_sections_run.*)
                0x0000000020000000                __nrf_sections_run_end__ = (__nrf_sections_run_start__ + SIZEOF (.nrf_sections_run))
                0x0000000000000000                __nrf_sections_run_size__ = SIZEOF (.nrf_sections_run)
                0x0000000020000000                __nrf_sections_run_load_end__ = __nrf_sections_run_end__
                0x0000000000000001                . = ASSERT (((__nrf_sections_run_start__ == __nrf_sections_run_end__) || ((__nrf_sections_run_end__ - __RAM_segment_start__) <= __RAM_segment_size__)), error: .nrf_sections_run is too large to fit in RAM memory segment)
                0x0000000000000000                __vectors_load_start__ = 0x0

.vectors        0x0000000000000000      0x200
                0x0000000000000000                __vectors_start__ = .
 *(.vectors .vectors.*)
 .vectors       0x0000000000000000      0x200 Output/usbd_audio_pca10056 Release/Obj/ses_startup_nrf52840.o
                0x0000000000000000                _vectors
                0x0000000000000200                __vectors_end__ = (__vectors_start__ + SIZEOF (.vectors))
                0x0000000000000200                __vectors_size__ = SIZEOF (.vectors)
                0x0000000000000200                __vectors_load_end__ = __vectors_end__
                0x0000000000000001                . = ASSERT (((__vectors_start__ == __vectors_end__) || ((__vectors_end__ - __FLASH_segment_start__) <= __FLASH_segment_size__)), error: .vectors is too large to fit in FLASH memory segment)
                0x0000000000000200                __init_load_start__ = ALIGN (__vectors_end__, 0x4)

.init           0x0000000000000200      0x1d4
                0x0000000000000200                __init_start__ = .
 *(.init .init.*)
 .init          0x0000000000000200      0x15c Output/usbd_audio_pca10056 Release/Obj/thumb_crt0.o
                0x0000000000000200                _start
                0x00000000000002b4                exit
 .init          0x000000000000035c       0x18 Output/usbd_audio_pca10056 Release/Obj/ses_startup_nrf52840.o
                0x000000000000035c                NMI_Handler
                0x0000000000000360                MemoryManagement_Handler
                0x0000000000000362                BusFault_Handler
                0x0000000000000364                UsageFault_Handler
                0x0000000000000366                SVC_Handler
                0x0000000000000368                DebugMon_Handler
                0x000000000000036a                PendSV_Handler
                0x000000000000036c                SysTick_Handler
                0x000000000000036e                RADIO_IRQHandler
                0x000000000000036e                PDM_IRQHandler
                0x000000000000036e                TEMP_IRQHandler
                0x000000000000036e                RTC0_IRQHandler
                0x000000000000036e                PWM1_IRQHandler
                0x000000000000036e                TIMER3_IRQHandler
                0x000000000000036e                PWM3_IRQHandler
                0x000000000000036e                FPU_IRQHandler
                0x000000000000036e                SPIM0_SPIS0_TWIM0_TWIS0_SPI0_TWI0_IRQHandler
                0x000000000000036e                SWI2_EGU2_IRQHandler
                0x000000000000036e                TIMER4_IRQHandler
                0x000000000000036e                CRYPTOCELL_IRQHandler
                0x000000000000036e                I2S_IRQHandler
                0x000000000000036e                QDEC_IRQHandler
                0x000000000000036e                TIMER0_IRQHandler
                0x000000000000036e                UARTE1_IRQHandler
                0x000000000000036e                Dummy_Handler
                0x000000000000036e                TIMER1_IRQHandler
                0x000000000000036e                SPIM3_IRQHandler
                0x000000000000036e                PWM2_IRQHandler
                0x000000000000036e                ECB_IRQHandler
                0x000000000000036e                SPIM1_SPIS1_TWIM1_TWIS1_SPI1_TWI1_IRQHandler
                0x000000000000036e                SAADC_IRQHandler
                0x000000000000036e                CCM_AAR_IRQHandler
                0x000000000000036e                WDT_IRQHandler
                0x000000000000036e                QSPI_IRQHandler
                0x000000000000036e                SWI5_EGU5_IRQHandler
                0x000000000000036e                RNG_IRQHandler
                0x000000000000036e                RTC2_IRQHandler
                0x000000000000036e                PWM0_IRQHandler
                0x000000000000036e                SWI3_EGU3_IRQHandler
                0x000000000000036e                SWI1_EGU1_IRQHandler
                0x000000000000036e                SPIM2_SPIS2_SPI2_IRQHandler
                0x000000000000036e                NFCT_IRQHandler
                0x000000000000036e                SWI4_EGU4_IRQHandler
                0x000000000000036e                MWU_IRQHandler
                0x000000000000036e                TIMER2_IRQHandler
                0x000000000000036e                COMP_LPCOMP_IRQHandler
                0x0000000000000370                nRFInitialize
 .init          0x0000000000000374       0x60 Output/usbd_audio_pca10056 Release/Obj/ses_startup_nrf_common.o
                0x0000000000000374                Reset_Handler
                0x000000000000039c                InitializeUserMemorySections
                0x00000000000003d4                __init_end__ = (__init_start__ + SIZEOF (.init))
                0x00000000000001d4                __init_size__ = SIZEOF (.init)
                0x00000000000003d4                __init_load_end__ = __init_end__
                0x0000000000000001                . = ASSERT (((__init_start__ == __init_end__) || ((__init_end__ - __FLASH_segment_start__) <= __FLASH_segment_size__)), error: .init is too large to fit in FLASH memory segment)
                0x00000000000003d4                __init_rodata_load_start__ = ALIGN (__init_end__, 0x4)

.init_rodata    0x00000000000003d4        0x0
                0x00000000000003d4                __init_rodata_start__ = .
 *(.init_rodata .init_rodata.*)
                0x00000000000003d4                __init_rodata_end__ = (__init_rodata_start__ + SIZEOF (.init_rodata))
                0x0000000000000000                __init_rodata_size__ = SIZEOF (.init_rodata)
                0x00000000000003d4                __init_rodata_load_end__ = __init_rodata_end__
                0x0000000000000001                . = ASSERT (((__init_rodata_start__ == __init_rodata_end__) || ((__init_rodata_end__ - __FLASH_segment_start__) <= __FLASH_segment_size__)), error: .init_rodata is too large to fit in FLASH memory segment)
                0x00000000000003d4                __text_load_start__ = ALIGN (__init_rodata_end__, 0x4)

.text           0x00000000000003d4     0x5e1a
                0x00000000000003d4                __text_start__ = .
 *(.text .text.* .glue_7t .glue_7 .gnu.linkonce.t.* .gcc_except_table .ARM.extab* .gnu.linkonce.armextab.*)
 .glue_7        0x00000000000003d4        0x0 linker stubs
 .glue_7t       0x00000000000003d4        0x0 linker stubs
 .text.nrf_log_backend_rtt_flush
                0x00000000000003d4        0x2 Output/usbd_audio_pca10056 Release/Obj/nrf_log_backend_rtt.o
 *fill*         0x00000000000003d6        0x2 
 .text.nrf_log_backend_rtt_put
                0x00000000000003d8       0x1c Output/usbd_audio_pca10056 Release/Obj/nrf_log_backend_rtt.o
 .text.serial_tx
                0x00000000000003f4       0x50 Output/usbd_audio_pca10056 Release/Obj/nrf_log_backend_rtt.o
 .text.nrf_log_backend_rtt_panic_set
                0x0000000000000444        0x2 Output/usbd_audio_pca10056 Release/Obj/nrf_log_backend_rtt.o
 .text.nrf_log_backend_rtt_init
                0x0000000000000446        0x4 Output/usbd_audio_pca10056 Release/Obj/nrf_log_backend_rtt.o
                0x0000000000000446                nrf_log_backend_rtt_init
 .text.nrf_log_backend_serial_put
                0x000000000000044a       0xc0 Output/usbd_audio_pca10056 Release/Obj/nrf_log_backend_serial.o
                0x000000000000044a                nrf_log_backend_serial_put
 *fill*         0x000000000000050a        0x2 
 .text.uart_evt_handler
                0x000000000000050c        0xc Output/usbd_audio_pca10056 Release/Obj/nrf_log_backend_uart.o
 .text.nrf_log_backend_uart_flush
                0x0000000000000518        0x2 Output/usbd_audio_pca10056 Release/Obj/nrf_log_backend_uart.o
 *fill*         0x000000000000051a        0x2 
 .text.uart_init
                0x000000000000051c       0x4c Output/usbd_audio_pca10056 Release/Obj/nrf_log_backend_uart.o
 .text.nrf_log_backend_uart_put
                0x0000000000000568       0x1c Output/usbd_audio_pca10056 Release/Obj/nrf_log_backend_uart.o
 .text.serial_tx
                0x0000000000000584       0x48 Output/usbd_audio_pca10056 Release/Obj/nrf_log_backend_uart.o
 .text.nrf_log_backend_uart_panic_set
                0x00000000000005cc       0x2c Output/usbd_audio_pca10056 Release/Obj/nrf_log_backend_uart.o
 .text.nrf_log_backend_uart_init
                0x00000000000005f8        0x6 Output/usbd_audio_pca10056 Release/Obj/nrf_log_backend_uart.o
                0x00000000000005f8                nrf_log_backend_uart_init
 *fill*         0x00000000000005fe        0x2 
 .text.nrf_log_default_backends_init
                0x0000000000000600       0x38 Output/usbd_audio_pca10056 Release/Obj/nrf_log_default_backends.o
                0x0000000000000600                nrf_log_default_backends_init
 .text.invalid_packets_omit
                0x0000000000000638       0x3a Output/usbd_audio_pca10056 Release/Obj/nrf_log_frontend.o
 *fill*         0x0000000000000672        0x2 
 .text.buf_prealloc
                0x0000000000000674      0x130 Output/usbd_audio_pca10056 Release/Obj/nrf_log_frontend.o
 .text.nrf_log_init
                0x00000000000007a4       0x3c Output/usbd_audio_pca10056 Release/Obj/nrf_log_frontend.o
                0x00000000000007a4                nrf_log_init
 .text.nrf_log_module_name_get
                0x00000000000007e0       0x38 Output/usbd_audio_pca10056 Release/Obj/nrf_log_frontend.o
                0x00000000000007e0                nrf_log_module_name_get
 .text.nrf_log_color_id_get
                0x0000000000000818       0x2c Output/usbd_audio_pca10056 Release/Obj/nrf_log_frontend.o
                0x0000000000000818                nrf_log_color_id_get
 .text.buffer_is_empty
                0x0000000000000844       0x14 Output/usbd_audio_pca10056 Release/Obj/nrf_log_frontend.o
                0x0000000000000844                buffer_is_empty
 .text.nrf_log_frontend_dequeue
                0x0000000000000858      0x21c Output/usbd_audio_pca10056 Release/Obj/nrf_log_frontend.o
                0x0000000000000858                nrf_log_frontend_dequeue
 .text.std_n    0x0000000000000a74       0xb0 Output/usbd_audio_pca10056 Release/Obj/nrf_log_frontend.o
 .text.nrf_log_frontend_std_0
                0x0000000000000b24        0x8 Output/usbd_audio_pca10056 Release/Obj/nrf_log_frontend.o
                0x0000000000000b24                nrf_log_frontend_std_0
 .text.nrf_log_frontend_std_1
                0x0000000000000b2c       0x12 Output/usbd_audio_pca10056 Release/Obj/nrf_log_frontend.o
                0x0000000000000b2c                nrf_log_frontend_std_1
 .text.nrf_log_frontend_std_3
                0x0000000000000b3e       0x18 Output/usbd_audio_pca10056 Release/Obj/nrf_log_frontend.o
                0x0000000000000b3e                nrf_log_frontend_std_3
 .text.nrf_log_frontend_std_4
                0x0000000000000b56       0x1c Output/usbd_audio_pca10056 Release/Obj/nrf_log_frontend.o
                0x0000000000000b56                nrf_log_frontend_std_4
 *fill*         0x0000000000000b72        0x2 
 .text.nrf_log_backend_add
                0x0000000000000b74       0x44 Output/usbd_audio_pca10056 Release/Obj/nrf_log_frontend.o
                0x0000000000000b74                nrf_log_backend_add
 .text.nrf_log_panic
                0x0000000000000bb8       0x2c Output/usbd_audio_pca10056 Release/Obj/nrf_log_frontend.o
                0x0000000000000bb8                nrf_log_panic
 .text.postfix_process
                0x0000000000000be4       0x3c Output/usbd_audio_pca10056 Release/Obj/nrf_log_str_formatter.o
 .text.prefix_process
                0x0000000000000c20       0x78 Output/usbd_audio_pca10056 Release/Obj/nrf_log_str_formatter.o
 .text.nrf_log_std_entry_process
                0x0000000000000c98       0xc8 Output/usbd_audio_pca10056 Release/Obj/nrf_log_str_formatter.o
                0x0000000000000c98                nrf_log_std_entry_process
 .text.nrf_log_hexdump_entry_process
                0x0000000000000d60       0xb4 Output/usbd_audio_pca10056 Release/Obj/nrf_log_str_formatter.o
                0x0000000000000d60                nrf_log_hexdump_entry_process
 .text.bsp_board_led_on
                0x0000000000000e14       0x28 Output/usbd_audio_pca10056 Release/Obj/boards.o
                0x0000000000000e14                bsp_board_led_on
 .text.bsp_board_led_off
                0x0000000000000e3c       0x28 Output/usbd_audio_pca10056 Release/Obj/boards.o
                0x0000000000000e3c                bsp_board_led_off
 .text.bsp_board_leds_off
                0x0000000000000e64       0x1e Output/usbd_audio_pca10056 Release/Obj/boards.o
                0x0000000000000e64                bsp_board_leds_off
 *fill*         0x0000000000000e82        0x2 
 .text.bsp_board_led_invert
                0x0000000000000e84       0x34 Output/usbd_audio_pca10056 Release/Obj/boards.o
                0x0000000000000e84                bsp_board_led_invert
 .text.bsp_board_init
                0x0000000000000eb8       0x3e Output/usbd_audio_pca10056 Release/Obj/boards.o
                0x0000000000000eb8                bsp_board_init
 .text.app_error_handler_bare
                0x0000000000000ef6       0x1a Output/usbd_audio_pca10056 Release/Obj/app_error.o
                0x0000000000000ef6                app_error_handler_bare
 .text.app_error_fault_handler
                0x0000000000000f10       0x70 Output/usbd_audio_pca10056 Release/Obj/app_error_weak.o
                0x0000000000000f10                app_error_fault_handler
 .text.nrfx_coredep_delay_us.part.0.constprop.4
                0x0000000000000f80       0x10 Output/usbd_audio_pca10056 Release/Obj/app_timer.o
 .text.rtc1_stop
                0x0000000000000f90       0x44 Output/usbd_audio_pca10056 Release/Obj/app_timer.o
 .text.RTC1_IRQHandler
                0x0000000000000fd4       0x9c Output/usbd_audio_pca10056 Release/Obj/app_timer.o
                0x0000000000000fd4                RTC1_IRQHandler
 .text.SWI0_EGU0_IRQHandler
                0x0000000000001070      0x2b8 Output/usbd_audio_pca10056 Release/Obj/app_timer.o
                0x0000000000001070                SWI0_EGU0_IRQHandler
 .text.class_event_handler
                0x0000000000001328        0x6 Output/usbd_audio_pca10056 Release/Obj/app_usbd.o
 *fill*         0x000000000000132e        0x2 
 .text.user_event_state_proc
                0x0000000000001330       0x10 Output/usbd_audio_pca10056 Release/Obj/app_usbd.o
 .text.app_usbd_ep_conf_access
                0x0000000000001340       0x1c Output/usbd_audio_pca10056 Release/Obj/app_usbd.o
 .text.app_usbd_ep_instance_set
                0x000000000000135c       0x12 Output/usbd_audio_pca10056 Release/Obj/app_usbd.o
 *fill*         0x000000000000136e        0x2 
 .text.app_usbd_core_handler_call
                0x0000000000001370       0x10 Output/usbd_audio_pca10056 Release/Obj/app_usbd.o
 .text.sustate_set
                0x0000000000001380       0x80 Output/usbd_audio_pca10056 Release/Obj/app_usbd.o
 .text.app_usbd_class_descriptor_find
                0x0000000000001400       0xac Output/usbd_audio_pca10056 Release/Obj/app_usbd.o
                0x0000000000001400                app_usbd_class_descriptor_find
 .text.app_usbd_init
                0x00000000000014ac       0xf0 Output/usbd_audio_pca10056 Release/Obj/app_usbd.o
                0x00000000000014ac                app_usbd_init
 .text.app_usbd_power_events_enable
                0x000000000000159c       0x30 Output/usbd_audio_pca10056 Release/Obj/app_usbd.o
                0x000000000000159c                app_usbd_power_events_enable
 .text.app_usbd_enable
                0x00000000000015cc        0x4 Output/usbd_audio_pca10056 Release/Obj/app_usbd.o
                0x00000000000015cc                app_usbd_enable
 .text.app_usbd_disable
                0x00000000000015d0        0x4 Output/usbd_audio_pca10056 Release/Obj/app_usbd.o
                0x00000000000015d0                app_usbd_disable
 .text.app_usbd_class_append
                0x00000000000015d4       0xa8 Output/usbd_audio_pca10056 Release/Obj/app_usbd.o
                0x00000000000015d4                app_usbd_class_append
 .text.app_usbd_class_sof_interrupt_register
                0x000000000000167c       0x2c Output/usbd_audio_pca10056 Release/Obj/app_usbd.o
                0x000000000000167c                app_usbd_class_sof_interrupt_register
 .text.app_usbd_class_sof_interrupt_unregister
                0x00000000000016a8       0x24 Output/usbd_audio_pca10056 Release/Obj/app_usbd.o
                0x00000000000016a8                app_usbd_class_sof_interrupt_unregister
 .text.app_usbd_class_rwu_enabled_check
                0x00000000000016cc       0x10 Output/usbd_audio_pca10056 Release/Obj/app_usbd.o
                0x00000000000016cc                app_usbd_class_rwu_enabled_check
 .text.app_usbd_ep_enable
                0x00000000000016dc       0x1c Output/usbd_audio_pca10056 Release/Obj/app_usbd.o
                0x00000000000016dc                app_usbd_ep_enable
 .text.app_usbd_ep_disable
                0x00000000000016f8        0x4 Output/usbd_audio_pca10056 Release/Obj/app_usbd.o
                0x00000000000016f8                app_usbd_ep_disable
 .text.app_usbd_class_first_get
                0x00000000000016fc        0xc Output/usbd_audio_pca10056 Release/Obj/app_usbd.o
                0x00000000000016fc                app_usbd_class_first_get
 .text.app_usbd_iface_find
                0x0000000000001708       0x30 Output/usbd_audio_pca10056 Release/Obj/app_usbd.o
                0x0000000000001708                app_usbd_iface_find
 .text.app_usbd_iface_call
                0x0000000000001738        0x6 Output/usbd_audio_pca10056 Release/Obj/app_usbd.o
                0x0000000000001738                app_usbd_iface_call
 .text.app_usbd_ep_call
                0x000000000000173e       0x1e Output/usbd_audio_pca10056 Release/Obj/app_usbd.o
                0x000000000000173e                app_usbd_ep_call
 .text.app_usbd_all_call
                0x000000000000175c       0x1c Output/usbd_audio_pca10056 Release/Obj/app_usbd.o
                0x000000000000175c                app_usbd_all_call
 .text.app_usbd_all_until_served_call
                0x0000000000001778       0x24 Output/usbd_audio_pca10056 Release/Obj/app_usbd.o
                0x0000000000001778                app_usbd_all_until_served_call
 .text.app_usbd_ep_transfer
                0x000000000000179c       0x28 Output/usbd_audio_pca10056 Release/Obj/app_usbd.o
                0x000000000000179c                app_usbd_ep_transfer
 .text.app_usbd_ep_handled_transfer
                0x00000000000017c4       0x28 Output/usbd_audio_pca10056 Release/Obj/app_usbd.o
                0x00000000000017c4                app_usbd_ep_handled_transfer
 .text.app_usbd_iface_select
                0x00000000000017ec       0x54 Output/usbd_audio_pca10056 Release/Obj/app_usbd.o
                0x00000000000017ec                app_usbd_iface_select
 .text.app_usbd_iface_deselect
                0x0000000000001840       0x48 Output/usbd_audio_pca10056 Release/Obj/app_usbd.o
                0x0000000000001840                app_usbd_iface_deselect
 .text.app_usbd_iface_selection_get
                0x0000000000001888        0xc Output/usbd_audio_pca10056 Release/Obj/app_usbd.o
                0x0000000000001888                app_usbd_iface_selection_get
 .text.app_usbd_all_iface_select_0
                0x0000000000001894       0x28 Output/usbd_audio_pca10056 Release/Obj/app_usbd.o
                0x0000000000001894                app_usbd_all_iface_select_0
 .text.app_usbd_all_iface_deselect
                0x00000000000018bc       0x28 Output/usbd_audio_pca10056 Release/Obj/app_usbd.o
                0x00000000000018bc                app_usbd_all_iface_deselect
 .text.app_usbd_event_execute
                0x00000000000018e4      0x210 Output/usbd_audio_pca10056 Release/Obj/app_usbd.o
                0x00000000000018e4                app_usbd_event_execute
 .text.app_usbd_event_add
                0x0000000000001af4       0x90 Output/usbd_audio_pca10056 Release/Obj/app_usbd.o
 .text.app_usbd_event_handler
                0x0000000000001b84        0x4 Output/usbd_audio_pca10056 Release/Obj/app_usbd.o
 .text.app_usbd_power_event_handler
                0x0000000000001b88       0x28 Output/usbd_audio_pca10056 Release/Obj/app_usbd.o
 .text.app_usbd_start
                0x0000000000001bb0       0x20 Output/usbd_audio_pca10056 Release/Obj/app_usbd.o
                0x0000000000001bb0                app_usbd_start
 .text.app_usbd_stop
                0x0000000000001bd0       0x14 Output/usbd_audio_pca10056 Release/Obj/app_usbd.o
                0x0000000000001bd0                app_usbd_stop
 .text.app_usbd_hfclk_ready
                0x0000000000001be4        0xc Output/usbd_audio_pca10056 Release/Obj/app_usbd.o
 .text.app_usbd_event_queue_process
                0x0000000000001bf0       0x38 Output/usbd_audio_pca10056 Release/Obj/app_usbd.o
                0x0000000000001bf0                app_usbd_event_queue_process
 .text.user_event_handler
                0x0000000000001c28        0x8 Output/usbd_audio_pca10056 Release/Obj/app_usbd_audio.o
 .text.audio_req_out_data_cb
                0x0000000000001c30       0x12 Output/usbd_audio_pca10056 Release/Obj/app_usbd_audio.o
 *fill*         0x0000000000001c42        0x2 
 .text.audio_event_handler
                0x0000000000001c44      0x16c Output/usbd_audio_pca10056 Release/Obj/app_usbd_audio.o
 .text.iface_select
                0x0000000000001db0       0x62 Output/usbd_audio_pca10056 Release/Obj/app_usbd_audio.o
 .text.iface_selection_get
                0x0000000000001e12       0x20 Output/usbd_audio_pca10056 Release/Obj/app_usbd_audio.o
 .text.iface_deselect
                0x0000000000001e32       0x22 Output/usbd_audio_pca10056 Release/Obj/app_usbd_audio.o
 .text.audio_feed_descriptors
                0x0000000000001e54      0xa04 Output/usbd_audio_pca10056 Release/Obj/app_usbd_audio.o
 .text.app_usbd_audio_class_rx_size_get
                0x0000000000002858       0x20 Output/usbd_audio_pca10056 Release/Obj/app_usbd_audio.o
                0x0000000000002858                app_usbd_audio_class_rx_size_get
 .text.app_usbd_audio_class_rx_start
                0x0000000000002878       0x30 Output/usbd_audio_pca10056 Release/Obj/app_usbd_audio.o
                0x0000000000002878                app_usbd_audio_class_rx_start
 .text.app_usbd_audio_class_tx_start
                0x00000000000028a8        0x4 Output/usbd_audio_pca10056 Release/Obj/app_usbd_audio.o
                0x00000000000028a8                app_usbd_audio_class_tx_start
 .text.app_usbd_audio_sof_interrupt_register
                0x00000000000028ac        0x8 Output/usbd_audio_pca10056 Release/Obj/app_usbd_audio.o
                0x00000000000028ac                app_usbd_audio_sof_interrupt_register
 .text.setup_data_handler_empty
                0x00000000000028b4        0x4 Output/usbd_audio_pca10056 Release/Obj/app_usbd_core.o
 .text.usbd_descriptor_conf_feeder
                0x00000000000028b8       0xe8 Output/usbd_audio_pca10056 Release/Obj/app_usbd_core.o
 .text.usbd_core_state_set
                0x00000000000029a0       0x30 Output/usbd_audio_pca10056 Release/Obj/app_usbd_core.o
 .text.app_usbd_core_ep0_enable
                0x00000000000029d0       0x12 Output/usbd_audio_pca10056 Release/Obj/app_usbd_core.o
                0x00000000000029d0                app_usbd_core_ep0_enable
 .text.app_usbd_core_ep0_disable
                0x00000000000029e2       0x12 Output/usbd_audio_pca10056 Release/Obj/app_usbd_core.o
                0x00000000000029e2                app_usbd_core_ep0_disable
 .text.app_usbd_core_setup_data_handler_set
                0x00000000000029f4       0x24 Output/usbd_audio_pca10056 Release/Obj/app_usbd_core.o
                0x00000000000029f4                app_usbd_core_setup_data_handler_set
 .text.app_usbd_core_setup_rsp
                0x0000000000002a18       0x60 Output/usbd_audio_pca10056 Release/Obj/app_usbd_core.o
                0x0000000000002a18                app_usbd_core_setup_rsp
 .text.app_usbd_core_event_handler
                0x0000000000002a78      0x45c Output/usbd_audio_pca10056 Release/Obj/app_usbd_core.o
 .text.app_usbd_core_setup_transfer_buff_get
                0x0000000000002ed4       0x10 Output/usbd_audio_pca10056 Release/Obj/app_usbd_core.o
                0x0000000000002ed4                app_usbd_core_setup_transfer_buff_get
 .text.app_usbd_core_state_get
                0x0000000000002ee4        0xc Output/usbd_audio_pca10056 Release/Obj/app_usbd_core.o
                0x0000000000002ee4                app_usbd_core_state_get
 .text.app_usbd_prepare_string.constprop.0
                0x0000000000002ef0       0x40 Output/usbd_audio_pca10056 Release/Obj/app_usbd_string_desc.o
 .text.app_usbd_string_desc_get
                0x0000000000002f30       0x28 Output/usbd_audio_pca10056 Release/Obj/app_usbd_string_desc.o
                0x0000000000002f30                app_usbd_string_desc_get
 .text.app_util_disable_irq
                0x0000000000002f58       0x10 Output/usbd_audio_pca10056 Release/Obj/app_util_platform.o
                0x0000000000002f58                app_util_disable_irq
 .text.app_util_enable_irq
                0x0000000000002f68       0x14 Output/usbd_audio_pca10056 Release/Obj/app_util_platform.o
                0x0000000000002f68                app_util_enable_irq
 .text.app_util_critical_region_enter
                0x0000000000002f7c        0x4 Output/usbd_audio_pca10056 Release/Obj/app_util_platform.o
                0x0000000000002f7c                app_util_critical_region_enter
 .text.app_util_critical_region_exit
                0x0000000000002f80        0x4 Output/usbd_audio_pca10056 Release/Obj/app_util_platform.o
                0x0000000000002f80                app_util_critical_region_exit
 .text.HardFault_Handler
                0x0000000000002f84       0x34 Output/usbd_audio_pca10056 Release/Obj/hardfault_handler_gcc.o
                0x0000000000002f84                HardFault_Handler
 .text.HardFault_process
                0x0000000000002fb8       0x24 Output/usbd_audio_pca10056 Release/Obj/hardfault_implementation.o
                0x0000000000002fb8                HardFault_process
 .text.HardFault_c_handler
                0x0000000000002fdc       0xf8 Output/usbd_audio_pca10056 Release/Obj/hardfault_implementation.o
                0x0000000000002fdc                HardFault_c_handler
 .text.nrf_atfifo_init
                0x00000000000030d4       0x26 Output/usbd_audio_pca10056 Release/Obj/nrf_atfifo.o
                0x00000000000030d4                nrf_atfifo_init
 .text.nrf_atfifo_item_alloc
                0x00000000000030fa       0x54 Output/usbd_audio_pca10056 Release/Obj/nrf_atfifo.o
                0x00000000000030fa                nrf_atfifo_item_alloc
 .text.nrf_atfifo_item_put
                0x000000000000314e       0x20 Output/usbd_audio_pca10056 Release/Obj/nrf_atfifo.o
                0x000000000000314e                nrf_atfifo_item_put
 .text.nrf_atfifo_item_get
                0x000000000000316e       0x56 Output/usbd_audio_pca10056 Release/Obj/nrf_atfifo.o
                0x000000000000316e                nrf_atfifo_item_get
 .text.nrf_atfifo_item_free
                0x00000000000031c4       0x20 Output/usbd_audio_pca10056 Release/Obj/nrf_atfifo.o
                0x00000000000031c4                nrf_atfifo_item_free
 .text.nrf_atomic_u32_fetch_store
                0x00000000000031e4       0x14 Output/usbd_audio_pca10056 Release/Obj/nrf_atomic.o
                0x00000000000031e4                nrf_atomic_u32_fetch_store
 .text.nrf_atomic_u32_or
                0x00000000000031f8       0x16 Output/usbd_audio_pca10056 Release/Obj/nrf_atomic.o
                0x00000000000031f8                nrf_atomic_u32_or
 .text.nrf_atomic_u32_fetch_and
                0x000000000000320e       0x16 Output/usbd_audio_pca10056 Release/Obj/nrf_atomic.o
                0x000000000000320e                nrf_atomic_u32_fetch_and
 .text.nrf_atomic_u32_add
                0x0000000000003224       0x16 Output/usbd_audio_pca10056 Release/Obj/nrf_atomic.o
                0x0000000000003224                nrf_atomic_u32_add
 .text.nrf_atomic_u32_sub
                0x000000000000323a       0x16 Output/usbd_audio_pca10056 Release/Obj/nrf_atomic.o
                0x000000000000323a                nrf_atomic_u32_sub
 .text.nrf_atomic_flag_set
                0x0000000000003250        0x6 Output/usbd_audio_pca10056 Release/Obj/nrf_atomic.o
                0x0000000000003250                nrf_atomic_flag_set
 .text.nrf_atomic_flag_clear_fetch
                0x0000000000003256        0x6 Output/usbd_audio_pca10056 Release/Obj/nrf_atomic.o
                0x0000000000003256                nrf_atomic_flag_clear_fetch
 .text.nrf_balloc_init
                0x000000000000325c       0x2e Output/usbd_audio_pca10056 Release/Obj/nrf_balloc.o
                0x000000000000325c                nrf_balloc_init
 .text.nrf_balloc_alloc
                0x000000000000328a       0x40 Output/usbd_audio_pca10056 Release/Obj/nrf_balloc.o
                0x000000000000328a                nrf_balloc_alloc
 .text.nrf_balloc_free
                0x00000000000032ca       0x2a Output/usbd_audio_pca10056 Release/Obj/nrf_balloc.o
                0x00000000000032ca                nrf_balloc_free
 .text.nrf_fprintf_buffer_flush
                0x00000000000032f4       0x16 Output/usbd_audio_pca10056 Release/Obj/nrf_fprintf.o
                0x00000000000032f4                nrf_fprintf_buffer_flush
 .text.nrf_fprintf
                0x000000000000330a       0x1c Output/usbd_audio_pca10056 Release/Obj/nrf_fprintf.o
                0x000000000000330a                nrf_fprintf
 .text.buffer_add
                0x0000000000003326       0x2e Output/usbd_audio_pca10056 Release/Obj/nrf_fprintf_format.o
 .text.unsigned_print
                0x0000000000003354       0xb0 Output/usbd_audio_pca10056 Release/Obj/nrf_fprintf_format.o
 .text.nrf_fprintf_fmt
                0x0000000000003404      0x276 Output/usbd_audio_pca10056 Release/Obj/nrf_fprintf_format.o
                0x0000000000003404                nrf_fprintf_fmt
 .text.memobj_op
                0x000000000000367a       0x82 Output/usbd_audio_pca10056 Release/Obj/nrf_memobj.o
 .text.nrf_memobj_pool_init
                0x00000000000036fc        0x4 Output/usbd_audio_pca10056 Release/Obj/nrf_memobj.o
                0x00000000000036fc                nrf_memobj_pool_init
 .text.nrf_memobj_free
                0x0000000000003700       0x2c Output/usbd_audio_pca10056 Release/Obj/nrf_memobj.o
                0x0000000000003700                nrf_memobj_free
 .text.nrf_memobj_alloc
                0x000000000000372c       0x5e Output/usbd_audio_pca10056 Release/Obj/nrf_memobj.o
                0x000000000000372c                nrf_memobj_alloc
 .text.nrf_memobj_get
                0x000000000000378a        0x8 Output/usbd_audio_pca10056 Release/Obj/nrf_memobj.o
                0x000000000000378a                nrf_memobj_get
 .text.nrf_memobj_put
                0x0000000000003792       0x1e Output/usbd_audio_pca10056 Release/Obj/nrf_memobj.o
                0x0000000000003792                nrf_memobj_put
 .text.nrf_memobj_write
                0x00000000000037b0       0x14 Output/usbd_audio_pca10056 Release/Obj/nrf_memobj.o
                0x00000000000037b0                nrf_memobj_write
 .text.nrf_memobj_read
                0x00000000000037c4       0x14 Output/usbd_audio_pca10056 Release/Obj/nrf_memobj.o
                0x00000000000037c4                nrf_memobj_read
 .text.nrf_ringbuf_init
                0x00000000000037d8       0x12 Output/usbd_audio_pca10056 Release/Obj/nrf_ringbuf.o
                0x00000000000037d8                nrf_ringbuf_init
 *fill*         0x00000000000037ea        0x2 
 .text.clock_clk_started_notify
                0x00000000000037ec       0x24 Output/usbd_audio_pca10056 Release/Obj/nrf_drv_clock.o
 .text.clock_irq_handler
                0x0000000000003810       0x1c Output/usbd_audio_pca10056 Release/Obj/nrf_drv_clock.o
 .text.nrf_drv_clock_init
                0x000000000000382c       0x30 Output/usbd_audio_pca10056 Release/Obj/nrf_drv_clock.o
                0x000000000000382c                nrf_drv_clock_init
 .text.nrf_drv_clock_hfclk_request
                0x000000000000385c       0x54 Output/usbd_audio_pca10056 Release/Obj/nrf_drv_clock.o
                0x000000000000385c                nrf_drv_clock_hfclk_request
 .text.nrf_drv_clock_hfclk_release
                0x00000000000038b0       0x28 Output/usbd_audio_pca10056 Release/Obj/nrf_drv_clock.o
                0x00000000000038b0                nrf_drv_clock_hfclk_release
 .text.nrf_drv_power_init
                0x00000000000038d8       0x28 Output/usbd_audio_pca10056 Release/Obj/nrf_drv_power.o
                0x00000000000038d8                nrf_drv_power_init
 .text.nrf_drv_power_usbevt_uninit
                0x0000000000003900        0xe Output/usbd_audio_pca10056 Release/Obj/nrf_drv_power.o
                0x0000000000003900                nrf_drv_power_usbevt_uninit
 .text.nrf_drv_power_usbevt_init
                0x000000000000390e       0x16 Output/usbd_audio_pca10056 Release/Obj/nrf_drv_power.o
                0x000000000000390e                nrf_drv_power_usbevt_init
 .text.uarte_evt_handler
                0x0000000000003924       0x34 Output/usbd_audio_pca10056 Release/Obj/nrf_drv_uart.o
 .text.uart_evt_handler
                0x0000000000003958       0x34 Output/usbd_audio_pca10056 Release/Obj/nrf_drv_uart.o
 .text.nrf_drv_uart_init
                0x000000000000398c       0x78 Output/usbd_audio_pca10056 Release/Obj/nrf_drv_uart.o
                0x000000000000398c                nrf_drv_uart_init
 .text.nrfx_atomic_u32_fetch_and
                0x0000000000003a04       0x16 Output/usbd_audio_pca10056 Release/Obj/nrfx_atomic.o
                0x0000000000003a04                nrfx_atomic_u32_fetch_and
 *fill*         0x0000000000003a1a        0x2 
 .text.nrfx_clock_init
                0x0000000000003a1c       0x18 Output/usbd_audio_pca10056 Release/Obj/nrfx_clock.o
                0x0000000000003a1c                nrfx_clock_init
 .text.nrfx_clock_enable
                0x0000000000003a34       0x2c Output/usbd_audio_pca10056 Release/Obj/nrfx_clock.o
                0x0000000000003a34                nrfx_clock_enable
 .text.nrfx_clock_hfclk_start
                0x0000000000003a60       0x24 Output/usbd_audio_pca10056 Release/Obj/nrfx_clock.o
                0x0000000000003a60                nrfx_clock_hfclk_start
 .text.nrfx_clock_hfclk_stop
                0x0000000000003a84       0x28 Output/usbd_audio_pca10056 Release/Obj/nrfx_clock.o
                0x0000000000003a84                nrfx_clock_hfclk_stop
 .text.nrfx_clock_irq_handler
                0x0000000000003aac       0x64 Output/usbd_audio_pca10056 Release/Obj/nrfx_clock.o
                0x0000000000003aac                nrfx_clock_irq_handler
 .text.nrf_gpiote_event_clear
                0x0000000000003b10       0x18 Output/usbd_audio_pca10056 Release/Obj/nrfx_gpiote.o
 .text.nrf_gpio_pin_port_decode
                0x0000000000003b28       0x18 Output/usbd_audio_pca10056 Release/Obj/nrfx_gpiote.o
 .text.nrf_gpio_cfg_sense_set
                0x0000000000003b40       0x2e Output/usbd_audio_pca10056 Release/Obj/nrfx_gpiote.o
 *fill*         0x0000000000003b6e        0x2 
 .text.GPIOTE_IRQHandler
                0x0000000000003b70      0x1ac Output/usbd_audio_pca10056 Release/Obj/nrfx_gpiote.o
                0x0000000000003b70                GPIOTE_IRQHandler
 .text.nrf_power_event_get_and_clear
                0x0000000000003d1c       0x20 Output/usbd_audio_pca10056 Release/Obj/nrfx_power.o
 .text.nrfx_power_init
                0x0000000000003d3c       0x44 Output/usbd_audio_pca10056 Release/Obj/nrfx_power.o
                0x0000000000003d3c                nrfx_power_init
 .text.nrfx_power_usbevt_init
                0x0000000000003d80        0xc Output/usbd_audio_pca10056 Release/Obj/nrfx_power.o
                0x0000000000003d80                nrfx_power_usbevt_init
 .text.nrfx_power_usbevt_enable
                0x0000000000003d8c        0xe Output/usbd_audio_pca10056 Release/Obj/nrfx_power.o
                0x0000000000003d8c                nrfx_power_usbevt_enable
 .text.nrfx_power_usbevt_disable
                0x0000000000003d9a        0xe Output/usbd_audio_pca10056 Release/Obj/nrfx_power.o
                0x0000000000003d9a                nrfx_power_usbevt_disable
 .text.nrfx_power_usbevt_uninit
                0x0000000000003da8        0xc Output/usbd_audio_pca10056 Release/Obj/nrfx_power.o
                0x0000000000003da8                nrfx_power_usbevt_uninit
 .text.nrfx_power_irq_handler
                0x0000000000003db4       0xa0 Output/usbd_audio_pca10056 Release/Obj/nrfx_power.o
                0x0000000000003db4                nrfx_power_irq_handler
 .text.POWER_CLOCK_IRQHandler
                0x0000000000003e54        0xe Output/usbd_audio_pca10056 Release/Obj/nrfx_power.o
                0x0000000000003e54                POWER_CLOCK_IRQHandler
 *fill*         0x0000000000003e62        0x2 
 .text.UARTE0_UART0_IRQHandler
                0x0000000000003e64        0xc Output/usbd_audio_pca10056 Release/Obj/nrfx_prs.o
                0x0000000000003e64                UARTE0_UART0_IRQHandler
 .text.nrfx_prs_acquire
                0x0000000000003e70       0x38 Output/usbd_audio_pca10056 Release/Obj/nrfx_prs.o
                0x0000000000003e70                nrfx_prs_acquire
 .text.nrfx_prs_release
                0x0000000000003ea8       0x18 Output/usbd_audio_pca10056 Release/Obj/nrfx_prs.o
                0x0000000000003ea8                nrfx_prs_release
 .text.nrfx_systick_delay_ticks
                0x0000000000003ec0       0x18 Output/usbd_audio_pca10056 Release/Obj/nrfx_systick.o
                0x0000000000003ec0                nrfx_systick_delay_ticks
 .text.nrfx_systick_delay_us
                0x0000000000003ed8       0x18 Output/usbd_audio_pca10056 Release/Obj/nrfx_systick.o
                0x0000000000003ed8                nrfx_systick_delay_us
 .text.nrf_uart_event_clear
                0x0000000000003ef0       0x10 Output/usbd_audio_pca10056 Release/Obj/nrfx_uart.o
 .text.tx_byte  0x0000000000003f00       0x1e Output/usbd_audio_pca10056 Release/Obj/nrfx_uart.o
 .text.rx_byte  0x0000000000003f1e       0x2c Output/usbd_audio_pca10056 Release/Obj/nrfx_uart.o
 *fill*         0x0000000000003f4a        0x2 
 .text.rx_done_event.constprop.7
                0x0000000000003f4c       0x20 Output/usbd_audio_pca10056 Release/Obj/nrfx_uart.o
 .text.nrfx_uart_0_irq_handler
                0x0000000000003f6c      0x13c Output/usbd_audio_pca10056 Release/Obj/nrfx_uart.o
                0x0000000000003f6c                nrfx_uart_0_irq_handler
 .text.nrf_gpio_cfg_default
                0x00000000000040a8       0x20 Output/usbd_audio_pca10056 Release/Obj/nrfx_uart.o
 .text.nrfx_uart_init
                0x00000000000040c8      0x1a8 Output/usbd_audio_pca10056 Release/Obj/nrfx_uart.o
                0x00000000000040c8                nrfx_uart_init
 .text.nrfx_uart_uninit
                0x0000000000004270       0xac Output/usbd_audio_pca10056 Release/Obj/nrfx_uart.o
                0x0000000000004270                nrfx_uart_uninit
 .text.nrfx_uart_tx
                0x000000000000431c       0x90 Output/usbd_audio_pca10056 Release/Obj/nrfx_uart.o
                0x000000000000431c                nrfx_uart_tx
 .text.nrf_uarte_event_clear
                0x00000000000043ac       0x10 Output/usbd_audio_pca10056 Release/Obj/nrfx_uarte.o
 .text.rx_done_event.constprop.6
                0x00000000000043bc       0x20 Output/usbd_audio_pca10056 Release/Obj/nrfx_uarte.o
 .text.nrfx_uarte_0_irq_handler
                0x00000000000043dc       0xe8 Output/usbd_audio_pca10056 Release/Obj/nrfx_uarte.o
                0x00000000000043dc                nrfx_uarte_0_irq_handler
 .text.nrf_gpio_cfg_default
                0x00000000000044c4       0x20 Output/usbd_audio_pca10056 Release/Obj/nrfx_uarte.o
 .text.nrfx_uarte_init
                0x00000000000044e4      0x1b8 Output/usbd_audio_pca10056 Release/Obj/nrfx_uarte.o
                0x00000000000044e4                nrfx_uarte_init
 .text.nrfx_uarte_uninit
                0x000000000000469c       0xac Output/usbd_audio_pca10056 Release/Obj/nrfx_uarte.o
                0x000000000000469c                nrfx_uarte_uninit
 .text.nrfx_uarte_tx
                0x0000000000004748       0x84 Output/usbd_audio_pca10056 Release/Obj/nrfx_uarte.o
                0x0000000000004748                nrfx_uarte_tx
 .text.nrf_usbd_task_trigger
                0x00000000000047cc       0x16 Output/usbd_audio_pca10056 Release/Obj/nrfx_usbd.o
 *fill*         0x00000000000047e2        0x2 
 .text.nrf_usbd_ep_enable_check
                0x00000000000047e4       0x20 Output/usbd_audio_pca10056 Release/Obj/nrfx_usbd.o
 .text.nrfx_usbd_errata_type_52840_eng_b
                0x0000000000004804       0x20 Output/usbd_audio_pca10056 Release/Obj/nrfx_usbd.o
 .text.nrfx_usbd_consumer
                0x0000000000004824       0x2e Output/usbd_audio_pca10056 Release/Obj/nrfx_usbd.o
                0x0000000000004824                nrfx_usbd_consumer
 .text.nrfx_usbd_feeder_ram
                0x0000000000004852       0x22 Output/usbd_audio_pca10056 Release/Obj/nrfx_usbd.o
                0x0000000000004852                nrfx_usbd_feeder_ram
 .text.nrfx_usbd_feeder_ram_zlp
                0x0000000000004874       0x2a Output/usbd_audio_pca10056 Release/Obj/nrfx_usbd.o
                0x0000000000004874                nrfx_usbd_feeder_ram_zlp
 *fill*         0x000000000000489e        0x2 
 .text.ep_state_access
                0x00000000000048a0       0x1c Output/usbd_audio_pca10056 Release/Obj/nrfx_usbd.o
 .text.ep2bit   0x00000000000048bc       0x12 Output/usbd_audio_pca10056 Release/Obj/nrfx_usbd.o
 *fill*         0x00000000000048ce        0x2 
 .text.usbd_dma_pending_clear
                0x00000000000048d0       0x14 Output/usbd_audio_pca10056 Release/Obj/nrfx_usbd.o
 .text.ev_usbreset_handler
                0x00000000000048e4       0x30 Output/usbd_audio_pca10056 Release/Obj/nrfx_usbd.o
 .text.ev_started_handler
                0x0000000000004914        0x2 Output/usbd_audio_pca10056 Release/Obj/nrfx_usbd.o
 *fill*         0x0000000000004916        0x2 
 .text.nrfx_usbd_feeder_flash
                0x0000000000004918       0x38 Output/usbd_audio_pca10056 Release/Obj/nrfx_usbd.o
                0x0000000000004918                nrfx_usbd_feeder_flash
 .text.nrfx_usbd_feeder_flash_zlp
                0x0000000000004950       0x3c Output/usbd_audio_pca10056 Release/Obj/nrfx_usbd.o
                0x0000000000004950                nrfx_usbd_feeder_flash_zlp
 .text.ev_dma_epin0_handler
                0x000000000000498c       0x30 Output/usbd_audio_pca10056 Release/Obj/nrfx_usbd.o
 .text.ev_sof_handler
                0x00000000000049bc       0x44 Output/usbd_audio_pca10056 Release/Obj/nrfx_usbd.o
 .text.usbd_ep_data_handler
                0x0000000000004a00       0x58 Output/usbd_audio_pca10056 Release/Obj/nrfx_usbd.o
 .text.ev_setup_data_handler
                0x0000000000004a58       0x1c Output/usbd_audio_pca10056 Release/Obj/nrfx_usbd.o
 .text.nrf_usbd_epin_dma_handler
                0x0000000000004a74       0x34 Output/usbd_audio_pca10056 Release/Obj/nrfx_usbd.o
 .text.ev_dma_epin7_handler
                0x0000000000004aa8        0x6 Output/usbd_audio_pca10056 Release/Obj/nrfx_usbd.o
 .text.ev_dma_epin6_handler
                0x0000000000004aae        0x6 Output/usbd_audio_pca10056 Release/Obj/nrfx_usbd.o
 .text.ev_dma_epin5_handler
                0x0000000000004ab4        0x6 Output/usbd_audio_pca10056 Release/Obj/nrfx_usbd.o
 .text.ev_dma_epin4_handler
                0x0000000000004aba        0x6 Output/usbd_audio_pca10056 Release/Obj/nrfx_usbd.o
 .text.ev_dma_epin3_handler
                0x0000000000004ac0        0x6 Output/usbd_audio_pca10056 Release/Obj/nrfx_usbd.o
 .text.ev_dma_epin2_handler
                0x0000000000004ac6        0x6 Output/usbd_audio_pca10056 Release/Obj/nrfx_usbd.o
 .text.ev_dma_epin1_handler
                0x0000000000004acc        0x6 Output/usbd_audio_pca10056 Release/Obj/nrfx_usbd.o
 *fill*         0x0000000000004ad2        0x2 
 .text.ev_dma_epin8_handler
                0x0000000000004ad4       0x54 Output/usbd_audio_pca10056 Release/Obj/nrfx_usbd.o
 .text.ev_dma_epout8_handler
                0x0000000000004b28       0x48 Output/usbd_audio_pca10056 Release/Obj/nrfx_usbd.o
 .text.ev_usbevent_handler
                0x0000000000004b70       0x90 Output/usbd_audio_pca10056 Release/Obj/nrfx_usbd.o
 .text.usbd_dmareq_process
                0x0000000000004c00      0x208 Output/usbd_audio_pca10056 Release/Obj/nrfx_usbd.o
 .text.ev_epdata_handler
                0x0000000000004e08       0x68 Output/usbd_audio_pca10056 Release/Obj/nrfx_usbd.o
 .text.nrf_usbd_epout_dma_handler
                0x0000000000004e70       0x64 Output/usbd_audio_pca10056 Release/Obj/nrfx_usbd.o
 .text.ev_dma_epout7_handler
                0x0000000000004ed4        0x6 Output/usbd_audio_pca10056 Release/Obj/nrfx_usbd.o
 .text.ev_dma_epout6_handler
                0x0000000000004eda        0x6 Output/usbd_audio_pca10056 Release/Obj/nrfx_usbd.o
 .text.ev_dma_epout5_handler
                0x0000000000004ee0        0x6 Output/usbd_audio_pca10056 Release/Obj/nrfx_usbd.o
 .text.ev_dma_epout4_handler
                0x0000000000004ee6        0x6 Output/usbd_audio_pca10056 Release/Obj/nrfx_usbd.o
 .text.ev_dma_epout3_handler
                0x0000000000004eec        0x6 Output/usbd_audio_pca10056 Release/Obj/nrfx_usbd.o
 .text.ev_dma_epout2_handler
                0x0000000000004ef2        0x6 Output/usbd_audio_pca10056 Release/Obj/nrfx_usbd.o
 .text.ev_dma_epout1_handler
                0x0000000000004ef8        0x6 Output/usbd_audio_pca10056 Release/Obj/nrfx_usbd.o
 *fill*         0x0000000000004efe        0x2 
 .text.nrfx_usbd_uninit
                0x0000000000004f00       0x14 Output/usbd_audio_pca10056 Release/Obj/nrfx_usbd.o
                0x0000000000004f00                nrfx_usbd_uninit
 .text.nrfx_usbd_enable
                0x0000000000004f14      0x140 Output/usbd_audio_pca10056 Release/Obj/nrfx_usbd.o
                0x0000000000004f14                nrfx_usbd_enable
 .text.nrfx_usbd_start
                0x0000000000005054       0x54 Output/usbd_audio_pca10056 Release/Obj/nrfx_usbd.o
                0x0000000000005054                nrfx_usbd_start
 .text.nrfx_usbd_is_initialized
                0x00000000000050a8       0x10 Output/usbd_audio_pca10056 Release/Obj/nrfx_usbd.o
                0x00000000000050a8                nrfx_usbd_is_initialized
 .text.nrfx_usbd_is_enabled
                0x00000000000050b8       0x14 Output/usbd_audio_pca10056 Release/Obj/nrfx_usbd.o
                0x00000000000050b8                nrfx_usbd_is_enabled
 .text.nrfx_usbd_wakeup_req
                0x00000000000050cc       0x58 Output/usbd_audio_pca10056 Release/Obj/nrfx_usbd.o
                0x00000000000050cc                nrfx_usbd_wakeup_req
 .text.nrfx_usbd_suspend_irq_config
                0x0000000000005124       0x14 Output/usbd_audio_pca10056 Release/Obj/nrfx_usbd.o
                0x0000000000005124                nrfx_usbd_suspend_irq_config
 .text.nrfx_usbd_active_irq_config
                0x0000000000005138       0x14 Output/usbd_audio_pca10056 Release/Obj/nrfx_usbd.o
                0x0000000000005138                nrfx_usbd_active_irq_config
 .text.nrfx_usbd_force_bus_wakeup
                0x000000000000514c        0xc Output/usbd_audio_pca10056 Release/Obj/nrfx_usbd.o
                0x000000000000514c                nrfx_usbd_force_bus_wakeup
 .text.nrfx_usbd_ep_max_packet_size_set
                0x0000000000005158        0xa Output/usbd_audio_pca10056 Release/Obj/nrfx_usbd.o
                0x0000000000005158                nrfx_usbd_ep_max_packet_size_set
 *fill*         0x0000000000005162        0x2 
 .text.nrfx_usbd_init
                0x0000000000005164       0x7c Output/usbd_audio_pca10056 Release/Obj/nrfx_usbd.o
                0x0000000000005164                nrfx_usbd_init
 .text.nrfx_usbd_ep_max_packet_size_get
                0x00000000000051e0        0xa Output/usbd_audio_pca10056 Release/Obj/nrfx_usbd.o
                0x00000000000051e0                nrfx_usbd_ep_max_packet_size_get
 .text.nrfx_usbd_ep_enable_check
                0x00000000000051ea        0x4 Output/usbd_audio_pca10056 Release/Obj/nrfx_usbd.o
                0x00000000000051ea                nrfx_usbd_ep_enable_check
 *fill*         0x00000000000051ee        0x2 
 .text.nrfx_usbd_ep_transfer
                0x00000000000051f0       0xe8 Output/usbd_audio_pca10056 Release/Obj/nrfx_usbd.o
                0x00000000000051f0                nrfx_usbd_ep_transfer
 .text.nrfx_usbd_ep_handled_transfer
                0x00000000000052d8       0x7c Output/usbd_audio_pca10056 Release/Obj/nrfx_usbd.o
                0x00000000000052d8                nrfx_usbd_ep_handled_transfer
 .text.nrfx_usbd_feeder_buffer_get
                0x0000000000005354        0x8 Output/usbd_audio_pca10056 Release/Obj/nrfx_usbd.o
                0x0000000000005354                nrfx_usbd_feeder_buffer_get
 .text.nrfx_usbd_epout_size_get
                0x000000000000535c       0x28 Output/usbd_audio_pca10056 Release/Obj/nrfx_usbd.o
                0x000000000000535c                nrfx_usbd_epout_size_get
 .text.nrfx_usbd_ep_stall
                0x0000000000005384       0x18 Output/usbd_audio_pca10056 Release/Obj/nrfx_usbd.o
                0x0000000000005384                nrfx_usbd_ep_stall
 .text.nrfx_usbd_ep_stall_check
                0x000000000000539c       0x34 Output/usbd_audio_pca10056 Release/Obj/nrfx_usbd.o
                0x000000000000539c                nrfx_usbd_ep_stall_check
 .text.nrfx_usbd_ep_dtoggle_clear
                0x00000000000053d0       0x20 Output/usbd_audio_pca10056 Release/Obj/nrfx_usbd.o
                0x00000000000053d0                nrfx_usbd_ep_dtoggle_clear
 .text.nrfx_usbd_setup_get
                0x00000000000053f0       0x4c Output/usbd_audio_pca10056 Release/Obj/nrfx_usbd.o
                0x00000000000053f0                nrfx_usbd_setup_get
 .text.nrfx_usbd_setup_data_clear
                0x000000000000543c       0x2a Output/usbd_audio_pca10056 Release/Obj/nrfx_usbd.o
                0x000000000000543c                nrfx_usbd_setup_data_clear
 *fill*         0x0000000000005466        0x2 
 .text.ev_dma_epout0_handler
                0x0000000000005468       0x50 Output/usbd_audio_pca10056 Release/Obj/nrfx_usbd.o
 .text.nrfx_usbd_setup_clear
                0x00000000000054b8        0x6 Output/usbd_audio_pca10056 Release/Obj/nrfx_usbd.o
                0x00000000000054b8                nrfx_usbd_setup_clear
 .text.nrfx_usbd_setup_stall
                0x00000000000054be        0x6 Output/usbd_audio_pca10056 Release/Obj/nrfx_usbd.o
                0x00000000000054be                nrfx_usbd_setup_stall
 .text.nrfx_usbd_last_setup_dir_get
                0x00000000000054c4        0xc Output/usbd_audio_pca10056 Release/Obj/nrfx_usbd.o
                0x00000000000054c4                nrfx_usbd_last_setup_dir_get
 .text.nrfx_usbd_transfer_out_drop
                0x00000000000054d0       0x80 Output/usbd_audio_pca10056 Release/Obj/nrfx_usbd.o
                0x00000000000054d0                nrfx_usbd_transfer_out_drop
 .text.usbd_ep_abort
                0x0000000000005550       0xdc Output/usbd_audio_pca10056 Release/Obj/nrfx_usbd.o
 .text.ev_setup_handler
                0x000000000000562c       0x74 Output/usbd_audio_pca10056 Release/Obj/nrfx_usbd.o
 .text.USBD_IRQHandler
                0x00000000000056a0      0x174 Output/usbd_audio_pca10056 Release/Obj/nrfx_usbd.o
                0x00000000000056a0                USBD_IRQHandler
 .text.usbd_ep_abort_all
                0x0000000000005814       0x4c Output/usbd_audio_pca10056 Release/Obj/nrfx_usbd.o
 .text.nrfx_usbd_stop
                0x0000000000005860       0x3c Output/usbd_audio_pca10056 Release/Obj/nrfx_usbd.o
                0x0000000000005860                nrfx_usbd_stop
 .text.nrfx_usbd_disable
                0x000000000000589c       0x34 Output/usbd_audio_pca10056 Release/Obj/nrfx_usbd.o
                0x000000000000589c                nrfx_usbd_disable
 .text.nrfx_usbd_suspend
                0x00000000000058d0       0x4c Output/usbd_audio_pca10056 Release/Obj/nrfx_usbd.o
                0x00000000000058d0                nrfx_usbd_suspend
 .text.nrfx_usbd_ep_disable
                0x000000000000591c       0x64 Output/usbd_audio_pca10056 Release/Obj/nrfx_usbd.o
                0x000000000000591c                nrfx_usbd_ep_disable
 .text.nrfx_usbd_ep_enable
                0x0000000000005980       0x9c Output/usbd_audio_pca10056 Release/Obj/nrfx_usbd.o
                0x0000000000005980                nrfx_usbd_ep_enable
 .text.nrfx_usbd_ep_stall_clear
                0x0000000000005a1c       0x38 Output/usbd_audio_pca10056 Release/Obj/nrfx_usbd.o
                0x0000000000005a1c                nrfx_usbd_ep_stall_clear
 .text.usbd_user_ev_handler
                0x0000000000005a54       0xa4 Output/usbd_audio_pca10056 Release/Obj/main.o
 .text.hp_audio_user_ev_handler
                0x0000000000005af8       0x5c Output/usbd_audio_pca10056 Release/Obj/main.o
 .text.hp_sof_ev_handler
                0x0000000000005b54       0x54 Output/usbd_audio_pca10056 Release/Obj/main.o
 .text.mic_audio_user_ev_handler
                0x0000000000005ba8       0x3c Output/usbd_audio_pca10056 Release/Obj/main.o
 .text.startup.main
                0x0000000000005be4       0xac Output/usbd_audio_pca10056 Release/Obj/main.o
                0x0000000000005be4                main
 .text._GetAvailWriteSpace
                0x0000000000005c90       0x1c Output/usbd_audio_pca10056 Release/Obj/SEGGER_RTT.o
 .text._WriteNoCheck
                0x0000000000005cac       0x34 Output/usbd_audio_pca10056 Release/Obj/SEGGER_RTT.o
 .text._WriteBlocking
                0x0000000000005ce0       0x52 Output/usbd_audio_pca10056 Release/Obj/SEGGER_RTT.o
 *fill*         0x0000000000005d32        0x2 
 .text._DoInit  0x0000000000005d34       0x60 Output/usbd_audio_pca10056 Release/Obj/SEGGER_RTT.o
 .text.SEGGER_RTT_WriteNoLock
                0x0000000000005d94       0x68 Output/usbd_audio_pca10056 Release/Obj/SEGGER_RTT.o
                0x0000000000005d94                SEGGER_RTT_WriteNoLock
 .text.SEGGER_RTT_Init
                0x0000000000005dfc        0x4 Output/usbd_audio_pca10056 Release/Obj/SEGGER_RTT.o
                0x0000000000005dfc                SEGGER_RTT_Init
 .text.errata_98
                0x0000000000005e00       0x20 Output/usbd_audio_pca10056 Release/Obj/system_nrf52840.o
 .text.SystemInit
                0x0000000000005e20      0x1b8 Output/usbd_audio_pca10056 Release/Obj/system_nrf52840.o
                0x0000000000005e20                SystemInit
 .text.libc.__RAL_ascii_isctype
                0x0000000000005fd8       0x1c C:/Program Files/SEGGER/SEGGER Embedded Studio for ARM 4.22/lib/libc_v7em_fpv4_sp_d16_hard_t_le_eabi.a(libc2.o)
 .text.libc.__RAL_ascii_toupper
                0x0000000000005ff4        0xc C:/Program Files/SEGGER/SEGGER Embedded Studio for ARM 4.22/lib/libc_v7em_fpv4_sp_d16_hard_t_le_eabi.a(libc2.o)
 .text.libc.__RAL_ascii_tolower
                0x0000000000006000        0xc C:/Program Files/SEGGER/SEGGER Embedded Studio for ARM 4.22/lib/libc_v7em_fpv4_sp_d16_hard_t_le_eabi.a(libc2.o)
 .text.libc.__RAL_ascii_iswctype
                0x000000000000600c       0x1c C:/Program Files/SEGGER/SEGGER Embedded Studio for ARM 4.22/lib/libc_v7em_fpv4_sp_d16_hard_t_le_eabi.a(libc2.o)
 .text.libc.__RAL_ascii_towupper
                0x0000000000006028        0xc C:/Program Files/SEGGER/SEGGER Embedded Studio for ARM 4.22/lib/libc_v7em_fpv4_sp_d16_hard_t_le_eabi.a(libc2.o)
 .text.libc.__RAL_ascii_towlower
                0x0000000000006034        0xc C:/Program Files/SEGGER/SEGGER Embedded Studio for ARM 4.22/lib/libc_v7em_fpv4_sp_d16_hard_t_le_eabi.a(libc2.o)
 .text.libc.__RAL_ascii_wctomb
                0x0000000000006040        0xe C:/Program Files/SEGGER/SEGGER Embedded Studio for ARM 4.22/lib/libc_v7em_fpv4_sp_d16_hard_t_le_eabi.a(libc2.o)
                0x0000000000006040                __RAL_ascii_wctomb
 .text.libc.__RAL_ascii_mbtowc
                0x000000000000604e       0x24 C:/Program Files/SEGGER/SEGGER Embedded Studio for ARM 4.22/lib/libc_v7em_fpv4_sp_d16_hard_t_le_eabi.a(libc2.o)
                0x000000000000604e                __RAL_ascii_mbtowc
 *fill*         0x0000000000006072        0x2 
 .text.libc.__RAL_isctype
                0x0000000000006074       0x14 C:/Program Files/SEGGER/SEGGER Embedded Studio for ARM 4.22/lib/libc_v7em_fpv4_sp_d16_hard_t_le_eabi.a(libc2.o)
                0x0000000000006074                __RAL_isctype
 .text.libc.isprint
                0x0000000000006088        0xa C:/Program Files/SEGGER/SEGGER Embedded Studio for ARM 4.22/lib/libc_v7em_fpv4_sp_d16_hard_t_le_eabi.a(libc2.o)
                0x0000000000006088                isprint
 .text.libc.memcpy
                0x0000000000006092       0x52 C:/Program Files/SEGGER/SEGGER Embedded Studio for ARM 4.22/lib/libc_v7em_fpv4_sp_d16_hard_t_le_eabi.a(libc2_asm.o)
                0x0000000000006092                __aeabi_memcpy
                0x0000000000006092                memcpy
                0x000000000000609e                __aeabi_memcpy8
                0x000000000000609e                __aeabi_memcpy4
 .text.libc.memset
                0x00000000000060e4       0x66 C:/Program Files/SEGGER/SEGGER Embedded Studio for ARM 4.22/lib/libc_v7em_fpv4_sp_d16_hard_t_le_eabi.a(libc2_asm.o)
                0x00000000000060e4                memset
 .text.libc.strcpy
                0x000000000000614a       0x44 C:/Program Files/SEGGER/SEGGER Embedded Studio for ARM 4.22/lib/libc_v7em_fpv4_sp_d16_hard_t_le_eabi.a(libc2_asm.o)
                0x000000000000614a                strcpy
 .text.libc.strlen
                0x000000000000618e       0x60 C:/Program Files/SEGGER/SEGGER Embedded Studio for ARM 4.22/lib/libc_v7em_fpv4_sp_d16_hard_t_le_eabi.a(libc2_asm.o)
                0x000000000000618e                strlen
                0x00000000000061ee                __text_end__ = (__text_start__ + SIZEOF (.text))
                0x0000000000005e1a                __text_size__ = SIZEOF (.text)
                0x00000000000061ee                __text_load_end__ = __text_end__

.vfp11_veneer   0x0000000100000000        0x0
 .vfp11_veneer  0x0000000100000000        0x0 linker stubs

.v4_bx          0x0000000100000000        0x0
 .v4_bx         0x0000000100000000        0x0 linker stubs

.iplt           0x0000000100000000        0x0
 .iplt          0x0000000100000000        0x0 Output/usbd_audio_pca10056 Release/Obj/thumb_crt0.o
                0x0000000000000001                . = ASSERT (((__text_start__ == __text_end__) || ((__text_end__ - __FLASH_segment_start__) <= __FLASH_segment_size__)), error: .text is too large to fit in FLASH memory segment)
                0x00000000000061f0                __log_const_data_load_start__ = ALIGN (__text_end__, 0x4)

.log_const_data
                0x00000000000061f0       0x58
                0x00000000000061f0                __log_const_data_start__ = .
                0x00000000000061f0                __start_log_const_data = __log_const_data_start__
 *(SORT_BY_NAME(.log_const_data*))
 .log_const_data_CLOCK
                0x00000000000061f0        0x8 Output/usbd_audio_pca10056 Release/Obj/nrfx_clock.o
                0x00000000000061f0                m_nrf_log_CLOCK_logs_data_const
 .log_const_data_GPIOTE
                0x00000000000061f8        0x8 Output/usbd_audio_pca10056 Release/Obj/nrfx_gpiote.o
                0x00000000000061f8                m_nrf_log_GPIOTE_logs_data_const
 .log_const_data_PRS
                0x0000000000006200        0x8 Output/usbd_audio_pca10056 Release/Obj/nrfx_prs.o
                0x0000000000006200                m_nrf_log_PRS_logs_data_const
 .log_const_data_UART
                0x0000000000006208        0x8 Output/usbd_audio_pca10056 Release/Obj/nrfx_uart.o
                0x0000000000006208                m_nrf_log_UART_logs_data_const
 .log_const_data_UARTE
                0x0000000000006210        0x8 Output/usbd_audio_pca10056 Release/Obj/nrfx_uarte.o
                0x0000000000006210                m_nrf_log_UARTE_logs_data_const
 .log_const_data_USBD
                0x0000000000006218        0x8 Output/usbd_audio_pca10056 Release/Obj/nrfx_usbd.o
                0x0000000000006218                m_nrf_log_USBD_logs_data_const
 .log_const_data_app
                0x0000000000006220        0x8 Output/usbd_audio_pca10056 Release/Obj/nrf_log_frontend.o
                0x0000000000006220                m_nrf_log_app_logs_data_const
 .log_const_data_app_usbd
                0x0000000000006228        0x8 Output/usbd_audio_pca10056 Release/Obj/app_usbd.o
                0x0000000000006228                m_nrf_log_app_usbd_logs_data_const
 .log_const_data_app_usbd_core
                0x0000000000006230        0x8 Output/usbd_audio_pca10056 Release/Obj/app_usbd_core.o
                0x0000000000006230                m_nrf_log_app_usbd_core_logs_data_const
 .log_const_data_clock
                0x0000000000006238        0x8 Output/usbd_audio_pca10056 Release/Obj/nrf_drv_clock.o
                0x0000000000006238                m_nrf_log_clock_logs_data_const
 .log_const_data_hardfault
                0x0000000000006240        0x8 Output/usbd_audio_pca10056 Release/Obj/hardfault_implementation.o
                0x0000000000006240                m_nrf_log_hardfault_logs_data_const
                0x0000000000006248                __log_const_data_end__ = (__log_const_data_start__ + SIZEOF (.log_const_data))
                0x0000000000000058                __log_const_data_size__ = SIZEOF (.log_const_data)
                0x0000000000006248                __stop_log_const_data = __log_const_data_end__
                0x0000000000006248                __log_const_data_load_end__ = __log_const_data_end__
                0x0000000000000001                . = ASSERT (((__log_const_data_start__ == __log_const_data_end__) || ((__log_const_data_end__ - __FLASH_segment_start__) <= __FLASH_segment_size__)), error: .log_const_data is too large to fit in FLASH memory segment)
                0x0000000000006248                __log_backends_load_start__ = ALIGN (__log_const_data_end__, 0x4)

.log_backends   0x0000000000006248       0x20
                0x0000000000006248                __log_backends_start__ = .
                0x0000000000006248                __start_log_backends = __log_backends_start__
 *(SORT_BY_NAME(.log_backends*))
 .log_backends  0x0000000000006248       0x20 Output/usbd_audio_pca10056 Release/Obj/nrf_log_default_backends.o
                0x0000000000006268                __log_backends_end__ = (__log_backends_start__ + SIZEOF (.log_backends))
                0x0000000000000020                __log_backends_size__ = SIZEOF (.log_backends)
                0x0000000000006268                __stop_log_backends = __log_backends_end__
                0x0000000000006268                __log_backends_load_end__ = __log_backends_end__
                0x0000000000000001                . = ASSERT (((__log_backends_start__ == __log_backends_end__) || ((__log_backends_end__ - __FLASH_segment_start__) <= __FLASH_segment_size__)), error: .log_backends is too large to fit in FLASH memory segment)
                0x0000000000006268                __nrf_balloc_load_start__ = ALIGN (__log_backends_end__, 0x4)

.nrf_balloc     0x0000000000006268       0x14
                0x0000000000006268                __nrf_balloc_start__ = .
                0x0000000000006268                __start_nrf_balloc = __nrf_balloc_start__
 *(.nrf_balloc*)
 .nrf_balloc    0x0000000000006268       0x14 Output/usbd_audio_pca10056 Release/Obj/nrf_log_frontend.o
                0x0000000000006268                log_mempool
                0x000000000000627c                __nrf_balloc_end__ = (__nrf_balloc_start__ + SIZEOF (.nrf_balloc))
                0x0000000000000014                __nrf_balloc_size__ = SIZEOF (.nrf_balloc)
                0x000000000000627c                __stop_nrf_balloc = __nrf_balloc_end__
                0x000000000000627c                __nrf_balloc_load_end__ = __nrf_balloc_end__
                0x0000000000000001                . = ASSERT (((__nrf_balloc_start__ == __nrf_balloc_end__) || ((__nrf_balloc_end__ - __FLASH_segment_start__) <= __FLASH_segment_size__)), error: .nrf_balloc is too large to fit in FLASH memory segment)
                0x000000000000627c                __nrf_sections_load_start__ = ALIGN (__nrf_balloc_end__, 0x4)

.nrf_sections   0x000000000000627c        0x0
                0x000000000000627c                __nrf_sections_start__ = .
                0x000000000000627c                __start_nrf_sections = __nrf_sections_start__
 *(.nrf_sections .nrf_sections.*)
                0x000000000000627c                __nrf_sections_end__ = (__nrf_sections_start__ + SIZEOF (.nrf_sections))
                0x0000000000000000                __nrf_sections_size__ = SIZEOF (.nrf_sections)
                0x000000000000627c                __nrf_sections_load_end__ = __nrf_sections_end__
                0x0000000000000001                . = ASSERT (((__nrf_sections_start__ == __nrf_sections_end__) || ((__nrf_sections_end__ - __FLASH_segment_start__) <= __FLASH_segment_size__)), error: .nrf_sections is too large to fit in FLASH memory segment)
                0x000000000000627c                __log_dynamic_data_load_start__ = ALIGN (__nrf_sections_end__, 0x4)

.log_dynamic_data
                0x0000000020000000        0x0 load address 0x000000000000627c
                0x0000000020000000                __log_dynamic_data_start__ = .
 *(SORT_BY_NAME(.log_dynamic_data*))
                0x0000000020000000                __log_dynamic_data_end__ = (__log_dynamic_data_start__ + SIZEOF (.log_dynamic_data))
                0x0000000000000000                __log_dynamic_data_size__ = SIZEOF (.log_dynamic_data)
                0x000000000000627c                __log_dynamic_data_load_end__ = (__log_dynamic_data_load_start__ + SIZEOF (.log_dynamic_data))
                0x0000000000000001                . = ASSERT (((__log_dynamic_data_load_start__ == __log_dynamic_data_load_end__) || ((__log_dynamic_data_load_end__ - __FLASH_segment_start__) <= __FLASH_segment_size__)), error: .log_dynamic_data is too large to fit in FLASH memory segment)

.log_dynamic_data_run
                0x0000000020000000        0x0
                0x0000000020000000                __log_dynamic_data_run_start__ = .
                0x0000000020000000                __start_log_dynamic_data = __log_dynamic_data_run_start__
                0x0000000020000000                . = MAX ((__log_dynamic_data_run_start__ + SIZEOF (.log_dynamic_data)), .)
                0x0000000020000000                __log_dynamic_data_run_end__ = (__log_dynamic_data_run_start__ + SIZEOF (.log_dynamic_data_run))
                0x0000000000000000                __log_dynamic_data_run_size__ = SIZEOF (.log_dynamic_data_run)
                0x0000000020000000                __stop_log_dynamic_data = __log_dynamic_data_run_end__
                0x0000000020000000                __log_dynamic_data_run_load_end__ = __log_dynamic_data_run_end__
                0x0000000000000001                . = ASSERT (((__log_dynamic_data_run_start__ == __log_dynamic_data_run_end__) || ((__log_dynamic_data_run_end__ - __RAM_segment_start__) <= __RAM_segment_size__)), error: .log_dynamic_data_run is too large to fit in RAM memory segment)
                0x000000000000627c                __log_filter_data_load_start__ = ALIGN ((__log_dynamic_data_load_start__ + SIZEOF (.log_dynamic_data)), 0x4)

.log_filter_data
                0x0000000020000000        0x0 load address 0x000000000000627c
                0x0000000020000000                __log_filter_data_start__ = .
 *(SORT_BY_NAME(.log_filter_data*))
                0x0000000020000000                __log_filter_data_end__ = (__log_filter_data_start__ + SIZEOF (.log_filter_data))
                0x0000000000000000                __log_filter_data_size__ = SIZEOF (.log_filter_data)
                0x000000000000627c                __log_filter_data_load_end__ = (__log_filter_data_load_start__ + SIZEOF (.log_filter_data))
                0x0000000000000001                . = ASSERT (((__log_filter_data_load_start__ == __log_filter_data_load_end__) || ((__log_filter_data_load_end__ - __FLASH_segment_start__) <= __FLASH_segment_size__)), error: .log_filter_data is too large to fit in FLASH memory segment)

.log_filter_data_run
                0x0000000020000000        0x0
                0x0000000020000000                __log_filter_data_run_start__ = .
                0x0000000020000000                __start_log_filter_data = __log_filter_data_run_start__
                0x0000000020000000                . = MAX ((__log_filter_data_run_start__ + SIZEOF (.log_filter_data)), .)
                0x0000000020000000                __log_filter_data_run_end__ = (__log_filter_data_run_start__ + SIZEOF (.log_filter_data_run))
                0x0000000000000000                __log_filter_data_run_size__ = SIZEOF (.log_filter_data_run)
                0x0000000020000000                __stop_log_filter_data = __log_filter_data_run_end__
                0x0000000020000000                __log_filter_data_run_load_end__ = __log_filter_data_run_end__
                0x0000000000000001                . = ASSERT (((__log_filter_data_run_start__ == __log_filter_data_run_end__) || ((__log_filter_data_run_end__ - __RAM_segment_start__) <= __RAM_segment_size__)), error: .log_filter_data_run is too large to fit in RAM memory segment)
                0x0000000020000000                __nrf_sections_run_end_load_start__ = ALIGN (__log_filter_data_run_end__, 0x4)

.nrf_sections_run_end
                0x0000000020000000        0x0
                0x0000000020000000                __nrf_sections_run_end_start__ = .
                0x0000000020000000                __end_nrf_sections_run = __nrf_sections_run_end_start__
 *(.nrf_sections_run_end .nrf_sections_run_end.*)
                0x0000000020000000                __nrf_sections_run_end_end__ = (__nrf_sections_run_end_start__ + SIZEOF (.nrf_sections_run_end))
                0x0000000000000000                __nrf_sections_run_end_size__ = SIZEOF (.nrf_sections_run_end)
                0x0000000020000000                __nrf_sections_run_end_load_end__ = __nrf_sections_run_end_end__
                0x0000000000000001                . = ASSERT (((__nrf_sections_run_end_start__ == __nrf_sections_run_end_end__) || ((__nrf_sections_run_end_end__ - __RAM_segment_start__) <= __RAM_segment_size__)), error: .nrf_sections_run_end is too large to fit in RAM memory segment)
                0x000000000000627c                __dtors_load_start__ = ALIGN ((__log_filter_data_load_start__ + SIZEOF (.log_filter_data)), 0x4)

.dtors          0x000000000000627c        0x0
                0x000000000000627c                __dtors_start__ = .
 *(SORT_BY_NAME(.dtors.*))
 *(.dtors)
 *(.fini_array)
 *(SORT_BY_NAME(.fini_array.*))
                0x000000000000627c                __dtors_end__ = (__dtors_start__ + SIZEOF (.dtors))
                0x0000000000000000                __dtors_size__ = SIZEOF (.dtors)
                0x000000000000627c                __dtors_load_end__ = __dtors_end__
                0x0000000000000001                . = ASSERT (((__dtors_start__ == __dtors_end__) || ((__dtors_end__ - __FLASH_segment_start__) <= __FLASH_segment_size__)), error: .dtors is too large to fit in FLASH memory segment)
                0x000000000000627c                __ctors_load_start__ = ALIGN (__dtors_end__, 0x4)

.ctors          0x000000000000627c        0x0
                0x000000000000627c                __ctors_start__ = .
 *(SORT_BY_NAME(.ctors.*))
 *(.ctors)
 *(.init_array)
 *(SORT_BY_NAME(.init_array.*))
                0x000000000000627c                __ctors_end__ = (__ctors_start__ + SIZEOF (.ctors))
                0x0000000000000000                __ctors_size__ = SIZEOF (.ctors)
                0x000000000000627c                __ctors_load_end__ = __ctors_end__
                0x0000000000000001                . = ASSERT (((__ctors_start__ == __ctors_end__) || ((__ctors_end__ - __FLASH_segment_start__) <= __FLASH_segment_size__)), error: .ctors is too large to fit in FLASH memory segment)
                0x000000000000627c                __rodata_load_start__ = ALIGN (__ctors_end__, 0x4)

.rodata         0x000000000000627c      0xdbc
                0x000000000000627c                __rodata_start__ = .
 *(.rodata .rodata.* .gnu.linkonce.r.*)
 *fill*         0x000000000000627c        0x4 
 .rodata.delay_machine_code.8432
                0x0000000000006280        0x6 Output/usbd_audio_pca10056 Release/Obj/nrf_log_backend_rtt.o
 *fill*         0x0000000000006286        0x2 
 .rodata.nrf_log_backend_rtt_api
                0x0000000000006288        0xc Output/usbd_audio_pca10056 Release/Obj/nrf_log_backend_rtt.o
                0x0000000000006288                nrf_log_backend_rtt_api
 .rodata        0x0000000000006294       0x20 Output/usbd_audio_pca10056 Release/Obj/nrf_log_backend_uart.o
 .rodata.nrf_log_backend_uart_api
                0x00000000000062b4        0xc Output/usbd_audio_pca10056 Release/Obj/nrf_log_backend_uart.o
                0x00000000000062b4                nrf_log_backend_uart_api
 .rodata.str1.1
                0x00000000000062c0       0x21 Output/usbd_audio_pca10056 Release/Obj/nrf_log_default_backends.o
 *fill*         0x00000000000062e1        0x3 
 .rodata.m_log_push_ringbuf
                0x00000000000062e4        0xc Output/usbd_audio_pca10056 Release/Obj/nrf_log_frontend.o
 .rodata.nrf_log_frontend_dequeue.str1.1
                0x00000000000062f0       0x11 Output/usbd_audio_pca10056 Release/Obj/nrf_log_frontend.o
 .rodata.str1.1
                0x0000000000006301        0x4 Output/usbd_audio_pca10056 Release/Obj/nrf_log_frontend.o
 *fill*         0x0000000000006305        0x3 
 .rodata.m_colors
                0x0000000000006308       0x24 Output/usbd_audio_pca10056 Release/Obj/nrf_log_str_formatter.o
 .rodata.nrf_log_hexdump_entry_process.str1.1
                0x000000000000632c        0xf Output/usbd_audio_pca10056 Release/Obj/nrf_log_str_formatter.o
                                         0x11 (size before relaxing)
 .rodata.postfix_process.str1.1
                0x000000000000633b        0x8 Output/usbd_audio_pca10056 Release/Obj/nrf_log_str_formatter.o
                                          0xb (size before relaxing)
 .rodata.prefix_process.str1.1
                0x0000000000006343       0x2a Output/usbd_audio_pca10056 Release/Obj/nrf_log_str_formatter.o
 *fill*         0x000000000000636d        0x3 
 .rodata.severity_names
                0x0000000000006370       0x14 Output/usbd_audio_pca10056 Release/Obj/nrf_log_str_formatter.o
 .rodata.str1.1
                0x0000000000006384       0x4b Output/usbd_audio_pca10056 Release/Obj/nrf_log_str_formatter.o
                                         0x51 (size before relaxing)
 .rodata.m_board_led_list
                0x00000000000063cf        0x4 Output/usbd_audio_pca10056 Release/Obj/boards.o
 .rodata.app_error_fault_handler.str1.1
                0x00000000000063d3       0x19 Output/usbd_audio_pca10056 Release/Obj/app_error_weak.o
 *fill*         0x00000000000063ec        0x4 
 .rodata.delay_machine_code.8158
                0x00000000000063f0        0x6 Output/usbd_audio_pca10056 Release/Obj/app_timer.o
 .rodata.CSWTCH.44
                0x00000000000063f6        0x7 Output/usbd_audio_pca10056 Release/Obj/app_usbd.o
 *fill*         0x00000000000063fd        0x3 
 .rodata.config.10478
                0x0000000000006400        0x4 Output/usbd_audio_pca10056 Release/Obj/app_usbd.o
 .rodata.ev.10371
                0x0000000000006404        0x4 Output/usbd_audio_pca10056 Release/Obj/app_usbd.o
 .rodata.ev.10374
                0x0000000000006408        0x4 Output/usbd_audio_pca10056 Release/Obj/app_usbd.o
 .rodata.ev.10376
                0x000000000000640c        0x4 Output/usbd_audio_pca10056 Release/Obj/app_usbd.o
 .rodata.event_setaddress.10359
                0x0000000000006410        0x4 Output/usbd_audio_pca10056 Release/Obj/app_usbd.o
 .rodata.evt_data.10384
                0x0000000000006414        0x1 Output/usbd_audio_pca10056 Release/Obj/app_usbd.o
 .rodata.evt_data.10502
                0x0000000000006415        0x1 Output/usbd_audio_pca10056 Release/Obj/app_usbd.o
 .rodata.evt_data.10522
                0x0000000000006416        0x1 Output/usbd_audio_pca10056 Release/Obj/app_usbd.o
 .rodata.evt_data.10525
                0x0000000000006417        0x1 Output/usbd_audio_pca10056 Release/Obj/app_usbd.o
 .rodata.evt_data.10535
                0x0000000000006418        0x1 Output/usbd_audio_pca10056 Release/Obj/app_usbd.o
 .rodata.evt_data.10544
                0x0000000000006419        0x1 Output/usbd_audio_pca10056 Release/Obj/app_usbd.o
 .rodata.str1.1
                0x000000000000641a        0x9 Output/usbd_audio_pca10056 Release/Obj/app_usbd.o
 *fill*         0x0000000000006423        0x1 
 .rodata.app_usbd_audio_class_methods
                0x0000000000006424       0x14 Output/usbd_audio_pca10056 Release/Obj/app_usbd_audio.o
                0x0000000000006424                app_usbd_audio_class_methods
 .rodata.app_usbd_core_inst
                0x0000000000006438       0x10 Output/usbd_audio_pca10056 Release/Obj/app_usbd_core.o
                0x0000000000006438                app_usbd_core_inst
 .rodata.evt_data.9552
                0x0000000000006448        0x1 Output/usbd_audio_pca10056 Release/Obj/app_usbd_core.o
 .rodata.m_configuration_dsc
                0x0000000000006449        0x9 Output/usbd_audio_pca10056 Release/Obj/app_usbd_core.o
 *fill*         0x0000000000006452        0x2 
 .rodata.m_core_methods
                0x0000000000006454       0x14 Output/usbd_audio_pca10056 Release/Obj/app_usbd_core.o
 .rodata.m_device_dsc
                0x0000000000006468       0x12 Output/usbd_audio_pca10056 Release/Obj/app_usbd_core.o
 *fill*         0x000000000000647a        0x2 
 .rodata.m_setup_data_handler_empty_desc
                0x000000000000647c        0x8 Output/usbd_audio_pca10056 Release/Obj/app_usbd_core.o
 .rodata.str1.1
                0x0000000000006484        0xe Output/usbd_audio_pca10056 Release/Obj/app_usbd_core.o
 *fill*         0x0000000000006492        0x2 
 .rodata.usbd_descriptor_feeder_desc
                0x0000000000006494        0x8 Output/usbd_audio_pca10056 Release/Obj/app_usbd_core.o
 .rodata.__compound_literal.1
                0x000000000000649c        0x6 Output/usbd_audio_pca10056 Release/Obj/app_usbd_string_desc.o
 .rodata.__compound_literal.2
                0x00000000000064a2       0x15 Output/usbd_audio_pca10056 Release/Obj/app_usbd_string_desc.o
 .rodata.__compound_literal.3
                0x00000000000064b7       0x15 Output/usbd_audio_pca10056 Release/Obj/app_usbd_string_desc.o
 .rodata.__compound_literal.4
                0x00000000000064cc        0xd Output/usbd_audio_pca10056 Release/Obj/app_usbd_string_desc.o
 .rodata.__compound_literal.5
                0x00000000000064d9       0x16 Output/usbd_audio_pca10056 Release/Obj/app_usbd_string_desc.o
 .rodata.__compound_literal.6
                0x00000000000064ef        0x7 Output/usbd_audio_pca10056 Release/Obj/app_usbd_string_desc.o
 *fill*         0x00000000000064f6        0x2 
 .rodata.m_string_dsc
                0x00000000000064f8       0x18 Output/usbd_audio_pca10056 Release/Obj/app_usbd_string_desc.o
 .rodata.m_string_translation
                0x0000000000006510        0x6 Output/usbd_audio_pca10056 Release/Obj/app_usbd_string_desc.o
 .rodata.HardFault_c_handler.str1.1
                0x0000000000006516      0x12e Output/usbd_audio_pca10056 Release/Obj/hardfault_implementation.o
 .rodata.cfsr_msgs.8351
                0x0000000000006644       0x68 Output/usbd_audio_pca10056 Release/Obj/hardfault_implementation.o
 .rodata.str1.1
                0x00000000000066ac      0x4c0 Output/usbd_audio_pca10056 Release/Obj/hardfault_implementation.o
 .rodata._aV2C.7753
                0x0000000000006b6c       0x10 Output/usbd_audio_pca10056 Release/Obj/nrf_fprintf_format.o
 .rodata.str1.1
                0x0000000000006b7c        0x6 Output/usbd_audio_pca10056 Release/Obj/nrf_drv_clock.o
 .rodata.m_drv_power_config_default
                0x0000000000006b82        0x1 Output/usbd_audio_pca10056 Release/Obj/nrf_drv_power.o
 .rodata.str1.1
                0x0000000000006b83        0x6 Output/usbd_audio_pca10056 Release/Obj/nrfx_clock.o
 .rodata.str1.1
                0x0000000000006b89        0x7 Output/usbd_audio_pca10056 Release/Obj/nrfx_gpiote.o
 .rodata.str1.1
                0x0000000000006b90        0x4 Output/usbd_audio_pca10056 Release/Obj/nrfx_prs.o
 .rodata.str1.1
                0x0000000000006b94        0x5 Output/usbd_audio_pca10056 Release/Obj/nrfx_uart.o
 .rodata.str1.1
                0x0000000000006b99        0x6 Output/usbd_audio_pca10056 Release/Obj/nrfx_uarte.o
 .rodata.epin_bitpos.8904
                0x0000000000006b9f        0x9 Output/usbd_audio_pca10056 Release/Obj/nrfx_usbd.o
 .rodata.epin_endev.8899
                0x0000000000006ba8       0x12 Output/usbd_audio_pca10056 Release/Obj/nrfx_usbd.o
 .rodata.epout_bitpos.8905
                0x0000000000006bba        0x9 Output/usbd_audio_pca10056 Release/Obj/nrfx_usbd.o
 *fill*         0x0000000000006bc3        0x1 
 .rodata.epout_endev.8900
                0x0000000000006bc4       0x12 Output/usbd_audio_pca10056 Release/Obj/nrfx_usbd.o
 *fill*         0x0000000000006bd6        0x2 
 .rodata.m_isr  0x0000000000006bd8       0x64 Output/usbd_audio_pca10056 Release/Obj/nrfx_usbd.o
 .rodata.str1.1
                0x0000000000006c3c        0x5 Output/usbd_audio_pca10056 Release/Obj/nrfx_usbd.o
 .rodata.hp_sof_ev_handler.str1.1
                0x0000000000006c41       0x2a Output/usbd_audio_pca10056 Release/Obj/main.o
 *fill*         0x0000000000006c6b        0x1 
 .rodata.m_app_audio_headphone
                0x0000000000006c6c       0x2c Output/usbd_audio_pca10056 Release/Obj/main.o
                0x0000000000006c6c                m_app_audio_headphone
 .rodata.m_app_audio_microphone
                0x0000000000006c98       0x2c Output/usbd_audio_pca10056 Release/Obj/main.o
                0x0000000000006c98                m_app_audio_microphone
 .rodata.m_hp_fea_desc
                0x0000000000006cc4        0xc Output/usbd_audio_pca10056 Release/Obj/main.o
 .rodata.m_hp_fea_desc_data
                0x0000000000006cd0        0xd Output/usbd_audio_pca10056 Release/Obj/main.o
 *fill*         0x0000000000006cdd        0x3 
 .rodata.m_hp_form_desc
                0x0000000000006ce0        0xc Output/usbd_audio_pca10056 Release/Obj/main.o
 .rodata.m_hp_form_desc_data
                0x0000000000006cec        0xb Output/usbd_audio_pca10056 Release/Obj/main.o
 *fill*         0x0000000000006cf7        0x1 
 .rodata.m_hp_inp_desc
                0x0000000000006cf8        0xc Output/usbd_audio_pca10056 Release/Obj/main.o
 .rodata.m_hp_inp_desc_data
                0x0000000000006d04        0xc Output/usbd_audio_pca10056 Release/Obj/main.o
 .rodata.m_hp_out_desc
                0x0000000000006d10        0xc Output/usbd_audio_pca10056 Release/Obj/main.o
 .rodata.m_hp_out_desc_data
                0x0000000000006d1c        0x9 Output/usbd_audio_pca10056 Release/Obj/main.o
 *fill*         0x0000000000006d25        0x3 
 .rodata.m_mic_fea_desc
                0x0000000000006d28        0xc Output/usbd_audio_pca10056 Release/Obj/main.o
 .rodata.m_mic_fea_desc_data
                0x0000000000006d34        0xd Output/usbd_audio_pca10056 Release/Obj/main.o
 *fill*         0x0000000000006d41        0x3 
 .rodata.m_mic_form_desc
                0x0000000000006d44        0xc Output/usbd_audio_pca10056 Release/Obj/main.o
 .rodata.m_mic_form_desc_data
                0x0000000000006d50        0xb Output/usbd_audio_pca10056 Release/Obj/main.o
 *fill*         0x0000000000006d5b        0x1 
 .rodata.m_mic_inp_desc
                0x0000000000006d5c        0xc Output/usbd_audio_pca10056 Release/Obj/main.o
 .rodata.m_mic_inp_desc_data
                0x0000000000006d68        0xc Output/usbd_audio_pca10056 Release/Obj/main.o
 .rodata.m_mic_out_desc
                0x0000000000006d74        0xc Output/usbd_audio_pca10056 Release/Obj/main.o
 .rodata.m_mic_out_desc_data
                0x0000000000006d80        0x9 Output/usbd_audio_pca10056 Release/Obj/main.o
 .rodata.main.str1.1
                0x0000000000006d89       0x1c Output/usbd_audio_pca10056 Release/Obj/main.o
 *fill*         0x0000000000006da5        0x3 
 .rodata.usbd_config.11197
                0x0000000000006da8        0xc Output/usbd_audio_pca10056 Release/Obj/main.o
 .rodata.usbd_user_ev_handler.str1.1
                0x0000000000006db4       0x2f Output/usbd_audio_pca10056 Release/Obj/main.o
 .rodata._DoInit.str1.1
                0x0000000000006de3       0x14 Output/usbd_audio_pca10056 Release/Obj/SEGGER_RTT.o
 *fill*         0x0000000000006df7        0x1 
 .rodata.libc.__RAL_ascii_ctype_map
                0x0000000000006df8       0x80 C:/Program Files/SEGGER/SEGGER Embedded Studio for ARM 4.22/lib/libc_v7em_fpv4_sp_d16_hard_t_le_eabi.a(libc2.o)
                0x0000000000006df8                __RAL_ascii_ctype_map
 .rodata.libc.__RAL_ascii_ctype_mask
                0x0000000000006e78        0xd C:/Program Files/SEGGER/SEGGER Embedded Studio for ARM 4.22/lib/libc_v7em_fpv4_sp_d16_hard_t_le_eabi.a(libc2.o)
 *fill*         0x0000000000006e85        0x3 
 .rodata.libc.__RAL_c_locale
                0x0000000000006e88        0xc C:/Program Files/SEGGER/SEGGER Embedded Studio for ARM 4.22/lib/libc_v7em_fpv4_sp_d16_hard_t_le_eabi.a(libc2.o)
                0x0000000000006e88                __RAL_c_locale
 .rodata.libc.__RAL_c_locale_abbrev_day_names
                0x0000000000006e94       0x1d C:/Program Files/SEGGER/SEGGER Embedded Studio for ARM 4.22/lib/libc_v7em_fpv4_sp_d16_hard_t_le_eabi.a(libc2.o)
                0x0000000000006e94                __RAL_c_locale_abbrev_day_names
 *fill*         0x0000000000006eb1        0x3 
 .rodata.libc.__RAL_c_locale_abbrev_month_names
                0x0000000000006eb4       0x31 C:/Program Files/SEGGER/SEGGER Embedded Studio for ARM 4.22/lib/libc_v7em_fpv4_sp_d16_hard_t_le_eabi.a(libc2.o)
                0x0000000000006eb4                __RAL_c_locale_abbrev_month_names
 *fill*         0x0000000000006ee5        0x3 
 .rodata.libc.__RAL_c_locale_am_pm_indicator
                0x0000000000006ee8        0x7 C:/Program Files/SEGGER/SEGGER Embedded Studio for ARM 4.22/lib/libc_v7em_fpv4_sp_d16_hard_t_le_eabi.a(libc2.o)
                0x0000000000006ee8                __RAL_c_locale_am_pm_indicator
 *fill*         0x0000000000006eef        0x1 
 .rodata.libc.__RAL_c_locale_data
                0x0000000000006ef0       0x58 C:/Program Files/SEGGER/SEGGER Embedded Studio for ARM 4.22/lib/libc_v7em_fpv4_sp_d16_hard_t_le_eabi.a(libc2.o)
                0x0000000000006ef0                __RAL_c_locale_data
 .rodata.libc.__RAL_c_locale_date_format
                0x0000000000006f48        0x9 C:/Program Files/SEGGER/SEGGER Embedded Studio for ARM 4.22/lib/libc_v7em_fpv4_sp_d16_hard_t_le_eabi.a(libc2.o)
                0x0000000000006f48                __RAL_c_locale_date_format
 *fill*         0x0000000000006f51        0x3 
 .rodata.libc.__RAL_c_locale_date_time_format
                0x0000000000006f54        0xf C:/Program Files/SEGGER/SEGGER Embedded Studio for ARM 4.22/lib/libc_v7em_fpv4_sp_d16_hard_t_le_eabi.a(libc2.o)
                0x0000000000006f54                __RAL_c_locale_date_time_format
 *fill*         0x0000000000006f63        0x1 
 .rodata.libc.__RAL_c_locale_day_names
                0x0000000000006f64       0x3a C:/Program Files/SEGGER/SEGGER Embedded Studio for ARM 4.22/lib/libc_v7em_fpv4_sp_d16_hard_t_le_eabi.a(libc2.o)
                0x0000000000006f64                __RAL_c_locale_day_names
 *fill*         0x0000000000006f9e        0x2 
 .rodata.libc.__RAL_c_locale_month_names
                0x0000000000006fa0       0x57 C:/Program Files/SEGGER/SEGGER Embedded Studio for ARM 4.22/lib/libc_v7em_fpv4_sp_d16_hard_t_le_eabi.a(libc2.o)
                0x0000000000006fa0                __RAL_c_locale_month_names
 *fill*         0x0000000000006ff7        0x1 
 .rodata.libc.__RAL_c_locale_time_format
                0x0000000000006ff8        0x9 C:/Program Files/SEGGER/SEGGER Embedded Studio for ARM 4.22/lib/libc_v7em_fpv4_sp_d16_hard_t_le_eabi.a(libc2.o)
                0x0000000000006ff8                __RAL_c_locale_time_format
 *fill*         0x0000000000007001        0x3 
 .rodata.libc.__RAL_codeset_ascii
                0x0000000000007004       0x20 C:/Program Files/SEGGER/SEGGER Embedded Studio for ARM 4.22/lib/libc_v7em_fpv4_sp_d16_hard_t_le_eabi.a(libc2.o)
                0x0000000000007004                __RAL_codeset_ascii
 .rodata.libc.__RAL_data_empty_string
                0x0000000000007024        0x1 C:/Program Files/SEGGER/SEGGER Embedded Studio for ARM 4.22/lib/libc_v7em_fpv4_sp_d16_hard_t_le_eabi.a(libc2.o)
                0x0000000000007024                __RAL_data_empty_string
 *fill*         0x0000000000007025        0x3 
 .rodata.libc.__RAL_data_utf8_period
                0x0000000000007028        0x2 C:/Program Files/SEGGER/SEGGER Embedded Studio for ARM 4.22/lib/libc_v7em_fpv4_sp_d16_hard_t_le_eabi.a(libc2.o)
                0x0000000000007028                __RAL_data_utf8_period
 *fill*         0x000000000000702a        0x2 
 .rodata.libc.__RAL_find_locale.str1.4
                0x000000000000702c        0xc C:/Program Files/SEGGER/SEGGER Embedded Studio for ARM 4.22/lib/libc_v7em_fpv4_sp_d16_hard_t_le_eabi.a(libc2.o)
                                          0xa (size before relaxing)
                0x0000000000007038                __rodata_end__ = (__rodata_start__ + SIZEOF (.rodata))
                0x0000000000000dbc                __rodata_size__ = SIZEOF (.rodata)
                0x0000000000007038                __rodata_load_end__ = __rodata_end__

.rel.dyn        0x0000000000007038        0x0
 .rel.iplt      0x0000000000007038        0x0 Output/usbd_audio_pca10056 Release/Obj/thumb_crt0.o